Archive member included to satisfy reference by file (symbol)

c:/programs/nxp/s32ds_arm_v2.2/s32ds/build_tools/gcc_v6.3/gcc-6.3-arm32-eabi/bin/../lib/gcc/arm-none-eabi/6.3.1/thumb/v7e-m/fpv4-sp/hard\libgcc.a(_aeabi_uldivmod.o)
                              ./SDK/rtos/osif/osif_freertos.o (__aeabi_uldivmod)
c:/programs/nxp/s32ds_arm_v2.2/s32ds/build_tools/gcc_v6.3/gcc-6.3-arm32-eabi/bin/../lib/gcc/arm-none-eabi/6.3.1/thumb/v7e-m/fpv4-sp/hard\libgcc.a(_udivmoddi4.o)
                              c:/programs/nxp/s32ds_arm_v2.2/s32ds/build_tools/gcc_v6.3/gcc-6.3-arm32-eabi/bin/../lib/gcc/arm-none-eabi/6.3.1/thumb/v7e-m/fpv4-sp/hard\libgcc.a(_aeabi_uldivmod.o) (__udivmoddi4)
c:/programs/nxp/s32ds_arm_v2.2/s32ds/build_tools/gcc_v6.3/gcc-6.3-arm32-eabi/bin/../lib/gcc/arm-none-eabi/6.3.1/thumb/v7e-m/fpv4-sp/hard\libgcc.a(_dvmd_tls.o)
                              c:/programs/nxp/s32ds_arm_v2.2/s32ds/build_tools/gcc_v6.3/gcc-6.3-arm32-eabi/bin/../lib/gcc/arm-none-eabi/6.3.1/thumb/v7e-m/fpv4-sp/hard\libgcc.a(_aeabi_uldivmod.o) (__aeabi_ldiv0)
C:/Programs/NXP/S32DS_ARM_v2.2/S32DS/build_tools/gcc_v6.3/gcc-6.3-arm32-eabi/arm-none-eabi/newlib/lib/thumb/v7e-m/fpv4-sp/hard\libc_nano.a(lib_a-exit.o)
                              C:/Programs/NXP/S32DS_ARM_v2.2/S32DS/build_tools/gcc_v6.3/gcc-6.3-arm32-eabi/arm-none-eabi/newlib/lib/thumb/v7e-m/fpv4-sp/hard/crt0.o (exit)
C:/Programs/NXP/S32DS_ARM_v2.2/S32DS/build_tools/gcc_v6.3/gcc-6.3-arm32-eabi/arm-none-eabi/newlib/lib/thumb/v7e-m/fpv4-sp/hard\libc_nano.a(lib_a-impure.o)
                              C:/Programs/NXP/S32DS_ARM_v2.2/S32DS/build_tools/gcc_v6.3/gcc-6.3-arm32-eabi/arm-none-eabi/newlib/lib/thumb/v7e-m/fpv4-sp/hard\libc_nano.a(lib_a-exit.o) (_global_impure_ptr)
C:/Programs/NXP/S32DS_ARM_v2.2/S32DS/build_tools/gcc_v6.3/gcc-6.3-arm32-eabi/arm-none-eabi/newlib/lib/thumb/v7e-m/fpv4-sp/hard\libc_nano.a(lib_a-init.o)
                              C:/Programs/NXP/S32DS_ARM_v2.2/S32DS/build_tools/gcc_v6.3/gcc-6.3-arm32-eabi/arm-none-eabi/newlib/lib/thumb/v7e-m/fpv4-sp/hard/crt0.o (__libc_init_array)
C:/Programs/NXP/S32DS_ARM_v2.2/S32DS/build_tools/gcc_v6.3/gcc-6.3-arm32-eabi/arm-none-eabi/newlib/lib/thumb/v7e-m/fpv4-sp/hard\libc_nano.a(lib_a-memcpy-stub.o)
                              ./SDK/rtos/FreeRTOS_S32K/Source/queue.o (memcpy)
C:/Programs/NXP/S32DS_ARM_v2.2/S32DS/build_tools/gcc_v6.3/gcc-6.3-arm32-eabi/arm-none-eabi/newlib/lib/thumb/v7e-m/fpv4-sp/hard\libc_nano.a(lib_a-memset.o)
                              C:/Programs/NXP/S32DS_ARM_v2.2/S32DS/build_tools/gcc_v6.3/gcc-6.3-arm32-eabi/arm-none-eabi/newlib/lib/thumb/v7e-m/fpv4-sp/hard/crt0.o (memset)
C:/Programs/NXP/S32DS_ARM_v2.2/S32DS/build_tools/gcc_v6.3/gcc-6.3-arm32-eabi/arm-none-eabi/newlib/lib/thumb/v7e-m/fpv4-sp/hard\libc_nano.a(lib_a-puts.o)
                              ./Sources/task_SPI_master.o (puts)
C:/Programs/NXP/S32DS_ARM_v2.2/S32DS/build_tools/gcc_v6.3/gcc-6.3-arm32-eabi/arm-none-eabi/newlib/lib/thumb/v7e-m/fpv4-sp/hard\libc_nano.a(lib_a-strlen.o)
                              ./SDK/rtos/FreeRTOS_S32K/Source/tasks.o (strlen)
C:/Programs/NXP/S32DS_ARM_v2.2/S32DS/build_tools/gcc_v6.3/gcc-6.3-arm32-eabi/arm-none-eabi/newlib/lib/thumb/v7e-m/fpv4-sp/hard\libc_nano.a(lib_a-wbuf.o)
                              C:/Programs/NXP/S32DS_ARM_v2.2/S32DS/build_tools/gcc_v6.3/gcc-6.3-arm32-eabi/arm-none-eabi/newlib/lib/thumb/v7e-m/fpv4-sp/hard\libc_nano.a(lib_a-puts.o) (__swbuf_r)
C:/Programs/NXP/S32DS_ARM_v2.2/S32DS/build_tools/gcc_v6.3/gcc-6.3-arm32-eabi/arm-none-eabi/newlib/lib/thumb/v7e-m/fpv4-sp/hard\libc_nano.a(lib_a-wsetup.o)
                              C:/Programs/NXP/S32DS_ARM_v2.2/S32DS/build_tools/gcc_v6.3/gcc-6.3-arm32-eabi/arm-none-eabi/newlib/lib/thumb/v7e-m/fpv4-sp/hard\libc_nano.a(lib_a-puts.o) (__swsetup_r)
C:/Programs/NXP/S32DS_ARM_v2.2/S32DS/build_tools/gcc_v6.3/gcc-6.3-arm32-eabi/arm-none-eabi/newlib/lib/thumb/v7e-m/fpv4-sp/hard\libc_nano.a(lib_a-fflush.o)
                              C:/Programs/NXP/S32DS_ARM_v2.2/S32DS/build_tools/gcc_v6.3/gcc-6.3-arm32-eabi/arm-none-eabi/newlib/lib/thumb/v7e-m/fpv4-sp/hard\libc_nano.a(lib_a-wbuf.o) (_fflush_r)
C:/Programs/NXP/S32DS_ARM_v2.2/S32DS/build_tools/gcc_v6.3/gcc-6.3-arm32-eabi/arm-none-eabi/newlib/lib/thumb/v7e-m/fpv4-sp/hard\libc_nano.a(lib_a-findfp.o)
                              C:/Programs/NXP/S32DS_ARM_v2.2/S32DS/build_tools/gcc_v6.3/gcc-6.3-arm32-eabi/arm-none-eabi/newlib/lib/thumb/v7e-m/fpv4-sp/hard\libc_nano.a(lib_a-puts.o) (__sinit)
C:/Programs/NXP/S32DS_ARM_v2.2/S32DS/build_tools/gcc_v6.3/gcc-6.3-arm32-eabi/arm-none-eabi/newlib/lib/thumb/v7e-m/fpv4-sp/hard\libc_nano.a(lib_a-fwalk.o)
                              C:/Programs/NXP/S32DS_ARM_v2.2/S32DS/build_tools/gcc_v6.3/gcc-6.3-arm32-eabi/arm-none-eabi/newlib/lib/thumb/v7e-m/fpv4-sp/hard\libc_nano.a(lib_a-fflush.o) (_fwalk_reent)
C:/Programs/NXP/S32DS_ARM_v2.2/S32DS/build_tools/gcc_v6.3/gcc-6.3-arm32-eabi/arm-none-eabi/newlib/lib/thumb/v7e-m/fpv4-sp/hard\libc_nano.a(lib_a-makebuf.o)
[...]
Memory Configuration

Name             Origin             Length             Attributes
m_interrupts     0x00000000         0x00000400         xr
m_flash_config   0x00000400         0x00000010         xr
m_text           0x00000410         0x0007fbf0         xr
m_data           0x1fff8000         0x00008000         rw
m_data_2         0x20000000         0x00007000         rw
*default*        0x00000000         0xffffffff

Linker script and memory map

LOAD c:/programs/nxp/s32ds_arm_v2.2/s32ds/build_tools/gcc_v6.3/gcc-6.3-arm32-eabi/bin/../lib/gcc/arm-none-eabi/6.3.1/thumb/v7e-m/fpv4-sp/hard/crti.o
LOAD c:/programs/nxp/s32ds_arm_v2.2/s32ds/build_tools/gcc_v6.3/gcc-6.3-arm32-eabi/bin/../lib/gcc/arm-none-eabi/6.3.1/thumb/v7e-m/fpv4-sp/hard/crtbegin.o
LOAD C:/Programs/NXP/S32DS_ARM_v2.2/S32DS/build_tools/gcc_v6.3/gcc-6.3-arm32-eabi/arm-none-eabi/newlib/lib/thumb/v7e-m/fpv4-sp/hard/crt0.o
LOAD ./Generated_Code/Cpu.o
LOAD ./Generated_Code/Receive.o
LOAD ./Generated_Code/Send.o
LOAD ./Generated_Code/TerminalDebug.o
LOAD ./Generated_Code/clockMan1.o
LOAD ./Generated_Code/dmaController1.o
LOAD ./Generated_Code/pin_mux.o
LOAD ./Project_Settings/Startup_Code/startup_S32K144.o
LOAD ./SDK/platform/devices/S32K144/startup/system_S32K144.o
LOAD ./SDK/platform/devices/startup.o
LOAD ./SDK/platform/drivers/src/clock/S32K1xx/clock_S32K1xx.o
LOAD ./SDK/platform/drivers/src/edma/edma_driver.o
LOAD ./SDK/platform/drivers/src/edma/edma_hw_access.o
LOAD ./SDK/platform/drivers/src/edma/edma_irq.o
LOAD ./SDK/platform/drivers/src/interrupt/interrupt_manager.o
LOAD ./SDK/platform/drivers/src/lpspi/lpspi_hw_access.o
LOAD ./SDK/platform/drivers/src/lpspi/lpspi_irq.o
LOAD ./SDK/platform/drivers/src/lpspi/lpspi_master_driver.o
LOAD ./SDK/platform/drivers/src/lpspi/lpspi_shared_function.o
LOAD ./SDK/platform/drivers/src/lpspi/lpspi_slave_driver.o
LOAD ./SDK/platform/drivers/src/lpuart/lpuart_driver.o
LOAD ./SDK/platform/drivers/src/lpuart/lpuart_hw_access.o
LOAD ./SDK/platform/drivers/src/lpuart/lpuart_irq.o
LOAD ./SDK/platform/drivers/src/pins/pins_driver.o
LOAD ./SDK/platform/drivers/src/pins/pins_port_hw_access.o
LOAD ./SDK/rtos/FreeRTOS_S32K/Source/croutine.o
LOAD ./SDK/rtos/FreeRTOS_S32K/Source/event_groups.o
LOAD ./SDK/rtos/FreeRTOS_S32K/Source/list.o
LOAD ./SDK/rtos/FreeRTOS_S32K/Source/queue.o
LOAD ./SDK/rtos/FreeRTOS_S32K/Source/stream_buffer.o
LOAD ./SDK/rtos/FreeRTOS_S32K/Source/tasks.o
LOAD ./SDK/rtos/FreeRTOS_S32K/Source/timers.o
LOAD ./SDK/rtos/FreeRTOS_S32K/Source/portable/GCC/ARM_CM4F/port.o
LOAD ./SDK/rtos/FreeRTOS_S32K/Source/portable/MemMang/heap_2.o
LOAD ./SDK/rtos/osif/osif_freertos.o
LOAD ./Sources/init.o
LOAD ./Sources/main.o
LOAD ./Sources/rtos.o
LOAD ./Sources/task_SPI_master.o
LOAD ./Sources/task_SPI_slave.o
LOAD ./Sources/util.o
START GROUP
LOAD c:/programs/nxp/s32ds_arm_v2.2/s32ds/build_tools/gcc_v6.3/gcc-6.3-arm32-eabi/bin/../lib/gcc/arm-none-eabi/6.3.1/thumb/v7e-m/fpv4-sp/hard\libgcc.a
LOAD C:/Programs/NXP/S32DS_ARM_v2.2/S32DS/build_tools/gcc_v6.3/gcc-6.3-arm32-eabi/arm-none-eabi/newlib/lib/thumb/v7e-m/fpv4-sp/hard\libc_nano.a
END GROUP
START GROUP
LOAD c:/programs/nxp/s32ds_arm_v2.2/s32ds/build_tools/gcc_v6.3/gcc-6.3-arm32-eabi/bin/../lib/gcc/arm-none-eabi/6.3.1/thumb/v7e-m/fpv4-sp/hard\libgcc.a
LOAD C:/Programs/NXP/S32DS_ARM_v2.2/S32DS/build_tools/gcc_v6.3/gcc-6.3-arm32-eabi/arm-none-eabi/newlib/lib/thumb/v7e-m/fpv4-sp/hard\libc_nano.a
LOAD C:/Programs/NXP/S32DS_ARM_v2.2/S32DS/build_tools/gcc_v6.3/gcc-6.3-arm32-eabi/arm-none-eabi/newlib/lib/thumb/v7e-m/fpv4-sp/hard\libnosys.a
END GROUP
START GROUP
LOAD c:/programs/nxp/s32ds_arm_v2.2/s32ds/build_tools/gcc_v6.3/gcc-6.3-arm32-eabi/bin/../lib/gcc/arm-none-eabi/6.3.1/thumb/v7e-m/fpv4-sp/hard\libgcc.a
LOAD C:/Programs/NXP/S32DS_ARM_v2.2/S32DS/build_tools/gcc_v6.3/gcc-6.3-arm32-eabi/arm-none-eabi/newlib/lib/thumb/v7e-m/fpv4-sp/hard\libc_nano.a
LOAD C:/Programs/NXP/S32DS_ARM_v2.2/S32DS/build_tools/gcc_v6.3/gcc-6.3-arm32-eabi/arm-none-eabi/newlib/lib/thumb/v7e-m/fpv4-sp/hard\libnosys.a
END GROUP
LOAD c:/programs/nxp/s32ds_arm_v2.2/s32ds/build_tools/gcc_v6.3/gcc-6.3-arm32-eabi/bin/../lib/gcc/arm-none-eabi/6.3.1/thumb/v7e-m/fpv4-sp/hard/crtend.o
LOAD c:/programs/nxp/s32ds_arm_v2.2/s32ds/build_tools/gcc_v6.3/gcc-6.3-arm32-eabi/bin/../lib/gcc/arm-none-eabi/6.3.1/thumb/v7e-m/fpv4-sp/hard/crtn.o
                0x00000400                HEAP_SIZE = DEFINED (__heap_size__)?__heap_size__:0x400
                0x00000400                STACK_SIZE = DEFINED (__stack_size__)?__stack_size__:0x400
                0x00000400                M_VECTOR_RAM_SIZE = DEFINED (__flash_vector_table__)?0x0:0x400

.interrupts     0x00000000      0x400
                0x00000000                __VECTOR_TABLE = .
                0x00000000                __interrupts_start__ = .
                0x00000000                . = ALIGN (0x4)
 *(.isr_vector)
 .isr_vector    0x00000000      0x400 ./Project_Settings/Startup_Code/startup_S32K144.o
                0x00000000                __isr_vector
                0x00000400                __interrupts_end__ = .
                0x00000400                . = ALIGN (0x4)

.flash_config   0x00000400       0x10
                0x00000400                . = ALIGN (0x4)
 *(.FlashConfig)
 .FlashConfig   0x00000400       0x10 ./Project_Settings/Startup_Code/startup_S32K144.o
                0x00000410                . = ALIGN (0x4)

.text           0x00000410     0x54b8
                0x00000410                . = ALIGN (0x4)
 *(.text)
 .text          0x00000410       0x6c ./Project_Settings/Startup_Code/startup_S32K144.o
                0x00000410                Reset_Handler
                0x00000478                DebugMon_Handler
                0x00000478                Reserved88_IRQHandler
                0x00000478                CAN0_ORed_IRQHandler
                0x00000478                HardFault_Handler
                0x00000478                Reserved86_IRQHandler
                0x00000478                Reserved103_IRQHandler
                0x00000478                FTM2_Ovf_Reload_IRQHandler
                0x00000478                Reserved50_IRQHandler
                0x00000478                FTFC_Fault_IRQHandler
                0x00000478                FTM0_Ch6_Ch7_IRQHandler
                0x00000478                Reserved114_IRQHandler
                0x00000478                NMI_Handler
                0x00000478                Reserved89_IRQHandler
                0x00000478                ERM_double_fault_IRQHandler
                0x00000478                Reserved59_IRQHandler
                0x00000478                LPIT0_Ch0_IRQHandler
                0x00000478                Reserved99_IRQHandler
                0x00000478                FTM3_Ch6_Ch7_IRQHandler
                0x00000478                CAN2_ORed_0_15_MB_IRQHandler
                0x00000478                LPIT0_Ch3_IRQHandler
                0x00000478                Reserved92_IRQHandler
                0x00000478                FTM0_Ch4_Ch5_IRQHandler
                0x00000478                CAN1_Error_IRQHandler
                0x00000478                FTM3_Ch0_Ch1_IRQHandler
                0x00000478                SWI_IRQHandler
                0x00000478                ADC0_IRQHandler
                0x00000478                FTM2_Ch4_Ch5_IRQHandler
                0x00000478                UsageFault_Handler
                0x00000478                FTM0_Ovf_Reload_IRQHandler
                0x00000478                DefaultISR
                0x00000478                Reserved58_IRQHandler
                0x00000478                CAN1_ORed_0_15_MB_IRQHandler
                0x00000478                FTM1_Ch2_Ch3_IRQHandler
                0x00000478                Reserved82_IRQHandler
                0x00000478                CAN0_ORed_16_31_MB_IRQHandler
                0x00000478                LPI2C0_Slave_IRQHandler
                0x00000478                Reserved71_IRQHandler
                0x00000478                PORTD_IRQHandler
                0x00000478                Reserved69_IRQHandler
                0x00000478                PORTB_IRQHandler
                0x00000478                Reserved70_IRQHandler
                0x00000478                ADC1_IRQHandler
                0x00000478                FTM2_Ch2_Ch3_IRQHandler
                0x00000478                Reserved53_IRQHandler
                0x00000478                RTC_IRQHandler
                0x00000478                PDB0_IRQHandler
                0x00000478                Reserved54_IRQHandler
                0x00000478                FTM2_Ch6_Ch7_IRQHandler
                0x00000478                FTM3_Ch2_Ch3_IRQHandler
                0x00000478                FTM2_Ch0_Ch1_IRQHandler
                0x00000478                LPUART1_RxTx_IRQHandler
                0x00000478                RTC_Seconds_IRQHandler
                0x00000478                CAN2_ORed_IRQHandler
                0x00000478                Reserved72_IRQHandler
                0x00000478                Reserved110_IRQHandler
                0x00000478                Reserved107_IRQHandler
                0x00000478                Read_Collision_IRQHandler
                0x00000478                CAN2_Error_IRQHandler
                0x00000478                FTFC_IRQHandler
                0x00000478                FTM1_Ch6_Ch7_IRQHandler
                0x00000478                Reserved105_IRQHandler
                0x00000478                LPIT0_Ch1_IRQHandler
                0x00000478                FTM1_Ch4_Ch5_IRQHandler
                0x00000478                FTM3_Ovf_Reload_IRQHandler
                0x00000478                LPUART2_RxTx_IRQHandler
                0x00000478                WDOG_EWM_IRQHandler
                0x00000478                MemManage_Handler
                0x00000478                Reserved90_IRQHandler
                0x00000478                Reserved83_IRQHandler
                0x00000478                FTM0_Fault_IRQHandler
                0x00000478                Reserved48_IRQHandler
                0x00000478                ERM_single_fault_IRQHandler
                0x00000478                FTM2_Fault_IRQHandler
                0x00000478                FTM0_Ch2_Ch3_IRQHandler
                0x00000478                FTM0_Ch0_Ch1_IRQHandler
                0x00000478                FTM3_Fault_IRQHandler
                0x00000478                RCM_IRQHandler
                0x00000478                Reserved100_IRQHandler
                0x00000478                Reserved91_IRQHandler
                0x00000478                CAN1_ORed_IRQHandler
                0x00000478                SCG_IRQHandler
                0x00000478                PDB1_IRQHandler
                0x00000478                Reserved81_IRQHandler
                0x00000478                Reserved46_IRQHandler
                0x00000478                Reserved45_IRQHandler
                0x00000478                CAN0_Error_IRQHandler
                0x00000478                Reserved112_IRQHandler
                0x00000478                LPI2C0_Master_IRQHandler
                0x00000478                FTM1_Fault_IRQHandler
                0x00000478                Reserved106_IRQHandler
                0x00000478                LVD_LVW_IRQHandler
                0x00000478                LPIT0_Ch2_IRQHandler
                0x00000478                PORTA_IRQHandler
                0x00000478                MCM_IRQHandler
                0x00000478                FTM3_Ch4_Ch5_IRQHandler
                0x00000478                CAN0_ORed_0_15_MB_IRQHandler
                0x00000478                PORTE_IRQHandler
                0x00000478                LPUART0_RxTx_IRQHandler
                0x00000478                LPTMR0_IRQHandler
                0x00000478                BusFault_Handler
                0x00000478                Reserved87_IRQHandler
                0x00000478                FTM1_Ovf_Reload_IRQHandler
                0x00000478                Reserved93_IRQHandler
                0x00000478                CAN0_Wake_Up_IRQHandler
                0x00000478                CMP0_IRQHandler
                0x00000478                Reserved52_IRQHandler
                0x00000478                PORTC_IRQHandler
                0x00000478                FTM1_Ch0_Ch1_IRQHandler
                0x00000478                FLEXIO_IRQHandler
                0x00000478                Reserved113_IRQHandler
 *(.text*)
 .text.SystemInit
                0x0000047c       0x3c ./SDK/platform/devices/S32K144/startup/system_S32K144.o
                0x0000047c                SystemInit
 .text.init_data_bss
                0x000004b8       0xd8 ./SDK/platform/devices/startup.o
                0x000004b8                init_data_bss
 .text.CLOCK_SYS_GetCurrentRunMode
                0x00000590       0x24 ./SDK/platform/drivers/src/clock/S32K1xx/clock_S32K1xx.o
 .text.CLOCK_SYS_GetSysOscFreq
                0x000005b4       0x1c ./SDK/platform/drivers/src/clock/S32K1xx/clock_S32K1xx.o
 .text.CLOCK_SYS_ConfigureSOSC
                0x000005d0      0x12c ./SDK/platform/drivers/src/clock/S32K1xx/clock_S32K1xx.o
 .text.CLOCK_SYS_GetSircFreq
                0x000006fc       0x2c ./SDK/platform/drivers/src/clock/S32K1xx/clock_S32K1xx.o
 .text.CLOCK_SYS_ConfigureSIRC
                0x00000728       0xc4 ./SDK/platform/drivers/src/clock/S32K1xx/clock_S32K1xx.o
 .text.CLOCK_SYS_GetFircFreq
                0x000007ec       0x20 ./SDK/platform/drivers/src/clock/S32K1xx/clock_S32K1xx.o
 .text.CLOCK_SYS_ConfigureFIRC
                0x0000080c       0xb4 ./SDK/platform/drivers/src/clock/S32K1xx/clock_S32K1xx.o
 .text.CLOCK_SYS_GetSysPllFreq
                0x000008c0       0x44 ./SDK/platform/drivers/src/clock/S32K1xx/clock_S32K1xx.o
 .text.CLOCK_SYS_ConfigureSPLL
                0x00000904      0x12c ./SDK/platform/drivers/src/clock/S32K1xx/clock_S32K1xx.o
 .text.CLOCK_SYS_SetSystemClockConfig
                0x00000a30      0x204 ./SDK/platform/drivers/src/clock/S32K1xx/clock_S32K1xx.o
 .text.CLOCK_SYS_TransitionSystemClock
                0x00000c34       0x54 ./SDK/platform/drivers/src/clock/S32K1xx/clock_S32K1xx.o
 .text.CLOCK_DRV_Init
                0x00000c88      0x590 ./SDK/platform/drivers/src/clock/S32K1xx/clock_S32K1xx.o
                0x00000c88                CLOCK_DRV_Init
 .text.CLOCK_SYS_Init
                0x00001218       0x28 ./SDK/platform/drivers/src/clock/S32K1xx/clock_S32K1xx.o
                0x00001218                CLOCK_SYS_Init
 .text.CLOCK_SYS_UpdateConfiguration
                0x00001240       0xf4 ./SDK/platform/drivers/src/clock/S32K1xx/clock_S32K1xx.o
                0x00001240                CLOCK_SYS_UpdateConfiguration
 .text.EDMA_DRV_ClearIntStatus
                0x00001334       0x20 ./SDK/platform/drivers/src/edma/edma_driver.o
 .text.EDMA_DRV_InstallCallback
                0x00001354       0x30 ./SDK/platform/drivers/src/edma/edma_driver.o
                0x00001354                EDMA_DRV_InstallCallback
 .text.EDMA_DRV_IRQHandler
                0x00001384       0x20 ./SDK/platform/drivers/src/edma/edma_driver.o
                0x00001384                EDMA_DRV_IRQHandler
 .text.EDMA_DRV_ErrorIRQHandler
                0x000013a4       0x40 ./SDK/platform/drivers/src/edma/edma_driver.o
                0x000013a4                EDMA_DRV_ErrorIRQHandler
 .text.EDMA_DRV_ConfigSingleBlockTransfer
                0x000013e4      0x1d4 ./SDK/platform/drivers/src/edma/edma_driver.o
                0x000013e4                EDMA_DRV_ConfigSingleBlockTransfer
 .text.EDMA_DRV_ConfigMultiBlockTransfer
                0x000015b8       0x7c ./SDK/platform/drivers/src/edma/edma_driver.o
                0x000015b8                EDMA_DRV_ConfigMultiBlockTransfer
 .text.EDMA_DRV_StartChannel
                0x00001634       0x38 ./SDK/platform/drivers/src/edma/edma_driver.o
                0x00001634                EDMA_DRV_StartChannel
 .text.EDMA_DRV_SetSrcOffset
                0x0000166c       0x34 ./SDK/platform/drivers/src/edma/edma_driver.o
                0x0000166c                EDMA_DRV_SetSrcOffset
 .text.EDMA_DRV_SetDestOffset
                0x000016a0       0x38 ./SDK/platform/drivers/src/edma/edma_driver.o
                0x000016a0                EDMA_DRV_SetDestOffset
 .text.EDMA_DRV_GetChannelStatus
                0x000016d8       0x28 ./SDK/platform/drivers/src/edma/edma_driver.o
                0x000016d8                EDMA_DRV_GetChannelStatus
 .text.EDMA_DRV_GetDmaRegBaseAddr
                0x00001700       0x10 ./SDK/platform/drivers/src/edma/edma_driver.o
                0x00001700                EDMA_DRV_GetDmaRegBaseAddr
 .text.EDMA_SetDmaRequestCmd
                0x00001710        0xa ./SDK/platform/drivers/src/edma/edma_hw_access.o
                0x00001710                EDMA_SetDmaRequestCmd
 .text.EDMA_TCDClearReg
                0x0000171a       0x4a ./SDK/platform/drivers/src/edma/edma_hw_access.o
                0x0000171a                EDMA_TCDClearReg
 .text.EDMA_TCDSetAttribute
                0x00001764       0x38 ./SDK/platform/drivers/src/edma/edma_hw_access.o
                0x00001764                EDMA_TCDSetAttribute
 .text.EDMA_TCDSetNbytes
                0x0000179c       0x64 ./SDK/platform/drivers/src/edma/edma_hw_access.o
                0x0000179c                EDMA_TCDSetNbytes
 .text.EDMA_TCDSetMajorCount
                0x00001800       0x68 ./SDK/platform/drivers/src/edma/edma_hw_access.o
                0x00001800                EDMA_TCDSetMajorCount
 .text.DMA0_IRQHandler
                0x00001868        0xa ./SDK/platform/drivers/src/edma/edma_irq.o
                0x00001868                DMA0_IRQHandler
 .text.DMA1_IRQHandler
                0x00001872        0xa ./SDK/platform/drivers/src/edma/edma_irq.o
                0x00001872                DMA1_IRQHandler
 .text.DMA2_IRQHandler
                0x0000187c        0xa ./SDK/platform/drivers/src/edma/edma_irq.o
                0x0000187c                DMA2_IRQHandler
 .text.DMA3_IRQHandler
                0x00001886        0xa ./SDK/platform/drivers/src/edma/edma_irq.o
                0x00001886                DMA3_IRQHandler
 .text.DMA4_IRQHandler
                0x00001890        0xa ./SDK/platform/drivers/src/edma/edma_irq.o
                0x00001890                DMA4_IRQHandler
 .text.DMA5_IRQHandler
                0x0000189a        0xa ./SDK/platform/drivers/src/edma/edma_irq.o
                0x0000189a                DMA5_IRQHandler
 .text.DMA6_IRQHandler
                0x000018a4        0xa ./SDK/platform/drivers/src/edma/edma_irq.o
                0x000018a4                DMA6_IRQHandler
 .text.DMA7_IRQHandler
                0x000018ae        0xa ./SDK/platform/drivers/src/edma/edma_irq.o
                0x000018ae                DMA7_IRQHandler
 .text.DMA8_IRQHandler
                0x000018b8        0xa ./SDK/platform/drivers/src/edma/edma_irq.o
                0x000018b8                DMA8_IRQHandler
 .text.DMA9_IRQHandler
                0x000018c2        0xa ./SDK/platform/drivers/src/edma/edma_irq.o
                0x000018c2                DMA9_IRQHandler
 .text.DMA10_IRQHandler
                0x000018cc        0xa ./SDK/platform/drivers/src/edma/edma_irq.o
                0x000018cc                DMA10_IRQHandler
 .text.DMA11_IRQHandler
                0x000018d6        0xa ./SDK/platform/drivers/src/edma/edma_irq.o
                0x000018d6                DMA11_IRQHandler
 .text.DMA12_IRQHandler
                0x000018e0        0xa ./SDK/platform/drivers/src/edma/edma_irq.o
                0x000018e0                DMA12_IRQHandler
 .text.DMA13_IRQHandler
                0x000018ea        0xa ./SDK/platform/drivers/src/edma/edma_irq.o
                0x000018ea                DMA13_IRQHandler
 .text.DMA14_IRQHandler
                0x000018f4        0xa ./SDK/platform/drivers/src/edma/edma_irq.o
                0x000018f4                DMA14_IRQHandler
 .text.DMA15_IRQHandler
                0x000018fe        0xa ./SDK/platform/drivers/src/edma/edma_irq.o
                0x000018fe                DMA15_IRQHandler
 .text.DMA_Error_IRQHandler
                0x00001908       0x28 ./SDK/platform/drivers/src/edma/edma_irq.o
                0x00001908                DMA_Error_IRQHandler
 .text.INT_SYS_InstallHandler
                0x00001930       0x60 ./SDK/platform/drivers/src/interrupt/interrupt_manager.o
                0x00001930                INT_SYS_InstallHandler
 .text.INT_SYS_EnableIRQ
                0x00001990       0x28 ./SDK/platform/drivers/src/interrupt/interrupt_manager.o
                0x00001990                INT_SYS_EnableIRQ
 .text.INT_SYS_EnableIRQGlobal
                0x000019b8       0x1c ./SDK/platform/drivers/src/interrupt/interrupt_manager.o
                0x000019b8                INT_SYS_EnableIRQGlobal
 .text.INT_SYS_DisableIRQGlobal
                0x000019d4       0x10 ./SDK/platform/drivers/src/interrupt/interrupt_manager.o
                0x000019d4                INT_SYS_DisableIRQGlobal
 .text.INT_SYS_SetPriority
                0x000019e4       0x70 ./SDK/platform/drivers/src/interrupt/interrupt_manager.o
                0x000019e4                INT_SYS_SetPriority
 .text.LPSPI_Init
                0x00001a54        0xa ./SDK/platform/drivers/src/lpspi/lpspi_hw_access.o
                0x00001a54                LPSPI_Init
 .text.LPSPI_Disable
                0x00001a5e       0x18 ./SDK/platform/drivers/src/lpspi/lpspi_hw_access.o
                0x00001a5e                LPSPI_Disable
 .text.LPSPI_SetMasterSlaveMode
                0x00001a76        0xe ./SDK/platform/drivers/src/lpspi/lpspi_hw_access.o
                0x00001a76                LPSPI_SetMasterSlaveMode
 .text.LPSPI_SetFlushFifoCmd
                0x00001a84        0xe ./SDK/platform/drivers/src/lpspi/lpspi_hw_access.o
                0x00001a84                LPSPI_SetFlushFifoCmd
 .text.LPSPI_ClearStatusFlag
                0x00001a92       0x20 ./SDK/platform/drivers/src/lpspi/lpspi_hw_access.o
                0x00001a92                LPSPI_ClearStatusFlag
 .text.LPSPI_SetPcsPolarityMode
                0x00001ab2       0x1c ./SDK/platform/drivers/src/lpspi/lpspi_hw_access.o
                0x00001ab2                LPSPI_SetPcsPolarityMode
 .text.LPSPI_SetPinConfigMode
                0x00001ace       0x22 ./SDK/platform/drivers/src/lpspi/lpspi_hw_access.o
                0x00001ace                LPSPI_SetPinConfigMode
 .text.LPSPI_SetBaudRateDivisor
                0x00001af0       0x10 ./SDK/platform/drivers/src/lpspi/lpspi_hw_access.o
                0x00001af0                LPSPI_SetBaudRateDivisor
 .text.LPSPI_SetBaudRate
                0x00001b00      0x108 ./SDK/platform/drivers/src/lpspi/lpspi_hw_access.o
                0x00001b00                LPSPI_SetBaudRate
 .text.LPSPI_SetTxCommandReg
                0x00001c08       0x4a ./SDK/platform/drivers/src/lpspi/lpspi_hw_access.o
                0x00001c08                LPSPI_SetTxCommandReg
 .text.LPSPI0_IRQHandler
                0x00001c52        0xa ./SDK/platform/drivers/src/lpspi/lpspi_irq.o
                0x00001c52                LPSPI0_IRQHandler
 .text.LPSPI1_IRQHandler
                0x00001c5c        0xa ./SDK/platform/drivers/src/lpspi/lpspi_irq.o
                0x00001c5c                LPSPI1_IRQHandler
 .text.LPSPI2_IRQHandler
                0x00001c66        0xa ./SDK/platform/drivers/src/lpspi/lpspi_irq.o
                0x00001c66                LPSPI2_IRQHandler
 .text.LPSPI_DRV_MasterStartTransfer
                0x00001c70      0x1f4 ./SDK/platform/drivers/src/lpspi/lpspi_master_driver.o
 .text.LPSPI_DRV_MasterCompleteTransfer
                0x00001e64       0x78 ./SDK/platform/drivers/src/lpspi/lpspi_master_driver.o
 .text.LPSPI_DRV_MasterConfigureBus
                0x00001edc      0x12c ./SDK/platform/drivers/src/lpspi/lpspi_master_driver.o
                0x00001edc                LPSPI_DRV_MasterConfigureBus
 .text.LPSPI_DRV_MasterInit
                0x00002008       0x98 ./SDK/platform/drivers/src/lpspi/lpspi_master_driver.o
                0x00002008                LPSPI_DRV_MasterInit
 .text.LPSPI_DRV_MasterTransferBlocking
                0x000020a0       0xc8 ./SDK/platform/drivers/src/lpspi/lpspi_master_driver.o
                0x000020a0                LPSPI_DRV_MasterTransferBlocking
 .text.LPSPI_DRV_MasterAbortTransfer
                0x00002168       0x40 ./SDK/platform/drivers/src/lpspi/lpspi_master_driver.o
                0x00002168                LPSPI_DRV_MasterAbortTransfer
 .text.LPSPI_DRV_MasterCompleteDMATransfer
                0x000021a8       0x44 ./SDK/platform/drivers/src/lpspi/lpspi_master_driver.o
 .text.LPSPI_DRV_MasterCompleteRX
                0x000021ec       0x20 ./SDK/platform/drivers/src/lpspi/lpspi_master_driver.o
 .text.LPSPI_DRV_MasterIRQHandler
                0x0000220c       0xb4 ./SDK/platform/drivers/src/lpspi/lpspi_master_driver.o
                0x0000220c                LPSPI_DRV_MasterIRQHandler
 .text.LPSPI_DRV_IRQHandler
                0x000022c0       0x28 ./SDK/platform/drivers/src/lpspi/lpspi_shared_function.o
                0x000022c0                LPSPI_DRV_IRQHandler
 .text.LPSPI_DRV_FillupTxBuffer
                0x000022e8       0xb4 ./SDK/platform/drivers/src/lpspi/lpspi_shared_function.o
                0x000022e8                LPSPI_DRV_FillupTxBuffer
 .text.LPSPI_DRV_ReadRXBuffer
                0x0000239c       0x8c ./SDK/platform/drivers/src/lpspi/lpspi_shared_function.o
                0x0000239c                LPSPI_DRV_ReadRXBuffer
 .text.LPSPI_DRV_DisableTEIEInterrupts
                0x00002428       0x30 ./SDK/platform/drivers/src/lpspi/lpspi_shared_function.o
                0x00002428                LPSPI_DRV_DisableTEIEInterrupts
 .text.LPSPI_DRV_SlaveInit
                0x00002458      0x110 ./SDK/platform/drivers/src/lpspi/lpspi_slave_driver.o
                0x00002458                LPSPI_DRV_SlaveInit
 .text.LPSPI_DRV_SlaveTransfer
                0x00002568      0x254 ./SDK/platform/drivers/src/lpspi/lpspi_slave_driver.o
                0x00002568                LPSPI_DRV_SlaveTransfer
 .text.LPSPI_DRV_SlaveAbortTransfer
                0x000027bc       0x80 ./SDK/platform/drivers/src/lpspi/lpspi_slave_driver.o
                0x000027bc                LPSPI_DRV_SlaveAbortTransfer
 .text.LPSPI_DRV_SlaveCompleteDMATransfer
                0x0000283c       0x40 ./SDK/platform/drivers/src/lpspi/lpspi_slave_driver.o
 .text.LPSPI_DRV_SlaveIRQHandler
                0x0000287c       0xd4 ./SDK/platform/drivers/src/lpspi/lpspi_slave_driver.o
                0x0000287c                LPSPI_DRV_SlaveIRQHandler
 .text.PINS_DRV_SetMuxModeSel
                0x00002950        0x8 ./SDK/platform/drivers/src/pins/pins_driver.o
                0x00002950                PINS_DRV_SetMuxModeSel
 .text.PINS_DRV_SetPinIntSel
                0x00002958       0x20 ./SDK/platform/drivers/src/pins/pins_driver.o
                0x00002958                PINS_DRV_SetPinIntSel
 .text.PINS_DRV_ClearPortIntFlagCmd
                0x00002978        0xa ./SDK/platform/drivers/src/pins/pins_driver.o
                0x00002978                PINS_DRV_ClearPortIntFlagCmd
 .text.PINS_DRV_SetPinsDirection
                0x00002982        0x4 ./SDK/platform/drivers/src/pins/pins_driver.o
                0x00002982                PINS_DRV_SetPinsDirection
 .text.PINS_DRV_SetPins
                0x00002986        0x4 ./SDK/platform/drivers/src/pins/pins_driver.o
                0x00002986                PINS_DRV_SetPins
 .text.PINS_DRV_ClearPins
                0x0000298a        0x4 ./SDK/platform/drivers/src/pins/pins_driver.o
                0x0000298a                PINS_DRV_ClearPins
 .text.PINS_DRV_TogglePins
                0x0000298e        0x4 ./SDK/platform/drivers/src/pins/pins_driver.o
                0x0000298e                PINS_DRV_TogglePins
 *fill*         0x00002992        0x2 
 .text.PINS_GetAdcInterleaveVal
                0x00002994       0x70 ./SDK/platform/drivers/src/pins/pins_port_hw_access.o
 .text.PINS_SetMuxModeSel
                0x00002a04       0x58 ./SDK/platform/drivers/src/pins/pins_port_hw_access.o
                0x00002a04                PINS_SetMuxModeSel
 .text.vListInitialise
                0x00002a5c       0x16 ./SDK/rtos/FreeRTOS_S32K/Source/list.o
                0x00002a5c                vListInitialise
 .text.vListInitialiseItem
                0x00002a72        0x6 ./SDK/rtos/FreeRTOS_S32K/Source/list.o
                0x00002a72                vListInitialiseItem
 .text.vListInsertEnd
                0x00002a78       0x18 ./SDK/rtos/FreeRTOS_S32K/Source/list.o
                0x00002a78                vListInsertEnd
 .text.vListInsert
                0x00002a90       0x34 ./SDK/rtos/FreeRTOS_S32K/Source/list.o
                0x00002a90                vListInsert
 .text.uxListRemove
                0x00002ac4       0x26 ./SDK/rtos/FreeRTOS_S32K/Source/list.o
                0x00002ac4                uxListRemove
 .text.prvIsQueueEmpty
                0x00002aea       0x16 ./SDK/rtos/FreeRTOS_S32K/Source/queue.o
 .text.prvCopyDataToQueue
                0x00002b00       0x76 ./SDK/rtos/FreeRTOS_S32K/Source/queue.o
 .text.prvCopyDataFromQueue
                0x00002b76       0x24 ./SDK/rtos/FreeRTOS_S32K/Source/queue.o
 .text.prvUnlockQueue
                0x00002b9a       0x82 ./SDK/rtos/FreeRTOS_S32K/Source/queue.o
 .text.xQueueGenericReset
                0x00002c1c       0x80 ./SDK/rtos/FreeRTOS_S32K/Source/queue.o
                0x00002c1c                xQueueGenericReset
 .text.xQueueGenericCreate
                0x00002c9c       0x44 ./SDK/rtos/FreeRTOS_S32K/Source/queue.o
                0x00002c9c                xQueueGenericCreate
 .text.xQueueCreateCountingSemaphore
                0x00002ce0       0x40 ./SDK/rtos/FreeRTOS_S32K/Source/queue.o
                0x00002ce0                xQueueCreateCountingSemaphore
 .text.xQueueGenericSend
                0x00002d20      0x188 ./SDK/rtos/FreeRTOS_S32K/Source/queue.o
                0x00002d20                xQueueGenericSend
 .text.xQueueGenericSendFromISR
                0x00002ea8       0xd6 ./SDK/rtos/FreeRTOS_S32K/Source/queue.o
                0x00002ea8                xQueueGenericSendFromISR
 .text.xQueueGiveFromISR
                0x00002f7e       0xb2 ./SDK/rtos/FreeRTOS_S32K/Source/queue.o
                0x00002f7e                xQueueGiveFromISR
 .text.xQueueReceive
                0x00003030      0x158 ./SDK/rtos/FreeRTOS_S32K/Source/queue.o
                0x00003030                xQueueReceive
 .text.xQueueSemaphoreTake
                0x00003188      0x1a8 ./SDK/rtos/FreeRTOS_S32K/Source/queue.o
                0x00003188                xQueueSemaphoreTake
 .text.vQueueAddToRegistry
                0x00003330       0x34 ./SDK/rtos/FreeRTOS_S32K/Source/queue.o
                0x00003330                vQueueAddToRegistry
 .text.vQueueWaitForMessageRestricted
                0x00003364       0x4e ./SDK/rtos/FreeRTOS_S32K/Source/queue.o
                0x00003364                vQueueWaitForMessageRestricted
 *fill*         0x000033b2        0x2 
 .text.prvResetNextTaskUnblockTime
                0x000033b4       0x2c ./SDK/rtos/FreeRTOS_S32K/Source/tasks.o
 .text.prvAddCurrentTaskToDelayedList
                0x000033e0       0xa0 ./SDK/rtos/FreeRTOS_S32K/Source/tasks.o
 .text.prvIdleTask
                0x00003480       0x74 ./SDK/rtos/FreeRTOS_S32K/Source/tasks.o
 .text.xTaskCreate
                0x000034f4      0x1e4 ./SDK/rtos/FreeRTOS_S32K/Source/tasks.o
                0x000034f4                xTaskCreate
 .text.vTaskStartScheduler
                0x000036d8       0x84 ./SDK/rtos/FreeRTOS_S32K/Source/tasks.o
                0x000036d8                vTaskStartScheduler
 .text.vTaskSuspendAll
                0x0000375c       0x10 ./SDK/rtos/FreeRTOS_S32K/Source/tasks.o
                0x0000375c                vTaskSuspendAll
 .text.xTaskGetTickCount
                0x0000376c        0xc ./SDK/rtos/FreeRTOS_S32K/Source/tasks.o
                0x0000376c                xTaskGetTickCount
 .text.xTaskGetTickCountFromISR
                0x00003778       0x10 ./SDK/rtos/FreeRTOS_S32K/Source/tasks.o
                0x00003778                xTaskGetTickCountFromISR
 .text.xTaskIncrementTick
                0x00003788      0x138 ./SDK/rtos/FreeRTOS_S32K/Source/tasks.o
                0x00003788                xTaskIncrementTick
 .text.xTaskResumeAll
                0x000038c0      0x100 ./SDK/rtos/FreeRTOS_S32K/Source/tasks.o
                0x000038c0                xTaskResumeAll
 .text.vTaskDelayUntil
                0x000039c0       0xa0 ./SDK/rtos/FreeRTOS_S32K/Source/tasks.o
                0x000039c0                vTaskDelayUntil
 .text.vTaskDelay
                0x00003a60       0x4c ./SDK/rtos/FreeRTOS_S32K/Source/tasks.o
                0x00003a60                vTaskDelay
 .text.vTaskSwitchContext
                0x00003aac       0xc4 ./SDK/rtos/FreeRTOS_S32K/Source/tasks.o
                0x00003aac                vTaskSwitchContext
 .text.vTaskPlaceOnEventList
                0x00003b70       0x30 ./SDK/rtos/FreeRTOS_S32K/Source/tasks.o
                0x00003b70                vTaskPlaceOnEventList
 .text.vTaskPlaceOnEventListRestricted
                0x00003ba0       0x3c ./SDK/rtos/FreeRTOS_S32K/Source/tasks.o
                0x00003ba0                vTaskPlaceOnEventListRestricted
 .text.xTaskRemoveFromEventList
                0x00003bdc       0x88 ./SDK/rtos/FreeRTOS_S32K/Source/tasks.o
                0x00003bdc                xTaskRemoveFromEventList
 .text.vTaskInternalSetTimeOutState
                0x00003c64       0x18 ./SDK/rtos/FreeRTOS_S32K/Source/tasks.o
                0x00003c64                vTaskInternalSetTimeOutState
 .text.xTaskCheckForTimeOut
                0x00003c7c       0x9c ./SDK/rtos/FreeRTOS_S32K/Source/tasks.o
                0x00003c7c                xTaskCheckForTimeOut
 .text.vTaskMissedYield
                0x00003d18        0xc ./SDK/rtos/FreeRTOS_S32K/Source/tasks.o
                0x00003d18                vTaskMissedYield
 .text.xTaskGetSchedulerState
                0x00003d24       0x20 ./SDK/rtos/FreeRTOS_S32K/Source/tasks.o
                0x00003d24                xTaskGetSchedulerState
 .text.xTaskPriorityInherit
                0x00003d44       0xb8 ./SDK/rtos/FreeRTOS_S32K/Source/tasks.o
                0x00003d44                xTaskPriorityInherit
 .text.xTaskPriorityDisinherit
                0x00003dfc       0xb0 ./SDK/rtos/FreeRTOS_S32K/Source/tasks.o
                0x00003dfc                xTaskPriorityDisinherit
 .text.vTaskPriorityDisinheritAfterTimeout
                0x00003eac       0xc0 ./SDK/rtos/FreeRTOS_S32K/Source/tasks.o
                0x00003eac                vTaskPriorityDisinheritAfterTimeout
 .text.pvTaskIncrementMutexHeldCount
                0x00003f6c       0x1c ./SDK/rtos/FreeRTOS_S32K/Source/tasks.o
                0x00003f6c                pvTaskIncrementMutexHeldCount
 .text.prvInsertTimerInActiveList
                0x00003f88       0x48 ./SDK/rtos/FreeRTOS_S32K/Source/timers.o
 .text.prvCheckForValidListAndQueue
                0x00003fd0       0x5c ./SDK/rtos/FreeRTOS_S32K/Source/timers.o
 .text.xTimerCreateTimerTask
                0x0000402c       0x4c ./SDK/rtos/FreeRTOS_S32K/Source/timers.o
                0x0000402c                xTimerCreateTimerTask
 .text.xTimerCreate
                0x00004078       0x48 ./SDK/rtos/FreeRTOS_S32K/Source/timers.o
                0x00004078                xTimerCreate
 .text.xTimerGenericCommand
                0x000040c0       0x60 ./SDK/rtos/FreeRTOS_S32K/Source/timers.o
                0x000040c0                xTimerGenericCommand
 .text.prvSampleTimeNow
                0x00004120       0xa8 ./SDK/rtos/FreeRTOS_S32K/Source/timers.o
 .text.prvTimerTask
                0x000041c8      0x1c8 ./SDK/rtos/FreeRTOS_S32K/Source/timers.o
 .text.prvTaskExitError
                0x00004390       0x40 ./SDK/rtos/FreeRTOS_S32K/Source/portable/GCC/ARM_CM4F/port.o
 .text.prvPortStartFirstTask
                0x000043d0       0x28 ./SDK/rtos/FreeRTOS_S32K/Source/portable/GCC/ARM_CM4F/port.o
 .text.vPortEnableVFP
                0x000043f8       0x14 ./SDK/rtos/FreeRTOS_S32K/Source/portable/GCC/ARM_CM4F/port.o
 .text.pxPortInitialiseStack
                0x0000440c       0x2c ./SDK/rtos/FreeRTOS_S32K/Source/portable/GCC/ARM_CM4F/port.o
                0x0000440c                pxPortInitialiseStack
 *fill*         0x00004438        0x8 
 .text.SVC_Handler
                0x00004440       0x24 ./SDK/rtos/FreeRTOS_S32K/Source/portable/GCC/ARM_CM4F/port.o
                0x00004440                SVC_Handler
 .text.vPortEnterCritical
                0x00004464       0x44 ./SDK/rtos/FreeRTOS_S32K/Source/portable/GCC/ARM_CM4F/port.o
                0x00004464                vPortEnterCritical
 .text.vPortExitCritical
                0x000044a8       0x2c ./SDK/rtos/FreeRTOS_S32K/Source/portable/GCC/ARM_CM4F/port.o
                0x000044a8                vPortExitCritical
 *fill*         0x000044d4        0xc 
 .text.PendSV_Handler
                0x000044e0       0x64 ./SDK/rtos/FreeRTOS_S32K/Source/portable/GCC/ARM_CM4F/port.o
                0x000044e0                PendSV_Handler
 .text.SysTick_Handler
                0x00004544       0x2c ./SDK/rtos/FreeRTOS_S32K/Source/portable/GCC/ARM_CM4F/port.o
                0x00004544                SysTick_Handler
 .text.vPortSetupTimerInterrupt
                0x00004570       0x24 ./SDK/rtos/FreeRTOS_S32K/Source/portable/GCC/ARM_CM4F/port.o
                0x00004570                vPortSetupTimerInterrupt
 .text.xPortStartScheduler
                0x00004594      0x118 ./SDK/rtos/FreeRTOS_S32K/Source/portable/GCC/ARM_CM4F/port.o
                0x00004594                xPortStartScheduler
 .text.vPortValidateInterruptPriority
                0x000046ac       0x5c ./SDK/rtos/FreeRTOS_S32K/Source/portable/GCC/ARM_CM4F/port.o
                0x000046ac                vPortValidateInterruptPriority
 .text.pvPortMalloc
                0x00004708       0xd0 ./SDK/rtos/FreeRTOS_S32K/Source/portable/MemMang/heap_2.o
                0x00004708                pvPortMalloc
 .text.vPortFree
                0x000047d8       0x44 ./SDK/rtos/FreeRTOS_S32K/Source/portable/MemMang/heap_2.o
                0x000047d8                vPortFree
 .text.xPortGetFreeHeapSize
                0x0000481c        0xc ./SDK/rtos/FreeRTOS_S32K/Source/portable/MemMang/heap_2.o
                0x0000481c                xPortGetFreeHeapSize
 .text.OSIF_SemaWait
                0x00004828       0x38 ./SDK/rtos/osif/osif_freertos.o
                0x00004828                OSIF_SemaWait
 .text.OSIF_SemaPost
                0x00004860       0x5c ./SDK/rtos/osif/osif_freertos.o
                0x00004860                OSIF_SemaPost
 .text.OSIF_SemaCreate
                0x000048bc       0x1a ./SDK/rtos/osif/osif_freertos.o
                0x000048bc                OSIF_SemaCreate
 *fill*         0x000048d6        0x2 
 .text.SPI_Init
                0x000048d8       0x30 ./Sources/init.o
                0x000048d8                SPI_Init
 .text.main     0x00004908       0x18 ./Sources/main.o
                0x00004908                main
 .text.prvButtonLEDTimerCallback
                0x00004920       0x14 ./Sources/rtos.o
 .text.prvQueueSendTask
                0x00004934       0x30 ./Sources/rtos.o
 .text.prvQueueReceiveTask
                0x00004964       0x30 ./Sources/rtos.o
 .text.vPort_C_ISRHandler
                0x00004994       0x5c ./Sources/rtos.o
                0x00004994                vPort_C_ISRHandler
 .text.boardSetup
                0x000049f0       0x44 ./Sources/rtos.o
                0x000049f0                boardSetup
 .text.rtos_start
                0x00004a34      0x164 ./Sources/rtos.o
                0x00004a34                rtos_start
 .text.vApplicationMallocFailedHook
                0x00004b98       0x12 ./Sources/rtos.o
                0x00004b98                vApplicationMallocFailedHook
 .text.vApplicationStackOverflowHook
                0x00004baa       0x12 ./Sources/rtos.o
                0x00004baa                vApplicationStackOverflowHook
 .text.vApplicationIdleHook
                0x00004bbc       0x12 ./Sources/rtos.o
                0x00004bbc                vApplicationIdleHook
 .text.vApplicationTickHook
                0x00004bce        0x2 ./Sources/rtos.o
                0x00004bce                vApplicationTickHook
 .text.SPITask_Master
                0x00004bd0       0x44 ./Sources/task_SPI_master.o
                0x00004bd0                SPITask_Master
 .text._write   0x00004c14        0x4 ./Sources/task_SPI_master.o
                0x00004c14                _write
 .text.SPITask_Slave
                0x00004c18       0x40 ./Sources/task_SPI_slave.o
                0x00004c18                SPITask_Slave
 .text.osDelay  0x00004c58       0x20 ./Sources/util.o
                0x00004c58                osDelay
 .text.memcpy   0x00004c78       0x16 C:/Programs/NXP/S32DS_ARM_v2.2/S32DS/build_tools/gcc_v6.3/gcc-6.3-arm32-eabi/arm-none-eabi/newlib/lib/thumb/v7e-m/fpv4-sp/hard\libc_nano.a(lib_a-memcpy-stub.o)
                0x00004c78                memcpy
 .text.memset   0x00004c8e       0x10 C:/Programs/NXP/S32DS_ARM_v2.2/S32DS/build_tools/gcc_v6.3/gcc-6.3-arm32-eabi/arm-none-eabi/newlib/lib/thumb/v7e-m/fpv4-sp/hard\libc_nano.a(lib_a-memset.o)
                0x00004c8e                memset
 *fill*         0x00004c9e        0x2 
 .text._puts_r  0x00004ca0       0xb8 C:/Programs/NXP/S32DS_ARM_v2.2/S32DS/build_tools/gcc_v6.3/gcc-6.3-arm32-eabi/arm-none-eabi/newlib/lib/thumb/v7e-m/fpv4-sp/hard\libc_nano.a(lib_a-puts.o)
                0x00004ca0                _puts_r
 .text.puts     0x00004d58       0x10 C:/Programs/NXP/S32DS_ARM_v2.2/S32DS/build_tools/gcc_v6.3/gcc-6.3-arm32-eabi/arm-none-eabi/newlib/lib/thumb/v7e-m/fpv4-sp/hard\libc_nano.a(lib_a-puts.o)
                0x00004d58                puts
 .text.__swbuf_r
                0x00004d68       0xa4 C:/Programs/NXP/S32DS_ARM_v2.2/S32DS/build_tools/gcc_v6.3/gcc-6.3-arm32-eabi/arm-none-eabi/newlib/lib/thumb/v7e-m/fpv4-sp/hard\libc_nano.a(lib_a-wbuf.o)
                0x00004d68                __swbuf_r
 .text.__swsetup_r
                0x00004e0c       0xdc C:/Programs/NXP/S32DS_ARM_v2.2/S32DS/build_tools/gcc_v6.3/gcc-6.3-arm32-eabi/arm-none-eabi/newlib/lib/thumb/v7e-m/fpv4-sp/hard\libc_nano.a(lib_a-wsetup.o)
                0x00004e0c                __swsetup_r
 .text.__sflush_r
                0x00004ee8      0x110 C:/Programs/NXP/S32DS_ARM_v2.2/S32DS/build_tools/gcc_v6.3/gcc-6.3-arm32-eabi/arm-none-eabi/newlib/lib/thumb/v7e-m/fpv4-sp/hard\libc_nano.a(lib_a-fflush.o)
                0x00004ee8                __sflush_r
 .text._fflush_r
                0x00004ff8       0x54 C:/Programs/NXP/S32DS_ARM_v2.2/S32DS/build_tools/gcc_v6.3/gcc-6.3-arm32-eabi/arm-none-eabi/newlib/lib/thumb/v7e-m/fpv4-sp/hard\libc_nano.a(lib_a-fflush.o)
                0x00004ff8                _fflush_r
 .text._cleanup_r
                0x0000504c        0xc C:/Programs/NXP/S32DS_ARM_v2.2/S32DS/build_tools/gcc_v6.3/gcc-6.3-arm32-eabi/arm-none-eabi/newlib/lib/thumb/v7e-m/fpv4-sp/hard\libc_nano.a(lib_a-findfp.o)
                0x0000504c                _cleanup_r
 .text.std.isra.0
                0x00005058       0x48 C:/Programs/NXP/S32DS_ARM_v2.2/S32DS/build_tools/gcc_v6.3/gcc-6.3-arm32-eabi/arm-none-eabi/newlib/lib/thumb/v7e-m/fpv4-sp/hard\libc_nano.a(lib_a-findfp.o)
 .text.__sfmoreglue
                0x000050a0       0x2c C:/Programs/NXP/S32DS_ARM_v2.2/S32DS/build_tools/gcc_v6.3/gcc-6.3-arm32-eabi/arm-none-eabi/newlib/lib/thumb/v7e-m/fpv4-sp/hard\libc_nano.a(lib_a-findfp.o)
                0x000050a0                __sfmoreglue
 .text.__sinit  0x000050cc       0x60 C:/Programs/NXP/S32DS_ARM_v2.2/S32DS/build_tools/gcc_v6.3/gcc-6.3-arm32-eabi/arm-none-eabi/newlib/lib/thumb/v7e-m/fpv4-sp/hard\libc_nano.a(lib_a-findfp.o)
                0x000050cc                __sinit
 .text.__sfp    0x0000512c       0x78 C:/Programs/NXP/S32DS_ARM_v2.2/S32DS/build_tools/gcc_v6.3/gcc-6.3-arm32-eabi/arm-none-eabi/newlib/lib/thumb/v7e-m/fpv4-sp/hard\libc_nano.a(lib_a-findfp.o)
                0x0000512c                __sfp
 .text._fwalk_reent
                0x000051a4       0x3c C:/Programs/NXP/S32DS_ARM_v2.2/S32DS/build_tools/gcc_v6.3/gcc-6.3-arm32-eabi/arm-none-eabi/newlib/lib/thumb/v7e-m/fpv4-sp/hard\libc_nano.a(lib_a-fwalk.o)
                0x000051a4                _fwalk_reent
 .text.__swhatbuf_r
                0x000051e0       0x48 C:/Programs/NXP/S32DS_ARM_v2.2/S32DS/build_tools/gcc_v6.3/gcc-6.3-arm32-eabi/arm-none-eabi/newlib/lib/thumb/v7e-m/fpv4-sp/hard\libc_nano.a(lib_a-makebuf.o)
                0x000051e0                __swhatbuf_r
 .text.__smakebuf_r
                0x00005228       0x80 C:/Programs/NXP/S32DS_ARM_v2.2/S32DS/build_tools/gcc_v6.3/gcc-6.3-arm32-eabi/arm-none-eabi/newlib/lib/thumb/v7e-m/fpv4-sp/hard\libc_nano.a(lib_a-makebuf.o)
                0x00005228                __smakebuf_r
 .text._free_r  0x000052a8       0x9c C:/Programs/NXP/S32DS_ARM_v2.2/S32DS/build_tools/gcc_v6.3/gcc-6.3-arm32-eabi/arm-none-eabi/newlib/lib/thumb/v7e-m/fpv4-sp/hard\libc_nano.a(lib_a-nano-freer.o)
                0x000052a8                _free_r
 .text._malloc_r
                0x00005344       0xbc C:/Programs/NXP/S32DS_ARM_v2.2/S32DS/build_tools/gcc_v6.3/gcc-6.3-arm32-eabi/arm-none-eabi/newlib/lib/thumb/v7e-m/fpv4-sp/hard\libc_nano.a(lib_a-nano-mallocr.o)
                0x00005344                _malloc_r
 .text._sbrk_r  0x00005400       0x20 C:/Programs/NXP/S32DS_ARM_v2.2/S32DS/build_tools/gcc_v6.3/gcc-6.3-arm32-eabi/arm-none-eabi/newlib/lib/thumb/v7e-m/fpv4-sp/hard\libc_nano.a(lib_a-sbrkr.o)
                0x00005400                _sbrk_r
 .text.__sread  0x00005420       0x22 C:/Programs/NXP/S32DS_ARM_v2.2/S32DS/build_tools/gcc_v6.3/gcc-6.3-arm32-eabi/arm-none-eabi/newlib/lib/thumb/v7e-m/fpv4-sp/hard\libc_nano.a(lib_a-stdio.o)
                0x00005420                __sread
 .text.__swrite
                0x00005442       0x38 C:/Programs/NXP/S32DS_ARM_v2.2/S32DS/build_tools/gcc_v6.3/gcc-6.3-arm32-eabi/arm-none-eabi/newlib/lib/thumb/v7e-m/fpv4-sp/hard\libc_nano.a(lib_a-stdio.o)
                0x00005442                __swrite
 .text.__sseek  0x0000547a       0x24 C:/Programs/NXP/S32DS_ARM_v2.2/S32DS/build_tools/gcc_v6.3/gcc-6.3-arm32-eabi/arm-none-eabi/newlib/lib/thumb/v7e-m/fpv4-sp/hard\libc_nano.a(lib_a-stdio.o)
                0x0000547a                __sseek
 .text.__sclose
                0x0000549e        0x8 C:/Programs/NXP/S32DS_ARM_v2.2/S32DS/build_tools/gcc_v6.3/gcc-6.3-arm32-eabi/arm-none-eabi/newlib/lib/thumb/v7e-m/fpv4-sp/hard\libc_nano.a(lib_a-stdio.o)
                0x0000549e                __sclose
 *fill*         0x000054a6        0x2 
 .text._write_r
                0x000054a8       0x24 C:/Programs/NXP/S32DS_ARM_v2.2/S32DS/build_tools/gcc_v6.3/gcc-6.3-arm32-eabi/arm-none-eabi/newlib/lib/thumb/v7e-m/fpv4-sp/hard\libc_nano.a(lib_a-writer.o)
                0x000054a8                _write_r
 .text._close_r
                0x000054cc       0x20 C:/Programs/NXP/S32DS_ARM_v2.2/S32DS/build_tools/gcc_v6.3/gcc-6.3-arm32-eabi/arm-none-eabi/newlib/lib/thumb/v7e-m/fpv4-sp/hard\libc_nano.a(lib_a-closer.o)
                0x000054cc                _close_r
 .text._fstat_r
                0x000054ec       0x24 C:/Programs/NXP/S32DS_ARM_v2.2/S32DS/build_tools/gcc_v6.3/gcc-6.3-arm32-eabi/arm-none-eabi/newlib/lib/thumb/v7e-m/fpv4-sp/hard\libc_nano.a(lib_a-fstatr.o)
                0x000054ec                _fstat_r
 .text._isatty_r
                0x00005510       0x20 C:/Programs/NXP/S32DS_ARM_v2.2/S32DS/build_tools/gcc_v6.3/gcc-6.3-arm32-eabi/arm-none-eabi/newlib/lib/thumb/v7e-m/fpv4-sp/hard\libc_nano.a(lib_a-isattyr.o)
                0x00005510                _isatty_r
 .text._lseek_r
                0x00005530       0x24 C:/Programs/NXP/S32DS_ARM_v2.2/S32DS/build_tools/gcc_v6.3/gcc-6.3-arm32-eabi/arm-none-eabi/newlib/lib/thumb/v7e-m/fpv4-sp/hard\libc_nano.a(lib_a-lseekr.o)
                0x00005530                _lseek_r
 .text.__malloc_lock
                0x00005554        0x2 C:/Programs/NXP/S32DS_ARM_v2.2/S32DS/build_tools/gcc_v6.3/gcc-6.3-arm32-eabi/arm-none-eabi/newlib/lib/thumb/v7e-m/fpv4-sp/hard\libc_nano.a(lib_a-mlock.o)
                0x00005554                __malloc_lock
 .text.__malloc_unlock
                0x00005556        0x2 C:/Programs/NXP/S32DS_ARM_v2.2/S32DS/build_tools/gcc_v6.3/gcc-6.3-arm32-eabi/arm-none-eabi/newlib/lib/thumb/v7e-m/fpv4-sp/hard\libc_nano.a(lib_a-mlock.o)
                0x00005556                __malloc_unlock
 .text._read_r  0x00005558       0x24 C:/Programs/NXP/S32DS_ARM_v2.2/S32DS/build_tools/gcc_v6.3/gcc-6.3-arm32-eabi/arm-none-eabi/newlib/lib/thumb/v7e-m/fpv4-sp/hard\libc_nano.a(lib_a-readr.o)
                0x00005558                _read_r
 .text._close   0x0000557c       0x10 C:/Programs/NXP/S32DS_ARM_v2.2/S32DS/build_tools/gcc_v6.3/gcc-6.3-arm32-eabi/arm-none-eabi/newlib/lib/thumb/v7e-m/fpv4-sp/hard\libnosys.a(close.o)
                0x0000557c                _close
 .text._fstat   0x0000558c       0x10 C:/Programs/NXP/S32DS_ARM_v2.2/S32DS/build_tools/gcc_v6.3/gcc-6.3-arm32-eabi/arm-none-eabi/newlib/lib/thumb/v7e-m/fpv4-sp/hard\libnosys.a(fstat.o)
                0x0000558c                _fstat
 .text._isatty  0x0000559c       0x10 C:/Programs/NXP/S32DS_ARM_v2.2/S32DS/build_tools/gcc_v6.3/gcc-6.3-arm32-eabi/arm-none-eabi/newlib/lib/thumb/v7e-m/fpv4-sp/hard\libnosys.a(isatty.o)
                0x0000559c                _isatty
 .text._lseek   0x000055ac       0x10 C:/Programs/NXP/S32DS_ARM_v2.2/S32DS/build_tools/gcc_v6.3/gcc-6.3-arm32-eabi/arm-none-eabi/newlib/lib/thumb/v7e-m/fpv4-sp/hard\libnosys.a(lseek.o)
                0x000055ac                _lseek
 .text._read    0x000055bc       0x10 C:/Programs/NXP/S32DS_ARM_v2.2/S32DS/build_tools/gcc_v6.3/gcc-6.3-arm32-eabi/arm-none-eabi/newlib/lib/thumb/v7e-m/fpv4-sp/hard\libnosys.a(read.o)
                0x000055bc                _read
 .text._sbrk    0x000055cc       0x1c C:/Programs/NXP/S32DS_ARM_v2.2/S32DS/build_tools/gcc_v6.3/gcc-6.3-arm32-eabi/arm-none-eabi/newlib/lib/thumb/v7e-m/fpv4-sp/hard\libnosys.a(sbrk.o)
                0x000055cc                _sbrk
 *(.rodata)
 *(.rodata*)
 .rodata.Receive_SlaveConfig0
                0x000055e8       0x14 ./Generated_Code/Receive.o
                0x000055e8                Receive_SlaveConfig0
 .rodata.Send_MasterConfig0
                0x000055fc       0x20 ./Generated_Code/Send.o
                0x000055fc                Send_MasterConfig0
 .rodata.clockNameMappings
                0x0000561c       0x9e ./SDK/platform/drivers/src/clock/S32K1xx/clock_S32K1xx.o
                0x0000561c                clockNameMappings
 *fill*         0x000056ba        0x2 
 .rodata.maxSysClksInHSRUN.7602
                0x000056bc       0x54 ./SDK/platform/drivers/src/clock/S32K1xx/clock_S32K1xx.o
 .rodata.maxSysClksInRUN.7601
                0x00005710       0x54 ./SDK/platform/drivers/src/clock/S32K1xx/clock_S32K1xx.o
 .rodata.maxSysClksInVLPR.7600
                0x00005764       0x54 ./SDK/platform/drivers/src/clock/S32K1xx/clock_S32K1xx.o
 .rodata.s_baudratePrescaler
                0x000057b8       0x20 ./SDK/platform/drivers/src/lpspi/lpspi_hw_access.o
 .rodata.vTaskStartScheduler.str1.4
                0x000057d8        0x5 ./SDK/rtos/FreeRTOS_S32K/Source/tasks.o
 *fill*         0x000057dd        0x3 
 .rodata.prvCheckForValidListAndQueue.str1.4
                0x000057e0        0x5 ./SDK/rtos/FreeRTOS_S32K/Source/timers.o
 *fill*         0x000057e5        0x3 
 .rodata.xTimerCreateTimerTask.str1.4
                0x000057e8        0x8 ./SDK/rtos/FreeRTOS_S32K/Source/timers.o
 .rodata.rtos_start.str1.4
                0x000057f0       0x37 ./Sources/rtos.o
 *fill*         0x00005827        0x1 
 .rodata.SPITask_Master.str1.4
                0x00005828       0x19 ./Sources/task_SPI_master.o
 *fill*         0x00005841        0x3 
 .rodata.SPITask_Slave.str1.4
                0x00005844       0x18 ./Sources/task_SPI_slave.o
 .rodata._global_impure_ptr
                0x0000585c        0x4 C:/Programs/NXP/S32DS_ARM_v2.2/S32DS/build_tools/gcc_v6.3/gcc-6.3-arm32-eabi/arm-none-eabi/newlib/lib/thumb/v7e-m/fpv4-sp/hard\libc_nano.a(lib_a-impure.o)
                0x0000585c                _global_impure_ptr
 .rodata.__sf_fake_stderr
                0x00005860       0x20 C:/Programs/NXP/S32DS_ARM_v2.2/S32DS/build_tools/gcc_v6.3/gcc-6.3-arm32-eabi/arm-none-eabi/newlib/lib/thumb/v7e-m/fpv4-sp/hard\libc_nano.a(lib_a-findfp.o)
                0x00005860                __sf_fake_stderr
 .rodata.__sf_fake_stdin
                0x00005880       0x20 C:/Programs/NXP/S32DS_ARM_v2.2/S32DS/build_tools/gcc_v6.3/gcc-6.3-arm32-eabi/arm-none-eabi/newlib/lib/thumb/v7e-m/fpv4-sp/hard\libc_nano.a(lib_a-findfp.o)
                0x00005880                __sf_fake_stdin
 .rodata.__sf_fake_stdout
                0x000058a0       0x20 C:/Programs/NXP/S32DS_ARM_v2.2/S32DS/build_tools/gcc_v6.3/gcc-6.3-arm32-eabi/arm-none-eabi/newlib/lib/thumb/v7e-m/fpv4-sp/hard\libc_nano.a(lib_a-findfp.o)
                0x000058a0                __sf_fake_stdout
 *(.init)
 .init          0x000058c0        0x4 c:/programs/nxp/s32ds_arm_v2.2/s32ds/build_tools/gcc_v6.3/gcc-6.3-arm32-eabi/bin/../lib/gcc/arm-none-eabi/6.3.1/thumb/v7e-m/fpv4-sp/hard/crti.o
                0x000058c0                _init
 *(.fini)
 .fini          0x000058c4        0x4 c:/programs/nxp/s32ds_arm_v2.2/s32ds/build_tools/gcc_v6.3/gcc-6.3-arm32-eabi/bin/../lib/gcc/arm-none-eabi/6.3.1/thumb/v7e-m/fpv4-sp/hard/crti.o
                0x000058c4                _fini
 *(.eh_frame)
                0x000058c8                . = ALIGN (0x4)

.glue_7         0x000058c8        0x0
 .glue_7        0x000058c8        0x0 linker stubs

.glue_7t        0x000058c8        0x0
 .glue_7t       0x000058c8        0x0 linker stubs

.vfp11_veneer   0x000058c8        0x0
 .vfp11_veneer  0x000058c8        0x0 linker stubs

.v4_bx          0x000058c8        0x0
 .v4_bx         0x000058c8        0x0 linker stubs

.iplt           0x000058c8        0x0
 .iplt          0x000058c8        0x0 c:/programs/nxp/s32ds_arm_v2.2/s32ds/build_tools/gcc_v6.3/gcc-6.3-arm32-eabi/bin/../lib/gcc/arm-none-eabi/6.3.1/thumb/v7e-m/fpv4-sp/hard/crtbegin.o

.rel.dyn        0x000058c8        0x0
 .rel.iplt      0x000058c8        0x0 c:/programs/nxp/s32ds_arm_v2.2/s32ds/build_tools/gcc_v6.3/gcc-6.3-arm32-eabi/bin/../lib/gcc/arm-none-eabi/6.3.1/thumb/v7e-m/fpv4-sp/hard/crtbegin.o

.ARM            0x000058c8        0x0
                0x000058c8                __exidx_start = .
 *(.ARM.exidx*)
                0x000058c8                __exidx_end = .
                0x000058c8                __etext = .
                0x000058c8                __DATA_ROM = .

.interrupts_ram
                0x1fff8000      0x400
                0x1fff8000                . = ALIGN (0x4)
                0x1fff8000                __VECTOR_RAM__ = .
                0x1fff8000                __RAM_START = .
                0x1fff8000                __interrupts_ram_start__ = .
 *(.m_interrupts_ram)
                0x1fff8400                . = (. + M_VECTOR_RAM_SIZE)
 *fill*         0x1fff8000      0x400 
                0x1fff8400                . = ALIGN (0x4)
                0x1fff8400                __interrupts_ram_end__ = .
                0x1fff8000                __VECTOR_RAM = DEFINED (__flash_vector_table__)?ORIGIN (m_interrupts):__VECTOR_RAM__
                0x00000400                __RAM_VECTOR_TABLE_SIZE = DEFINED (__flash_vector_table__)?0x0:(__interrupts_ram_end__ - __interrupts_ram_start__)

.data           0x1fff8400      0x1d4 load address 0x000058c8
                0x1fff8400                . = ALIGN (0x4)
                0x1fff8400                __DATA_RAM = .
                0x1fff8400                __data_start__ = .
 *(.data)
 *(.data*)
 .data.clockMan1_InitConfig0
                0x1fff8400       0x78 ./Generated_Code/clockMan1.o
                0x1fff8400                clockMan1_InitConfig0
 .data.g_clockManConfigsArr
                0x1fff8478        0x4 ./Generated_Code/clockMan1.o
                0x1fff8478                g_clockManConfigsArr
 .data.peripheralClockConfig0
                0x1fff847c       0x3c ./Generated_Code/clockMan1.o
                0x1fff847c                peripheralClockConfig0
 .data.peripheralClockConfig.7364
                0x1fff84b8       0xa0 ./SDK/platform/drivers/src/clock/S32K1xx/clock_S32K1xx.o
 .data.g_lpspiBase
                0x1fff8558        0xc ./SDK/platform/drivers/src/lpspi/lpspi_shared_function.o
                0x1fff8558                g_lpspiBase
 .data.g_lpspiIrqId
                0x1fff8564        0x3 ./SDK/platform/drivers/src/lpspi/lpspi_shared_function.o
                0x1fff8564                g_lpspiIrqId
 *fill*         0x1fff8567        0x1 
 .data.uxCriticalNesting
                0x1fff8568        0x4 ./SDK/rtos/FreeRTOS_S32K/Source/portable/GCC/ARM_CM4F/port.o
 .data.xFreeBytesRemaining
                0x1fff856c        0x4 ./SDK/rtos/FreeRTOS_S32K/Source/portable/MemMang/heap_2.o
 .data._impure_ptr
                0x1fff8570        0x4 C:/Programs/NXP/S32DS_ARM_v2.2/S32DS/build_tools/gcc_v6.3/gcc-6.3-arm32-eabi/arm-none-eabi/newlib/lib/thumb/v7e-m/fpv4-sp/hard\libc_nano.a(lib_a-impure.o)
                0x1fff8570                _impure_ptr
 .data.impure_data
                0x1fff8574       0x60 C:/Programs/NXP/S32DS_ARM_v2.2/S32DS/build_tools/gcc_v6.3/gcc-6.3-arm32-eabi/arm-none-eabi/newlib/lib/thumb/v7e-m/fpv4-sp/hard\libc_nano.a(lib_a-impure.o)
                0x1fff85d4                . = ALIGN (0x4)
                0x1fff85d4                __data_end__ = .
                0x00005a9c                __DATA_END = (__DATA_ROM + (__data_end__ - __data_start__))
                0x00005a9c                __CODE_ROM = __DATA_END

.igot.plt       0x1fff85d4        0x0 load address 0x00005a9c
 .igot.plt      0x1fff85d4        0x0 c:/programs/nxp/s32ds_arm_v2.2/s32ds/build_tools/gcc_v6.3/gcc-6.3-arm32-eabi/bin/../lib/gcc/arm-none-eabi/6.3.1/thumb/v7e-m/fpv4-sp/hard/crtbegin.o

.code           0x1fff85d4        0x0 load address 0x00005a9c
                0x1fff85d4                . = ALIGN (0x4)
                0x1fff85d4                __CODE_RAM = .
                0x1fff85d4                __code_start__ = .
                0x1fff85d4                __code_ram_start__ = .
 *(.code_ram)
                0x1fff85d4                . = ALIGN (0x4)
                0x1fff85d4                __code_end__ = .
                0x1fff85d4                __code_ram_end__ = .
                0x00005a9c                __CODE_END = (__CODE_ROM + (__code_end__ - __code_start__))
                0x00005a9c                __CUSTOM_ROM = __CODE_END

.customSectionBlock
                0x20000000        0x0 load address 0x00005a9c
                0x20000000                __customSection_start__ = .
 *(.customSection)
                0x20000000                __customSection_end__ = .
                0x00005a9c                __CUSTOM_END = (__CUSTOM_ROM + (__customSection_end__ - __customSection_start__))
                0x00005a9c                __rom_end = __CUSTOM_END

.bss            0x20000000     0x2270
                0x20000000                . = ALIGN (0x4)
                0x20000000                __BSS_START = .
                0x20000000                __bss_start__ = .
 *(.bss)
 *(.bss*)
 .bss.g_clockManCallbacksArr
                0x20000000        0x4 ./Generated_Code/clockMan1.o
                0x20000000                g_clockManCallbacksArr
 .bss.g_clockState
                0x20000004       0x10 ./SDK/platform/drivers/src/clock/S32K1xx/clock_S32K1xx.o
 .bss.s_virtEdmaState
                0x20000014        0x4 ./SDK/platform/drivers/src/edma/edma_driver.o
 .bss.g_interruptDisableCount
                0x20000018        0x4 ./SDK/platform/drivers/src/interrupt/interrupt_manager.o
 .bss.g_lpspiStatePtr
                0x2000001c        0xc ./SDK/platform/drivers/src/lpspi/lpspi_shared_function.o
                0x2000001c                g_lpspiStatePtr
 .bss.pxCurrentTCB
                0x20000028        0x4 ./SDK/rtos/FreeRTOS_S32K/Source/tasks.o
                0x20000028                pxCurrentTCB
 .bss.pxDelayedTaskList
                0x2000002c        0x4 ./SDK/rtos/FreeRTOS_S32K/Source/tasks.o
 .bss.pxOverflowDelayedTaskList
                0x20000030        0x4 ./SDK/rtos/FreeRTOS_S32K/Source/tasks.o
 .bss.pxReadyTasksLists
                0x20000034       0x64 ./SDK/rtos/FreeRTOS_S32K/Source/tasks.o
 .bss.uxCurrentNumberOfTasks
                0x20000098        0x4 ./SDK/rtos/FreeRTOS_S32K/Source/tasks.o
 .bss.uxDeletedTasksWaitingCleanUp
                0x2000009c        0x4 ./SDK/rtos/FreeRTOS_S32K/Source/tasks.o
 .bss.uxPendedTicks
                0x200000a0        0x4 ./SDK/rtos/FreeRTOS_S32K/Source/tasks.o
 .bss.uxSchedulerSuspended
                0x200000a4        0x4 ./SDK/rtos/FreeRTOS_S32K/Source/tasks.o
 .bss.uxTaskNumber
                0x200000a8        0x4 ./SDK/rtos/FreeRTOS_S32K/Source/tasks.o
 .bss.uxTopReadyPriority
                0x200000ac        0x4 ./SDK/rtos/FreeRTOS_S32K/Source/tasks.o
 .bss.xDelayedTaskList1
                0x200000b0       0x14 ./SDK/rtos/FreeRTOS_S32K/Source/tasks.o
 .bss.xDelayedTaskList2
                0x200000c4       0x14 ./SDK/rtos/FreeRTOS_S32K/Source/tasks.o
 .bss.xIdleTaskHandle
                0x200000d8        0x4 ./SDK/rtos/FreeRTOS_S32K/Source/tasks.o
 .bss.xNextTaskUnblockTime
                0x200000dc        0x4 ./SDK/rtos/FreeRTOS_S32K/Source/tasks.o
 .bss.xNumOfOverflows
                0x200000e0        0x4 ./SDK/rtos/FreeRTOS_S32K/Source/tasks.o
 .bss.xPendingReadyList
                0x200000e4       0x14 ./SDK/rtos/FreeRTOS_S32K/Source/tasks.o
 .bss.xSchedulerRunning
                0x200000f8        0x4 ./SDK/rtos/FreeRTOS_S32K/Source/tasks.o
 .bss.xSuspendedTaskList
                0x200000fc       0x14 ./SDK/rtos/FreeRTOS_S32K/Source/tasks.o
 .bss.xTasksWaitingTermination
                0x20000110       0x14 ./SDK/rtos/FreeRTOS_S32K/Source/tasks.o
 .bss.xTickCount
                0x20000124        0x4 ./SDK/rtos/FreeRTOS_S32K/Source/tasks.o
 .bss.xYieldPending
                0x20000128        0x4 ./SDK/rtos/FreeRTOS_S32K/Source/tasks.o
 .bss.pxCurrentTimerList
                0x2000012c        0x4 ./SDK/rtos/FreeRTOS_S32K/Source/timers.o
 .bss.pxOverflowTimerList
                0x20000130        0x4 ./SDK/rtos/FreeRTOS_S32K/Source/timers.o
 .bss.xActiveTimerList1
                0x20000134       0x14 ./SDK/rtos/FreeRTOS_S32K/Source/timers.o
 .bss.xActiveTimerList2
                0x20000148       0x14 ./SDK/rtos/FreeRTOS_S32K/Source/timers.o
 .bss.xLastTime.6392
                0x2000015c        0x4 ./SDK/rtos/FreeRTOS_S32K/Source/timers.o
 .bss.xTimerQueue
                0x20000160        0x4 ./SDK/rtos/FreeRTOS_S32K/Source/timers.o
 .bss.xTimerTaskHandle
                0x20000164        0x4 ./SDK/rtos/FreeRTOS_S32K/Source/timers.o
 .bss.ucMaxSysCallPriority
                0x20000168        0x1 ./SDK/rtos/FreeRTOS_S32K/Source/portable/GCC/ARM_CM4F/port.o
 *fill*         0x20000169        0x3 
 .bss.ulMaxPRIGROUPValue
                0x2000016c        0x4 ./SDK/rtos/FreeRTOS_S32K/Source/portable/GCC/ARM_CM4F/port.o
 .bss.ucHeap    0x20000170     0x2000 ./SDK/rtos/FreeRTOS_S32K/Source/portable/MemMang/heap_2.o
 .bss.xEnd      0x20002170        0x8 ./SDK/rtos/FreeRTOS_S32K/Source/portable/MemMang/heap_2.o
 .bss.xHeapHasBeenInitialised.6103
                0x20002178        0x4 ./SDK/rtos/FreeRTOS_S32K/Source/portable/MemMang/heap_2.o
 .bss.xStart    0x2000217c        0x8 ./SDK/rtos/FreeRTOS_S32K/Source/portable/MemMang/heap_2.o
 .bss.exit_code
                0x20002184        0x4 ./Sources/main.o
                0x20002184                exit_code
 .bss.xButtonLEDTimer
                0x20002188        0x4 ./Sources/rtos.o
 .bss.xQueue    0x2000218c        0x4 ./Sources/rtos.o
 .bss.__malloc_free_list
                0x20002190        0x4 C:/Programs/NXP/S32DS_ARM_v2.2/S32DS/build_tools/gcc_v6.3/gcc-6.3-arm32-eabi/arm-none-eabi/newlib/lib/thumb/v7e-m/fpv4-sp/hard\libc_nano.a(lib_a-nano-mallocr.o)
                0x20002190                __malloc_free_list
 .bss.__malloc_sbrk_start
                0x20002194        0x4 C:/Programs/NXP/S32DS_ARM_v2.2/S32DS/build_tools/gcc_v6.3/gcc-6.3-arm32-eabi/arm-none-eabi/newlib/lib/thumb/v7e-m/fpv4-sp/hard\libc_nano.a(lib_a-nano-mallocr.o)
                0x20002194                __malloc_sbrk_start
 .bss.heap_end.5365
                0x20002198        0x4 C:/Programs/NXP/S32DS_ARM_v2.2/S32DS/build_tools/gcc_v6.3/gcc-6.3-arm32-eabi/arm-none-eabi/newlib/lib/thumb/v7e-m/fpv4-sp/hard\libnosys.a(sbrk.o)
 *(COMMON)
 COMMON         0x2000219c       0x14 ./SDK/platform/drivers/src/clock/S32K1xx/clock_S32K1xx.o
                0x2000219c                g_xtal0ClkFreq
                0x200021a0                g_RtcClkInFreq
                0x200021a4                g_TClkFreq
 COMMON         0x200021b0       0x40 ./SDK/rtos/FreeRTOS_S32K/Source/queue.o
                0x200021b0                xQueueRegistry
 COMMON         0x200021f0       0x78 ./Sources/rtos.o
                0x200021f0                masterState
                0x2000222c                slaveState
 COMMON         0x20002268        0x2 ./Sources/task_SPI_master.o
                0x20002268                masterDataReceive
                0x20002269                masterDataSend
 COMMON         0x2000226a        0x2 ./Sources/task_SPI_slave.o
                0x2000226a                slaveDataReceive
                0x2000226b                slaveDataSend
 COMMON         0x2000226c        0x4 C:/Programs/NXP/S32DS_ARM_v2.2/S32DS/build_tools/gcc_v6.3/gcc-6.3-arm32-eabi/arm-none-eabi/newlib/lib/thumb/v7e-m/fpv4-sp/hard\libc_nano.a(lib_a-reent.o)
                0x2000226c                errno
                0x20002270                . = ALIGN (0x4)
                0x20002270                __bss_end__ = .
                0x20002270                __BSS_END = .

.heap           0x20002270      0x400
                0x20002270                . = ALIGN (0x8)
                0x20002270                __end__ = .
                0x20002270                __heap_start__ = .
                0x20002270                PROVIDE (end, .)
                [!provide]                PROVIDE (_end, .)
                [!provide]                PROVIDE (__end, .)
                0x20002270                __HeapBase = .
                0x20002670                . = (. + HEAP_SIZE)
 *fill*         0x20002270      0x400 
                0x20002670                __HeapLimit = .
                0x20002670                __heap_limit = .
                0x20002670                __heap_end__ = .
                0x20007000                __StackTop = (ORIGIN (m_data_2) + LENGTH (m_data_2))
                0x20006c00                __StackLimit = (__StackTop - STACK_SIZE)
                0x20007000                PROVIDE (__stack, __StackTop)
                0x20007000                __RAM_END = __StackTop

.stack          0x20006c00      0x400
                0x20006c00                . = ALIGN (0x8)
                0x20006c00                __stack_start__ = .
                0x20007000                . = (. + STACK_SIZE)
 *fill*         0x20006c00      0x400 
                0x20007000                __stack_end__ = .

.ARM.attributes
                0x00000000       0x30
 *(.ARM.attributes)
 .ARM.attributes
                0x00000000       0x22 c:/programs/nxp/s32ds_arm_v2.2/s32ds/build_tools/gcc_v6.3/gcc-6.3-arm32-eabi/bin/../lib/gcc/arm-none-eabi/6.3.1/thumb/v7e-m/fpv4-sp/hard/crti.o
 .ARM.attributes
                0x00000022       0x39 ./Generated_Code/Receive.o
 .ARM.attributes
                0x0000005b       0x39 ./Generated_Code/Send.o
 .ARM.attributes
                0x00000094       0x39 ./Generated_Code/clockMan1.o
 .ARM.attributes
                0x000000cd       0x1f ./Project_Settings/Startup_Code/startup_S32K144.o
 .ARM.attributes
                0x000000ec       0x39 ./SDK/platform/devices/S32K144/startup/system_S32K144.o
 .ARM.attributes
                0x00000125       0x39 ./SDK/platform/devices/startup.o
 .ARM.attributes
                0x0000015e       0x39 ./SDK/platform/drivers/src/clock/S32K1xx/clock_S32K1xx.o
 .ARM.attributes
                0x00000197       0x39 ./SDK/platform/drivers/src/edma/edma_driver.o
 .ARM.attributes
                0x000001d0       0x39 ./SDK/platform/drivers/src/edma/edma_hw_access.o
 .ARM.attributes
                0x00000209       0x39 ./SDK/platform/drivers/src/edma/edma_irq.o
 .ARM.attributes
                0x00000242       0x39 ./SDK/platform/drivers/src/interrupt/interrupt_manager.o
 .ARM.attributes
                0x0000027b       0x39 ./SDK/platform/drivers/src/lpspi/lpspi_hw_access.o
 .ARM.attributes
                0x000002b4       0x39 ./SDK/platform/drivers/src/lpspi/lpspi_irq.o
 .ARM.attributes
                0x000002ed       0x39 ./SDK/platform/drivers/src/lpspi/lpspi_master_driver.o
 .ARM.attributes
                0x00000326       0x39 ./SDK/platform/drivers/src/lpspi/lpspi_shared_function.o
 .ARM.attributes
                0x0000035f       0x39 ./SDK/platform/drivers/src/lpspi/lpspi_slave_driver.o
 .ARM.attributes
                0x00000398       0x39 ./SDK/platform/drivers/src/pins/pins_driver.o
 .ARM.attributes
                0x000003d1       0x39 ./SDK/platform/drivers/src/pins/pins_port_hw_access.o
 .ARM.attributes
                0x0000040a       0x39 ./SDK/rtos/FreeRTOS_S32K/Source/list.o
 .ARM.attributes
                0x00000443       0x39 ./SDK/rtos/FreeRTOS_S32K/Source/queue.o
 .ARM.attributes
                0x0000047c       0x39 ./SDK/rtos/FreeRTOS_S32K/Source/tasks.o
 .ARM.attributes
                0x000004b5       0x39 ./SDK/rtos/FreeRTOS_S32K/Source/timers.o
 .ARM.attributes
                0x000004ee       0x39 ./SDK/rtos/FreeRTOS_S32K/Source/portable/GCC/ARM_CM4F/port.o
 .ARM.attributes
                0x00000527       0x39 ./SDK/rtos/FreeRTOS_S32K/Source/portable/MemMang/heap_2.o
 .ARM.attributes
                0x00000560       0x39 ./SDK/rtos/osif/osif_freertos.o
 .ARM.attributes
                0x00000599       0x39 ./Sources/init.o
 .ARM.attributes
                0x000005d2       0x39 ./Sources/main.o
 .ARM.attributes
                0x0000060b       0x39 ./Sources/rtos.o
 .ARM.attributes
                0x00000644       0x39 ./Sources/task_SPI_master.o
 .ARM.attributes
                0x0000067d       0x39 ./Sources/task_SPI_slave.o
 .ARM.attributes
                0x000006b6       0x39 ./Sources/util.o
 .ARM.attributes
                0x000006ef       0x34 C:/Programs/NXP/S32DS_ARM_v2.2/S32DS/build_tools/gcc_v6.3/gcc-6.3-arm32-eabi/arm-none-eabi/newlib/lib/thumb/v7e-m/fpv4-sp/hard\libc_nano.a(lib_a-impure.o)
 .ARM.attributes
                0x00000723       0x34 C:/Programs/NXP/S32DS_ARM_v2.2/S32DS/build_tools/gcc_v6.3/gcc-6.3-arm32-eabi/arm-none-eabi/newlib/lib/thumb/v7e-m/fpv4-sp/hard\libc_nano.a(lib_a-memcpy-stub.o)
 .ARM.attributes
                0x00000757       0x34 C:/Programs/NXP/S32DS_ARM_v2.2/S32DS/build_tools/gcc_v6.3/gcc-6.3-arm32-eabi/arm-none-eabi/newlib/lib/thumb/v7e-m/fpv4-sp/hard\libc_nano.a(lib_a-memset.o)
 .ARM.attributes
                0x0000078b       0x34 C:/Programs/NXP/S32DS_ARM_v2.2/S32DS/build_tools/gcc_v6.3/gcc-6.3-arm32-eabi/arm-none-eabi/newlib/lib/thumb/v7e-m/fpv4-sp/hard\libc_nano.a(lib_a-puts.o)
 .ARM.attributes
                0x000007bf       0x34 C:/Programs/NXP/S32DS_ARM_v2.2/S32DS/build_tools/gcc_v6.3/gcc-6.3-arm32-eabi/arm-none-eabi/newlib/lib/thumb/v7e-m/fpv4-sp/hard\libc_nano.a(lib_a-wbuf.o)
 .ARM.attributes
                0x000007f3       0x34 C:/Programs/NXP/S32DS_ARM_v2.2/S32DS/build_tools/gcc_v6.3/gcc-6.3-arm32-eabi/arm-none-eabi/newlib/lib/thumb/v7e-m/fpv4-sp/hard\libc_nano.a(lib_a-wsetup.o)
 .ARM.attributes
                0x00000827       0x34 C:/Programs/NXP/S32DS_ARM_v2.2/S32DS/build_tools/gcc_v6.3/gcc-6.3-arm32-eabi/arm-none-eabi/newlib/lib/thumb/v7e-m/fpv4-sp/hard\libc_nano.a(lib_a-fflush.o)
 .ARM.attributes
                0x0000085b       0x34 C:/Programs/NXP/S32DS_ARM_v2.2/S32DS/build_tools/gcc_v6.3/gcc-6.3-arm32-eabi/arm-none-eabi/newlib/lib/thumb/v7e-m/fpv4-sp/hard\libc_nano.a(lib_a-findfp.o)
 .ARM.attributes
                0x0000088f       0x34 C:/Programs/NXP/S32DS_ARM_v2.2/S32DS/build_tools/gcc_v6.3/gcc-6.3-arm32-eabi/arm-none-eabi/newlib/lib/thumb/v7e-m/fpv4-sp/hard\libc_nano.a(lib_a-fwalk.o)
 .ARM.attributes
                0x000008c3       0x34 C:/Programs/NXP/S32DS_ARM_v2.2/S32DS/build_tools/gcc_v6.3/gcc-6.3-arm32-eabi/arm-none-eabi/newlib/lib/thumb/v7e-m/fpv4-sp/hard\libc_nano.a(lib_a-makebuf.o)
 .ARM.attributes
                0x000008f7       0x34 C:/Programs/NXP/S32DS_ARM_v2.2/S32DS/build_tools/gcc_v6.3/gcc-6.3-arm32-eabi/arm-none-eabi/newlib/lib/thumb/v7e-m/fpv4-sp/hard\libc_nano.a(lib_a-nano-freer.o)
 .ARM.attributes
                0x0000092b       0x34 C:/Programs/NXP/S32DS_ARM_v2.2/S32DS/build_tools/gcc_v6.3/gcc-6.3-arm32-eabi/arm-none-eabi/newlib/lib/thumb/v7e-m/fpv4-sp/hard\libc_nano.a(lib_a-nano-mallocr.o)
 .ARM.attributes
                0x0000095f       0x34 C:/Programs/NXP/S32DS_ARM_v2.2/S32DS/build_tools/gcc_v6.3/gcc-6.3-arm32-eabi/arm-none-eabi/newlib/lib/thumb/v7e-m/fpv4-sp/hard\libc_nano.a(lib_a-sbrkr.o)
 .ARM.attributes
                0x00000993       0x34 C:/Programs/NXP/S32DS_ARM_v2.2/S32DS/build_tools/gcc_v6.3/gcc-6.3-arm32-eabi/arm-none-eabi/newlib/lib/thumb/v7e-m/fpv4-sp/hard\libc_nano.a(lib_a-stdio.o)
 .ARM.attributes
                0x000009c7       0x34 C:/Programs/NXP/S32DS_ARM_v2.2/S32DS/build_tools/gcc_v6.3/gcc-6.3-arm32-eabi/arm-none-eabi/newlib/lib/thumb/v7e-m/fpv4-sp/hard\libc_nano.a(lib_a-writer.o)
 .ARM.attributes
                0x000009fb       0x34 C:/Programs/NXP/S32DS_ARM_v2.2/S32DS/build_tools/gcc_v6.3/gcc-6.3-arm32-eabi/arm-none-eabi/newlib/lib/thumb/v7e-m/fpv4-sp/hard\libc_nano.a(lib_a-closer.o)
 .ARM.attributes
                0x00000a2f       0x34 C:/Programs/NXP/S32DS_ARM_v2.2/S32DS/build_tools/gcc_v6.3/gcc-6.3-arm32-eabi/arm-none-eabi/newlib/lib/thumb/v7e-m/fpv4-sp/hard\libc_nano.a(lib_a-fstatr.o)
 .ARM.attributes
                0x00000a63       0x34 C:/Programs/NXP/S32DS_ARM_v2.2/S32DS/build_tools/gcc_v6.3/gcc-6.3-arm32-eabi/arm-none-eabi/newlib/lib/thumb/v7e-m/fpv4-sp/hard\libc_nano.a(lib_a-isattyr.o)
 .ARM.attributes
                0x00000a97       0x34 C:/Programs/NXP/S32DS_ARM_v2.2/S32DS/build_tools/gcc_v6.3/gcc-6.3-arm32-eabi/arm-none-eabi/newlib/lib/thumb/v7e-m/fpv4-sp/hard\libc_nano.a(lib_a-lseekr.o)
 .ARM.attributes
                0x00000acb       0x34 C:/Programs/NXP/S32DS_ARM_v2.2/S32DS/build_tools/gcc_v6.3/gcc-6.3-arm32-eabi/arm-none-eabi/newlib/lib/thumb/v7e-m/fpv4-sp/hard\libc_nano.a(lib_a-mlock.o)
 .ARM.attributes
                0x00000aff       0x34 C:/Programs/NXP/S32DS_ARM_v2.2/S32DS/build_tools/gcc_v6.3/gcc-6.3-arm32-eabi/arm-none-eabi/newlib/lib/thumb/v7e-m/fpv4-sp/hard\libc_nano.a(lib_a-readr.o)
 .ARM.attributes
                0x00000b33       0x34 C:/Programs/NXP/S32DS_ARM_v2.2/S32DS/build_tools/gcc_v6.3/gcc-6.3-arm32-eabi/arm-none-eabi/newlib/lib/thumb/v7e-m/fpv4-sp/hard\libc_nano.a(lib_a-reent.o)
 .ARM.attributes
                0x00000b67       0x34 C:/Programs/NXP/S32DS_ARM_v2.2/S32DS/build_tools/gcc_v6.3/gcc-6.3-arm32-eabi/arm-none-eabi/newlib/lib/thumb/v7e-m/fpv4-sp/hard\libnosys.a(close.o)
 .ARM.attributes
                0x00000b9b       0x34 C:/Programs/NXP/S32DS_ARM_v2.2/S32DS/build_tools/gcc_v6.3/gcc-6.3-arm32-eabi/arm-none-eabi/newlib/lib/thumb/v7e-m/fpv4-sp/hard\libnosys.a(fstat.o)
 .ARM.attributes
                0x00000bcf       0x34 C:/Programs/NXP/S32DS_ARM_v2.2/S32DS/build_tools/gcc_v6.3/gcc-6.3-arm32-eabi/arm-none-eabi/newlib/lib/thumb/v7e-m/fpv4-sp/hard\libnosys.a(isatty.o)
 .ARM.attributes
                0x00000c03       0x34 C:/Programs/NXP/S32DS_ARM_v2.2/S32DS/build_tools/gcc_v6.3/gcc-6.3-arm32-eabi/arm-none-eabi/newlib/lib/thumb/v7e-m/fpv4-sp/hard\libnosys.a(lseek.o)
 .ARM.attributes
                0x00000c37       0x34 C:/Programs/NXP/S32DS_ARM_v2.2/S32DS/build_tools/gcc_v6.3/gcc-6.3-arm32-eabi/arm-none-eabi/newlib/lib/thumb/v7e-m/fpv4-sp/hard\libnosys.a(read.o)
 .ARM.attributes
                0x00000c6b       0x34 C:/Programs/NXP/S32DS_ARM_v2.2/S32DS/build_tools/gcc_v6.3/gcc-6.3-arm32-eabi/arm-none-eabi/newlib/lib/thumb/v7e-m/fpv4-sp/hard\libnosys.a(sbrk.o)
                0x00000001                ASSERT ((__rom_end <= (ORIGIN (m_text) + LENGTH (m_text))), Region m_text overflowed!)
                0x00000001                ASSERT ((__StackLimit >= __HeapLimit), region m_data_2 overflowed with stack and heap)
OUTPUT(freertos_s32k144.elf elf32-littlearm)

.debug_info     0x00000000    0x345a8
 .debug_info    0x00000000     0x2374 ./Generated_Code/Receive.o
 .debug_info    0x00002374     0x2374 ./Generated_Code/Send.o
 .debug_info    0x000046e8     0x249c ./Generated_Code/clockMan1.o
 .debug_info    0x00006b84       0x26 ./Project_Settings/Startup_Code/startup_S32K144.o
 .debug_info    0x00006baa      0x521 ./SDK/platform/devices/S32K144/startup/system_S32K144.o
 .debug_info    0x000070cb      0x2ad ./SDK/platform/devices/startup.o
 .debug_info    0x00007378     0x60a9 ./SDK/platform/drivers/src/clock/S32K1xx/clock_S32K1xx.o
 .debug_info    0x0000d421     0x479e ./SDK/platform/drivers/src/edma/edma_driver.o
 .debug_info    0x00011bbf      0xa55 ./SDK/platform/drivers/src/edma/edma_hw_access.o
 .debug_info    0x00012614      0x6db ./SDK/platform/drivers/src/edma/edma_irq.o
 .debug_info    0x00012cef      0xc99 ./SDK/platform/drivers/src/interrupt/interrupt_manager.o
 .debug_info    0x00013988     0x13b7 ./SDK/platform/drivers/src/lpspi/lpspi_hw_access.o
 .debug_info    0x00014d3f      0x799 ./SDK/platform/drivers/src/lpspi/lpspi_irq.o
 .debug_info    0x000154d8     0x2fca ./SDK/platform/drivers/src/lpspi/lpspi_master_driver.o
 .debug_info    0x000184a2      0xba6 ./SDK/platform/drivers/src/lpspi/lpspi_shared_function.o
 .debug_info    0x00019048     0x2620 ./SDK/platform/drivers/src/lpspi/lpspi_slave_driver.o
 .debug_info    0x0001b668     0x14ba ./SDK/platform/drivers/src/pins/pins_driver.o
 .debug_info    0x0001cb22      0x9a5 ./SDK/platform/drivers/src/pins/pins_port_hw_access.o
 .debug_info    0x0001d4c7      0xaa8 ./SDK/rtos/FreeRTOS_S32K/Source/list.o
 .debug_info    0x0001df6f     0x276a ./SDK/rtos/FreeRTOS_S32K/Source/queue.o
 .debug_info    0x000206d9     0x313f ./SDK/rtos/FreeRTOS_S32K/Source/tasks.o
 .debug_info    0x00023818     0x1a95 ./SDK/rtos/FreeRTOS_S32K/Source/timers.o
 .debug_info    0x000252ad      0x560 ./SDK/rtos/FreeRTOS_S32K/Source/portable/GCC/ARM_CM4F/port.o
 .debug_info    0x0002580d      0xb85 ./SDK/rtos/FreeRTOS_S32K/Source/portable/MemMang/heap_2.o
 .debug_info    0x00026392      0xb61 ./SDK/rtos/osif/osif_freertos.o
 .debug_info    0x00026ef3     0x2521 ./Sources/init.o
 .debug_info    0x00029414     0x23a6 ./Sources/main.o
 .debug_info    0x0002b7ba     0x2aff ./Sources/rtos.o
 .debug_info    0x0002e2b9     0x2c99 ./Sources/task_SPI_master.o
 .debug_info    0x00030f52     0x2c51 ./Sources/task_SPI_slave.o
 .debug_info    0x00033ba3      0xa05 ./Sources/util.o

.debug_abbrev   0x00000000     0x4959
 .debug_abbrev  0x00000000      0x151 ./Generated_Code/Receive.o
 .debug_abbrev  0x00000151      0x151 ./Generated_Code/Send.o
 .debug_abbrev  0x000002a2      0x15e ./Generated_Code/clockMan1.o
 .debug_abbrev  0x00000400       0x14 ./Project_Settings/Startup_Code/startup_S32K144.o
 .debug_abbrev  0x00000414      0x141 ./SDK/platform/devices/S32K144/startup/system_S32K144.o
 .debug_abbrev  0x00000555       0xe1 ./SDK/platform/devices/startup.o
 .debug_abbrev  0x00000636      0x409 ./SDK/platform/drivers/src/clock/S32K1xx/clock_S32K1xx.o
 .debug_abbrev  0x00000a3f      0x412 ./SDK/platform/drivers/src/edma/edma_driver.o
 .debug_abbrev  0x00000e51      0x240 ./SDK/platform/drivers/src/edma/edma_hw_access.o
 .debug_abbrev  0x00001091      0x1b9 ./SDK/platform/drivers/src/edma/edma_irq.o
 .debug_abbrev  0x0000124a      0x278 ./SDK/platform/drivers/src/interrupt/interrupt_manager.o
 .debug_abbrev  0x000014c2      0x2a8 ./SDK/platform/drivers/src/lpspi/lpspi_hw_access.o
 .debug_abbrev  0x0000176a      0x15e ./SDK/platform/drivers/src/lpspi/lpspi_irq.o
 .debug_abbrev  0x000018c8      0x3fe ./SDK/platform/drivers/src/lpspi/lpspi_master_driver.o
 .debug_abbrev  0x00001cc6      0x258 ./SDK/platform/drivers/src/lpspi/lpspi_shared_function.o
 .debug_abbrev  0x00001f1e      0x3ed ./SDK/platform/drivers/src/lpspi/lpspi_slave_driver.o
 .debug_abbrev  0x0000230b      0x2f6 ./SDK/platform/drivers/src/pins/pins_driver.o
 .debug_abbrev  0x00002601      0x232 ./SDK/platform/drivers/src/pins/pins_port_hw_access.o
 .debug_abbrev  0x00002833      0x1da ./SDK/rtos/FreeRTOS_S32K/Source/list.o
 .debug_abbrev  0x00002a0d      0x3b0 ./SDK/rtos/FreeRTOS_S32K/Source/queue.o
 .debug_abbrev  0x00002dbd      0x3d4 ./SDK/rtos/FreeRTOS_S32K/Source/tasks.o
 .debug_abbrev  0x00003191      0x387 ./SDK/rtos/FreeRTOS_S32K/Source/timers.o
 .debug_abbrev  0x00003518      0x22a ./SDK/rtos/FreeRTOS_S32K/Source/portable/GCC/ARM_CM4F/port.o
 .debug_abbrev  0x00003742      0x29e ./SDK/rtos/FreeRTOS_S32K/Source/portable/MemMang/heap_2.o
 .debug_abbrev  0x000039e0      0x271 ./SDK/rtos/osif/osif_freertos.o
 .debug_abbrev  0x00003c51      0x1cf ./Sources/init.o
 .debug_abbrev  0x00003e20      0x191 ./Sources/main.o
 .debug_abbrev  0x00003fb1      0x2ef ./Sources/rtos.o
 .debug_abbrev  0x000042a0      0x26c ./Sources/task_SPI_master.o
 .debug_abbrev  0x0000450c      0x241 ./Sources/task_SPI_slave.o
 .debug_abbrev  0x0000474d      0x20c ./Sources/util.o

.debug_aranges  0x00000000      0xd88
 .debug_aranges
                0x00000000       0x18 ./Generated_Code/Receive.o
 .debug_aranges
                0x00000018       0x18 ./Generated_Code/Send.o
 .debug_aranges
                0x00000030       0x18 ./Generated_Code/clockMan1.o
 .debug_aranges
                0x00000048       0x20 ./Project_Settings/Startup_Code/startup_S32K144.o
 .debug_aranges
                0x00000068       0x30 ./SDK/platform/devices/S32K144/startup/system_S32K144.o
 .debug_aranges
                0x00000098       0x20 ./SDK/platform/devices/startup.o
 .debug_aranges
                0x000000b8      0x120 ./SDK/platform/drivers/src/clock/S32K1xx/clock_S32K1xx.o
 .debug_aranges
                0x000001d8      0x140 ./SDK/platform/drivers/src/edma/edma_driver.o
 .debug_aranges
                0x00000318       0x88 ./SDK/platform/drivers/src/edma/edma_hw_access.o
 .debug_aranges
                0x000003a0       0xa0 ./SDK/platform/drivers/src/edma/edma_irq.o
 .debug_aranges
                0x00000440       0x70 ./SDK/platform/drivers/src/interrupt/interrupt_manager.o
 .debug_aranges
                0x000004b0       0x70 ./SDK/platform/drivers/src/lpspi/lpspi_hw_access.o
 .debug_aranges
                0x00000520       0x30 ./SDK/platform/drivers/src/lpspi/lpspi_irq.o
 .debug_aranges
                0x00000550       0x90 ./SDK/platform/drivers/src/lpspi/lpspi_master_driver.o
 .debug_aranges
                0x000005e0       0x38 ./SDK/platform/drivers/src/lpspi/lpspi_shared_function.o
 .debug_aranges
                0x00000618       0x60 ./SDK/platform/drivers/src/lpspi/lpspi_slave_driver.o
 .debug_aranges
                0x00000678       0xe0 ./SDK/platform/drivers/src/pins/pins_driver.o
 .debug_aranges
                0x00000758       0x40 ./SDK/platform/drivers/src/pins/pins_port_hw_access.o
 .debug_aranges
                0x00000798       0x40 ./SDK/rtos/FreeRTOS_S32K/Source/list.o
 .debug_aranges
                0x000007d8      0x108 ./SDK/rtos/FreeRTOS_S32K/Source/queue.o
 .debug_aranges
                0x000008e0      0x1b0 ./SDK/rtos/FreeRTOS_S32K/Source/tasks.o
 .debug_aranges
                0x00000a90       0x98 ./SDK/rtos/FreeRTOS_S32K/Source/timers.o
 .debug_aranges
                0x00000b28       0x80 ./SDK/rtos/FreeRTOS_S32K/Source/portable/GCC/ARM_CM4F/port.o
 .debug_aranges
                0x00000ba8       0x38 ./SDK/rtos/FreeRTOS_S32K/Source/portable/MemMang/heap_2.o
 .debug_aranges
                0x00000be0       0x68 ./SDK/rtos/osif/osif_freertos.o
 .debug_aranges
                0x00000c48       0x40 ./Sources/init.o
 .debug_aranges
                0x00000c88       0x20 ./Sources/main.o
 .debug_aranges
                0x00000ca8       0x78 ./Sources/rtos.o
 .debug_aranges
                0x00000d20       0x28 ./Sources/task_SPI_master.o
 .debug_aranges
                0x00000d48       0x20 ./Sources/task_SPI_slave.o
 .debug_aranges
                0x00000d68       0x20 ./Sources/util.o

.debug_macro    0x00000000    0x12f1f
 .debug_macro   0x00000000      0x22e ./Generated_Code/Receive.o
 .debug_macro   0x0000022e     0xed32 ./Generated_Code/Receive.o
 .debug_macro   0x0000ef60       0x10 ./Generated_Code/Receive.o
 .debug_macro   0x0000ef70       0x10 ./Generated_Code/Receive.o
 .debug_macro   0x0000ef80      0x227 ./Generated_Code/Send.o
 .debug_macro   0x0000f1a7      0x223 ./Generated_Code/clockMan1.o
 .debug_macro   0x0000f3ca       0xb6 ./SDK/platform/devices/S32K144/startup/system_S32K144.o
 .debug_macro   0x0000f480       0xb6 ./SDK/platform/devices/startup.o
 .debug_macro   0x0000f536       0x40 ./SDK/platform/devices/startup.o
 .debug_macro   0x0000f576      0x2a4 ./SDK/platform/drivers/src/clock/S32K1xx/clock_S32K1xx.o
 .debug_macro   0x0000f81a       0xf7 ./SDK/platform/drivers/src/edma/edma_driver.o
 .debug_macro   0x0000f911       0xcc ./SDK/platform/drivers/src/edma/edma_hw_access.o
 .debug_macro   0x0000f9dd       0xd0 ./SDK/platform/drivers/src/edma/edma_irq.o
 .debug_macro   0x0000faad       0xca ./SDK/platform/drivers/src/interrupt/interrupt_manager.o
 .debug_macro   0x0000fb77      0x179 ./SDK/platform/drivers/src/lpspi/lpspi_hw_access.o
 .debug_macro   0x0000fcf0      0x1a5 ./SDK/platform/drivers/src/lpspi/lpspi_irq.o
 .debug_macro   0x0000fe95       0x4c ./SDK/platform/drivers/src/lpspi/lpspi_irq.o
 .debug_macro   0x0000fee1       0x55 ./SDK/platform/drivers/src/lpspi/lpspi_irq.o
 .debug_macro   0x0000ff36       0x3c ./SDK/platform/drivers/src/lpspi/lpspi_irq.o
 .debug_macro   0x0000ff72       0x9c ./SDK/platform/drivers/src/lpspi/lpspi_irq.o
 .debug_macro   0x0001000e       0x16 ./SDK/platform/drivers/src/lpspi/lpspi_irq.o
 .debug_macro   0x00010024       0x57 ./SDK/platform/drivers/src/lpspi/lpspi_irq.o
 .debug_macro   0x0001007b      0x244 ./SDK/platform/drivers/src/lpspi/lpspi_master_driver.o
 .debug_macro   0x000102bf       0x52 ./SDK/platform/drivers/src/lpspi/lpspi_master_driver.o
 .debug_macro   0x00010311       0x1f ./SDK/platform/drivers/src/lpspi/lpspi_master_driver.o
 .debug_macro   0x00010330       0x43 ./SDK/platform/drivers/src/lpspi/lpspi_master_driver.o
 .debug_macro   0x00010373       0x20 ./SDK/platform/drivers/src/lpspi/lpspi_master_driver.o
 .debug_macro   0x00010393      0x1a3 ./SDK/platform/drivers/src/lpspi/lpspi_master_driver.o
 .debug_macro   0x00010536      0x330 ./SDK/platform/drivers/src/lpspi/lpspi_master_driver.o
 .debug_macro   0x00010866       0x10 ./SDK/platform/drivers/src/lpspi/lpspi_master_driver.o
 .debug_macro   0x00010876       0x35 ./SDK/platform/drivers/src/lpspi/lpspi_master_driver.o
 .debug_macro   0x000108ab      0x1ad ./SDK/platform/drivers/src/lpspi/lpspi_shared_function.o
 .debug_macro   0x00010a58      0x23e ./SDK/platform/drivers/src/lpspi/lpspi_slave_driver.o
 .debug_macro   0x00010c96       0xde ./SDK/platform/drivers/src/pins/pins_driver.o
 .debug_macro   0x00010d74       0xde ./SDK/platform/drivers/src/pins/pins_port_hw_access.o
 .debug_macro   0x00010e52      0x172 ./SDK/rtos/FreeRTOS_S32K/Source/list.o
 .debug_macro   0x00010fc4      0x1e4 ./SDK/rtos/FreeRTOS_S32K/Source/queue.o
 .debug_macro   0x000111a8       0x16 ./SDK/rtos/FreeRTOS_S32K/Source/queue.o
 .debug_macro   0x000111be      0x2b0 ./SDK/rtos/FreeRTOS_S32K/Source/tasks.o
 .debug_macro   0x0001146e       0x10 ./SDK/rtos/FreeRTOS_S32K/Source/tasks.o
 .debug_macro   0x0001147e       0x1c ./SDK/rtos/FreeRTOS_S32K/Source/tasks.o
 .debug_macro   0x0001149a       0x10 ./SDK/rtos/FreeRTOS_S32K/Source/tasks.o
 .debug_macro   0x000114aa       0x10 ./SDK/rtos/FreeRTOS_S32K/Source/tasks.o
 .debug_macro   0x000114ba       0xb6 ./SDK/rtos/FreeRTOS_S32K/Source/tasks.o
 .debug_macro   0x00011570       0x16 ./SDK/rtos/FreeRTOS_S32K/Source/tasks.o
 .debug_macro   0x00011586      0x130 ./SDK/rtos/FreeRTOS_S32K/Source/tasks.o
 .debug_macro   0x000116b6      0x1b5 ./SDK/rtos/FreeRTOS_S32K/Source/timers.o
 .debug_macro   0x0001186b      0x196 ./SDK/rtos/FreeRTOS_S32K/Source/portable/GCC/ARM_CM4F/port.o
 .debug_macro   0x00011a01      0x19f ./SDK/rtos/FreeRTOS_S32K/Source/portable/MemMang/heap_2.o
 .debug_macro   0x00011ba0      0x155 ./SDK/rtos/osif/osif_freertos.o
 .debug_macro   0x00011cf5      0x23b ./Sources/init.o
 .debug_macro   0x00011f30       0x1c ./Sources/init.o
 .debug_macro   0x00011f4c      0x234 ./Sources/main.o
 .debug_macro   0x00012180      0x2c6 ./Sources/rtos.o
 .debug_macro   0x00012446       0x4c ./Sources/rtos.o
 .debug_macro   0x00012492       0x2e ./Sources/rtos.o
 .debug_macro   0x000124c0      0x361 ./Sources/task_SPI_master.o
 .debug_macro   0x00012821       0x16 ./Sources/task_SPI_master.o
 .debug_macro   0x00012837       0x97 ./Sources/task_SPI_master.o
 .debug_macro   0x000128ce       0xf6 ./Sources/task_SPI_master.o
 .debug_macro   0x000129c4       0x22 ./Sources/task_SPI_master.o
 .debug_macro   0x000129e6      0x364 ./Sources/task_SPI_slave.o
 .debug_macro   0x00012d4a       0x1c ./Sources/task_SPI_slave.o
 .debug_macro   0x00012d66      0x1b9 ./Sources/util.o

.debug_line     0x00000000    0x10fd5
 .debug_line    0x00000000      0x8cc ./Generated_Code/Receive.o
 .debug_line    0x000008cc      0x8c9 ./Generated_Code/Send.o
 .debug_line    0x00001195      0x8ce ./Generated_Code/clockMan1.o
 .debug_line    0x00001a63       0xda ./Project_Settings/Startup_Code/startup_S32K144.o
 .debug_line    0x00001b3d      0x494 ./SDK/platform/devices/S32K144/startup/system_S32K144.o
 .debug_line    0x00001fd1      0x413 ./SDK/platform/devices/startup.o
 .debug_line    0x000023e4     0x1543 ./SDK/platform/drivers/src/clock/S32K1xx/clock_S32K1xx.o
 .debug_line    0x00003927     0x1117 ./SDK/platform/drivers/src/edma/edma_driver.o
 .debug_line    0x00004a3e      0x696 ./SDK/platform/drivers/src/edma/edma_hw_access.o
 .debug_line    0x000050d4      0x5fd ./SDK/platform/drivers/src/edma/edma_irq.o
 .debug_line    0x000056d1      0x628 ./SDK/platform/drivers/src/interrupt/interrupt_manager.o
 .debug_line    0x00005cf9      0x94b ./SDK/platform/drivers/src/lpspi/lpspi_hw_access.o
 .debug_line    0x00006644      0x841 ./SDK/platform/drivers/src/lpspi/lpspi_irq.o
 .debug_line    0x00006e85      0xd37 ./SDK/platform/drivers/src/lpspi/lpspi_master_driver.o
 .debug_line    0x00007bbc      0x91f ./SDK/platform/drivers/src/lpspi/lpspi_shared_function.o
 .debug_line    0x000084db      0xbc6 ./SDK/platform/drivers/src/lpspi/lpspi_slave_driver.o
 .debug_line    0x000090a1      0x76f ./SDK/platform/drivers/src/pins/pins_driver.o
 .debug_line    0x00009810      0x62e ./SDK/platform/drivers/src/pins/pins_port_hw_access.o
 .debug_line    0x00009e3e      0x5a1 ./SDK/rtos/FreeRTOS_S32K/Source/list.o
 .debug_line    0x0000a3df      0xbc4 ./SDK/rtos/FreeRTOS_S32K/Source/queue.o
 .debug_line    0x0000afa3      0xf8c ./SDK/rtos/FreeRTOS_S32K/Source/tasks.o
 .debug_line    0x0000bf2f      0x7cf ./SDK/rtos/FreeRTOS_S32K/Source/timers.o
 .debug_line    0x0000c6fe      0x5e3 ./SDK/rtos/FreeRTOS_S32K/Source/portable/GCC/ARM_CM4F/port.o
 .debug_line    0x0000cce1      0x5da ./SDK/rtos/FreeRTOS_S32K/Source/portable/MemMang/heap_2.o
 .debug_line    0x0000d2bb      0x7ad ./SDK/rtos/osif/osif_freertos.o
 .debug_line    0x0000da68      0x922 ./Sources/init.o
 .debug_line    0x0000e38a      0x8d8 ./Sources/main.o
 .debug_line    0x0000ec62      0xa4b ./Sources/rtos.o
 .debug_line    0x0000f6ad      0xa19 ./Sources/task_SPI_master.o
 .debug_line    0x000100c6      0x9f3 ./Sources/task_SPI_slave.o
 .debug_line    0x00010ab9      0x51c ./Sources/util.o

.debug_str      0x00000000    0x7d68c
 .debug_str     0x00000000    0x6f871 ./Generated_Code/Receive.o
                              0x6fd9b (size before relaxing)
 .debug_str     0x0006f871       0x19 ./Generated_Code/Send.o
                              0x6fd98 (size before relaxing)
 .debug_str     0x0006f88a      0x4b6 ./Generated_Code/clockMan1.o
                              0x70235 (size before relaxing)
 .debug_str     0x0006fd40       0x8a ./Project_Settings/Startup_Code/startup_S32K144.o
                                0x120 (size before relaxing)
 .debug_str     0x0006fdca      0x1f5 ./SDK/platform/devices/S32K144/startup/system_S32K144.o
                              0x68865 (size before relaxing)
 .debug_str     0x0006ffbf      0x3a7 ./SDK/platform/devices/startup.o
                              0x689d7 (size before relaxing)
 .debug_str     0x00070366     0x1e05 ./SDK/platform/drivers/src/clock/S32K1xx/clock_S32K1xx.o
                              0x6ca00 (size before relaxing)
 .debug_str     0x0007216b     0x1231 ./SDK/platform/drivers/src/edma/edma_driver.o
                              0x6b76e (size before relaxing)
 .debug_str     0x0007339c       0x86 ./SDK/platform/drivers/src/edma/edma_hw_access.o
                              0x68f36 (size before relaxing)
 .debug_str     0x00073422      0x1a2 ./SDK/platform/drivers/src/edma/edma_irq.o
                              0x68c41 (size before relaxing)
 .debug_str     0x000735c4      0x1ce ./SDK/platform/drivers/src/interrupt/interrupt_manager.o
                              0x69160 (size before relaxing)
 .debug_str     0x00073792      0x544 ./SDK/platform/drivers/src/lpspi/lpspi_hw_access.o
                              0x6e1a8 (size before relaxing)
 .debug_str     0x00073cd6      0x532 ./SDK/platform/drivers/src/lpspi/lpspi_irq.o
                              0x6d424 (size before relaxing)
 .debug_str     0x00074208     0x3239 ./SDK/platform/drivers/src/lpspi/lpspi_master_driver.o