Archive member included to satisfy reference by file (symbol)

c:/programs/nxp/s32ds_arm_v2.2/s32ds/build_tools/gcc_v6.3/gcc-6.3-arm32-eabi/bin/../lib/gcc/arm-none-eabi/6.3.1/thumb/v7e-m/fpv4-sp/hard\libgcc.a(_aeabi_uldivmod.o)
                              ./SDK/rtos/osif/osif_freertos.o (__aeabi_uldivmod)
c:/programs/nxp/s32ds_arm_v2.2/s32ds/build_tools/gcc_v6.3/gcc-6.3-arm32-eabi/bin/../lib/gcc/arm-none-eabi/6.3.1/thumb/v7e-m/fpv4-sp/hard\libgcc.a(_udivmoddi4.o)
                              c:/programs/nxp/s32ds_arm_v2.2/s32ds/build_tools/gcc_v6.3/gcc-6.3-arm32-eabi/bin/../lib/gcc/arm-none-eabi/6.3.1/thumb/v7e-m/fpv4-sp/hard\libgcc.a(_aeabi_uldivmod.o) (__udivmoddi4)
c:/programs/nxp/s32ds_arm_v2.2/s32ds/build_tools/gcc_v6.3/gcc-6.3-arm32-eabi/bin/../lib/gcc/arm-none-eabi/6.3.1/thumb/v7e-m/fpv4-sp/hard\libgcc.a(_dvmd_tls.o)
                              c:/programs/nxp/s32ds_arm_v2.2/s32ds/build_tools/gcc_v6.3/gcc-6.3-arm32-eabi/bin/../lib/gcc/arm-none-eabi/6.3.1/thumb/v7e-m/fpv4-sp/hard\libgcc.a(_aeabi_uldivmod.o) (__aeabi_ldiv0)
C:/Programs/NXP/S32DS_ARM_v2.2/S32DS/build_tools/gcc_v6.3/gcc-6.3-arm32-eabi/arm-none-eabi/newlib/lib/thumb/v7e-m/fpv4-sp/hard\libc_nano.a(lib_a-exit.o)
                              C:/Programs/NXP/S32DS_ARM_v2.2/S32DS/build_tools/gcc_v6.3/gcc-6.3-arm32-eabi/arm-none-eabi/newlib/lib/thumb/v7e-m/fpv4-sp/hard/crt0.o (exit)
C:/Programs/NXP/S32DS_ARM_v2.2/S32DS/build_tools/gcc_v6.3/gcc-6.3-arm32-eabi/arm-none-eabi/newlib/lib/thumb/v7e-m/fpv4-sp/hard\libc_nano.a(lib_a-impure.o)
                              C:/Programs/NXP/S32DS_ARM_v2.2/S32DS/build_tools/gcc_v6.3/gcc-6.3-arm32-eabi/arm-none-eabi/newlib/lib/thumb/v7e-m/fpv4-sp/hard\libc_nano.a(lib_a-exit.o) (_global_impure_ptr)
C:/Programs/NXP/S32DS_ARM_v2.2/S32DS/build_tools/gcc_v6.3/gcc-6.3-arm32-eabi/arm-none-eabi/newlib/lib/thumb/v7e-m/fpv4-sp/hard\libc_nano.a(lib_a-init.o)
                              C:/Programs/NXP/S32DS_ARM_v2.2/S32DS/build_tools/gcc_v6.3/gcc-6.3-arm32-eabi/arm-none-eabi/newlib/lib/thumb/v7e-m/fpv4-sp/hard/crt0.o (__libc_init_array)
C:/Programs/NXP/S32DS_ARM_v2.2/S32DS/build_tools/gcc_v6.3/gcc-6.3-arm32-eabi/arm-none-eabi/newlib/lib/thumb/v7e-m/fpv4-sp/hard\libc_nano.a(lib_a-memcpy-stub.o)
                              ./SDK/rtos/FreeRTOS_S32K/Source/queue.o (memcpy)
C:/Programs/NXP/S32DS_ARM_v2.2/S32DS/build_tools/gcc_v6.3/gcc-6.3-arm32-eabi/arm-none-eabi/newlib/lib/thumb/v7e-m/fpv4-sp/hard\libc_nano.a(lib_a-memset.o)
                              C:/Programs/NXP/S32DS_ARM_v2.2/S32DS/build_tools/gcc_v6.3/gcc-6.3-arm32-eabi/arm-none-eabi/newlib/lib/thumb/v7e-m/fpv4-sp/hard/crt0.o (memset)
C:/Programs/NXP/S32DS_ARM_v2.2/S32DS/build_tools/gcc_v6.3/gcc-6.3-arm32-eabi/arm-none-eabi/newlib/lib/thumb/v7e-m/fpv4-sp/hard\libc_nano.a(lib_a-puts.o)
                              ./Sources/task_SPI_master.o (puts)
C:/Programs/NXP/S32DS_ARM_v2.2/S32DS/build_tools/gcc_v6.3/gcc-6.3-arm32-eabi/arm-none-eabi/newlib/lib/thumb/v7e-m/fpv4-sp/hard\libc_nano.a(lib_a-strlen.o)
                              ./SDK/rtos/FreeRTOS_S32K/Source/tasks.o (strlen)
C:/Programs/NXP/S32DS_ARM_v2.2/S32DS/build_tools/gcc_v6.3/gcc-6.3-arm32-eabi/arm-none-eabi/newlib/lib/thumb/v7e-m/fpv4-sp/hard\libc_nano.a(lib_a-wbuf.o)
                              C:/Programs/NXP/S32DS_ARM_v2.2/S32DS/build_tools/gcc_v6.3/gcc-6.3-arm32-eabi/arm-none-eabi/newlib/lib/thumb/v7e-m/fpv4-sp/hard\libc_nano.a(lib_a-puts.o) (__swbuf_r)
C:/Programs/NXP/S32DS_ARM_v2.2/S32DS/build_tools/gcc_v6.3/gcc-6.3-arm32-eabi/arm-none-eabi/newlib/lib/thumb/v7e-m/fpv4-sp/hard\libc_nano.a(lib_a-wsetup.o)
                              C:/Programs/NXP/S32DS_ARM_v2.2/S32DS/build_tools/gcc_v6.3/gcc-6.3-arm32-eabi/arm-none-eabi/newlib/lib/thumb/v7e-m/fpv4-sp/hard\libc_nano.a(lib_a-puts.o) (__swsetup_r)
C:/Programs/NXP/S32DS_ARM_v2.2/S32DS/build_tools/gcc_v6.3/gcc-6.3-arm32-eabi/arm-none-eabi/newlib/lib/thumb/v7e-m/fpv4-sp/hard\libc_nano.a(lib_a-fflush.o)
                              C:/Programs/NXP/S32DS_ARM_v2.2/S32DS/build_tools/gcc_v6.3/gcc-6.3-arm32-eabi/arm-none-eabi/newlib/lib/thumb/v7e-m/fpv4-sp/hard\libc_nano.a(lib_a-wbuf.o) (_fflush_r)
C:/Programs/NXP/S32DS_ARM_v2.2/S32DS/build_tools/gcc_v6.3/gcc-6.3-arm32-eabi/arm-none-eabi/newlib/lib/thumb/v7e-m/fpv4-sp/hard\libc_nano.a(lib_a-findfp.o)
                              C:/Programs/NXP/S32DS_ARM_v2.2/S32DS/build_tools/gcc_v6.3/gcc-6.3-arm32-eabi/arm-none-eabi/newlib/lib/thumb/v7e-m/fpv4-sp/hard\libc_nano.a(lib_a-puts.o) (__sinit)
C:/Programs/NXP/S32DS_ARM_v2.2/S32DS/build_tools/gcc_v6.3/gcc-6.3-arm32-eabi/arm-none-eabi/newlib/lib/thumb/v7e-m/fpv4-sp/hard\libc_nano.a(lib_a-fwalk.o)
                              C:/Programs/NXP/S32DS_ARM_v2.2/S32DS/build_tools/gcc_v6.3/gcc-6.3-arm32-eabi/arm-none-eabi/newlib/lib/thumb/v7e-m/fpv4-sp/hard\libc_nano.a(lib_a-fflush.o) (_fwalk_reent)
C:/Programs/NXP/S32DS_ARM_v2.2/S32DS/build_tools/gcc_v6.3/gcc-6.3-arm32-eabi/arm-none-eabi/newlib/lib/thumb/v7e-m/fpv4-sp/hard\libc_nano.a(lib_a-makebuf.o)
[...]
Memory Configuration

Name             Origin             Length             Attributes
m_interrupts     0x00000000         0x00000400         xr
m_flash_config   0x00000400         0x00000010         xr
m_text           0x00000410         0x0007fbf0         xr
m_data           0x1fff8000         0x00008000         rw
m_data_2         0x20000000         0x00007000         rw
*default*        0x00000000         0xffffffff

Linker script and memory map

LOAD c:/programs/nxp/s32ds_arm_v2.2/s32ds/build_tools/gcc_v6.3/gcc-6.3-arm32-eabi/bin/../lib/gcc/arm-none-eabi/6.3.1/thumb/v7e-m/fpv4-sp/hard/crti.o
LOAD c:/programs/nxp/s32ds_arm_v2.2/s32ds/build_tools/gcc_v6.3/gcc-6.3-arm32-eabi/bin/../lib/gcc/arm-none-eabi/6.3.1/thumb/v7e-m/fpv4-sp/hard/crtbegin.o
LOAD C:/Programs/NXP/S32DS_ARM_v2.2/S32DS/build_tools/gcc_v6.3/gcc-6.3-arm32-eabi/arm-none-eabi/newlib/lib/thumb/v7e-m/fpv4-sp/hard/crt0.o
LOAD ./Generated_Code/Cpu.o
LOAD ./Generated_Code/clockMan1.o
LOAD ./Generated_Code/dmaController1.o
LOAD ./Generated_Code/lpspiCom1.o
LOAD ./Generated_Code/lpuart1.o
LOAD ./Generated_Code/pin_mux.o
LOAD ./Project_Settings/Startup_Code/startup_S32K144.o
LOAD ./SDK/platform/devices/S32K144/startup/system_S32K144.o
LOAD ./SDK/platform/devices/startup.o
LOAD ./SDK/platform/drivers/src/clock/S32K1xx/clock_S32K1xx.o
LOAD ./SDK/platform/drivers/src/edma/edma_driver.o
LOAD ./SDK/platform/drivers/src/edma/edma_hw_access.o
LOAD ./SDK/platform/drivers/src/edma/edma_irq.o
LOAD ./SDK/platform/drivers/src/interrupt/interrupt_manager.o
LOAD ./SDK/platform/drivers/src/lpspi/lpspi_hw_access.o
LOAD ./SDK/platform/drivers/src/lpspi/lpspi_irq.o
LOAD ./SDK/platform/drivers/src/lpspi/lpspi_master_driver.o
LOAD ./SDK/platform/drivers/src/lpspi/lpspi_shared_function.o
LOAD ./SDK/platform/drivers/src/lpspi/lpspi_slave_driver.o
LOAD ./SDK/platform/drivers/src/lpuart/lpuart_driver.o
LOAD ./SDK/platform/drivers/src/lpuart/lpuart_hw_access.o
LOAD ./SDK/platform/drivers/src/lpuart/lpuart_irq.o
LOAD ./SDK/platform/drivers/src/pins/pins_driver.o
LOAD ./SDK/platform/drivers/src/pins/pins_port_hw_access.o
LOAD ./SDK/rtos/FreeRTOS_S32K/Source/croutine.o
LOAD ./SDK/rtos/FreeRTOS_S32K/Source/event_groups.o
LOAD ./SDK/rtos/FreeRTOS_S32K/Source/list.o
LOAD ./SDK/rtos/FreeRTOS_S32K/Source/queue.o
LOAD ./SDK/rtos/FreeRTOS_S32K/Source/stream_buffer.o
LOAD ./SDK/rtos/FreeRTOS_S32K/Source/tasks.o
LOAD ./SDK/rtos/FreeRTOS_S32K/Source/timers.o
LOAD ./SDK/rtos/FreeRTOS_S32K/Source/portable/GCC/ARM_CM4F/port.o
LOAD ./SDK/rtos/FreeRTOS_S32K/Source/portable/MemMang/heap_2.o
LOAD ./SDK/rtos/osif/osif_freertos.o
LOAD ./Sources/init.o
LOAD ./Sources/main.o
LOAD ./Sources/rtos.o
LOAD ./Sources/task_SPI_master.o
LOAD ./Sources/util.o
START GROUP
LOAD c:/programs/nxp/s32ds_arm_v2.2/s32ds/build_tools/gcc_v6.3/gcc-6.3-arm32-eabi/bin/../lib/gcc/arm-none-eabi/6.3.1/thumb/v7e-m/fpv4-sp/hard\libgcc.a
LOAD C:/Programs/NXP/S32DS_ARM_v2.2/S32DS/build_tools/gcc_v6.3/gcc-6.3-arm32-eabi/arm-none-eabi/newlib/lib/thumb/v7e-m/fpv4-sp/hard\libc_nano.a
END GROUP
START GROUP
LOAD c:/programs/nxp/s32ds_arm_v2.2/s32ds/build_tools/gcc_v6.3/gcc-6.3-arm32-eabi/bin/../lib/gcc/arm-none-eabi/6.3.1/thumb/v7e-m/fpv4-sp/hard\libgcc.a
LOAD C:/Programs/NXP/S32DS_ARM_v2.2/S32DS/build_tools/gcc_v6.3/gcc-6.3-arm32-eabi/arm-none-eabi/newlib/lib/thumb/v7e-m/fpv4-sp/hard\libc_nano.a
LOAD C:/Programs/NXP/S32DS_ARM_v2.2/S32DS/build_tools/gcc_v6.3/gcc-6.3-arm32-eabi/arm-none-eabi/newlib/lib/thumb/v7e-m/fpv4-sp/hard\libnosys.a
END GROUP
START GROUP
LOAD c:/programs/nxp/s32ds_arm_v2.2/s32ds/build_tools/gcc_v6.3/gcc-6.3-arm32-eabi/bin/../lib/gcc/arm-none-eabi/6.3.1/thumb/v7e-m/fpv4-sp/hard\libgcc.a
LOAD C:/Programs/NXP/S32DS_ARM_v2.2/S32DS/build_tools/gcc_v6.3/gcc-6.3-arm32-eabi/arm-none-eabi/newlib/lib/thumb/v7e-m/fpv4-sp/hard\libc_nano.a
LOAD C:/Programs/NXP/S32DS_ARM_v2.2/S32DS/build_tools/gcc_v6.3/gcc-6.3-arm32-eabi/arm-none-eabi/newlib/lib/thumb/v7e-m/fpv4-sp/hard\libnosys.a
END GROUP
LOAD c:/programs/nxp/s32ds_arm_v2.2/s32ds/build_tools/gcc_v6.3/gcc-6.3-arm32-eabi/bin/../lib/gcc/arm-none-eabi/6.3.1/thumb/v7e-m/fpv4-sp/hard/crtend.o
LOAD c:/programs/nxp/s32ds_arm_v2.2/s32ds/build_tools/gcc_v6.3/gcc-6.3-arm32-eabi/bin/../lib/gcc/arm-none-eabi/6.3.1/thumb/v7e-m/fpv4-sp/hard/crtn.o
                0x00000400                HEAP_SIZE = DEFINED (__heap_size__)?__heap_size__:0x400
                0x00000400                STACK_SIZE = DEFINED (__stack_size__)?__stack_size__:0x400
                0x00000400                M_VECTOR_RAM_SIZE = DEFINED (__flash_vector_table__)?0x0:0x400

.interrupts     0x00000000      0x400
                0x00000000                __VECTOR_TABLE = .
                0x00000000                __interrupts_start__ = .
                0x00000000                . = ALIGN (0x4)
 *(.isr_vector)
 .isr_vector    0x00000000      0x400 ./Project_Settings/Startup_Code/startup_S32K144.o
                0x00000000                __isr_vector
                0x00000400                __interrupts_end__ = .
                0x00000400                . = ALIGN (0x4)

.flash_config   0x00000400       0x10
                0x00000400                . = ALIGN (0x4)
 *(.FlashConfig)
 .FlashConfig   0x00000400       0x10 ./Project_Settings/Startup_Code/startup_S32K144.o
                0x00000410                . = ALIGN (0x4)

.text           0x00000410     0x4088
                0x00000410                . = ALIGN (0x4)
 *(.text)
 .text          0x00000410       0x6c ./Project_Settings/Startup_Code/startup_S32K144.o
                0x00000410                Reset_Handler
                0x00000478                DebugMon_Handler
                0x00000478                Reserved88_IRQHandler
                0x00000478                CAN0_ORed_IRQHandler
                0x00000478                HardFault_Handler
                0x00000478                Reserved86_IRQHandler
                0x00000478                Reserved103_IRQHandler
                0x00000478                FTM2_Ovf_Reload_IRQHandler
                0x00000478                Reserved50_IRQHandler
                0x00000478                FTFC_Fault_IRQHandler
                0x00000478                FTM0_Ch6_Ch7_IRQHandler
                0x00000478                Reserved114_IRQHandler
                0x00000478                NMI_Handler
                0x00000478                Reserved89_IRQHandler
                0x00000478                ERM_double_fault_IRQHandler
                0x00000478                Reserved59_IRQHandler
                0x00000478                LPIT0_Ch0_IRQHandler
                0x00000478                Reserved99_IRQHandler
                0x00000478                FTM3_Ch6_Ch7_IRQHandler
                0x00000478                CAN2_ORed_0_15_MB_IRQHandler
                0x00000478                LPIT0_Ch3_IRQHandler
                0x00000478                Reserved92_IRQHandler
                0x00000478                FTM0_Ch4_Ch5_IRQHandler
                0x00000478                CAN1_Error_IRQHandler
                0x00000478                FTM3_Ch0_Ch1_IRQHandler
                0x00000478                SWI_IRQHandler
                0x00000478                ADC0_IRQHandler
                0x00000478                FTM2_Ch4_Ch5_IRQHandler
                0x00000478                UsageFault_Handler
                0x00000478                FTM0_Ovf_Reload_IRQHandler
                0x00000478                DefaultISR
                0x00000478                Reserved58_IRQHandler
                0x00000478                CAN1_ORed_0_15_MB_IRQHandler
                0x00000478                FTM1_Ch2_Ch3_IRQHandler
                0x00000478                Reserved82_IRQHandler
                0x00000478                CAN0_ORed_16_31_MB_IRQHandler
                0x00000478                LPI2C0_Slave_IRQHandler
                0x00000478                Reserved71_IRQHandler
                0x00000478                PORTD_IRQHandler
                0x00000478                Reserved69_IRQHandler
                0x00000478                PORTB_IRQHandler
                0x00000478                Reserved70_IRQHandler
                0x00000478                ADC1_IRQHandler
                0x00000478                FTM2_Ch2_Ch3_IRQHandler
                0x00000478                Reserved53_IRQHandler
                0x00000478                RTC_IRQHandler
                0x00000478                PDB0_IRQHandler
                0x00000478                Reserved54_IRQHandler
                0x00000478                FTM2_Ch6_Ch7_IRQHandler
                0x00000478                FTM3_Ch2_Ch3_IRQHandler
                0x00000478                FTM2_Ch0_Ch1_IRQHandler
                0x00000478                LPUART1_RxTx_IRQHandler
                0x00000478                RTC_Seconds_IRQHandler
                0x00000478                CAN2_ORed_IRQHandler
                0x00000478                Reserved72_IRQHandler
                0x00000478                Reserved110_IRQHandler
                0x00000478                Reserved107_IRQHandler
                0x00000478                Read_Collision_IRQHandler
                0x00000478                CAN2_Error_IRQHandler
                0x00000478                FTFC_IRQHandler
                0x00000478                FTM1_Ch6_Ch7_IRQHandler
                0x00000478                Reserved105_IRQHandler
                0x00000478                LPIT0_Ch1_IRQHandler
                0x00000478                FTM1_Ch4_Ch5_IRQHandler
                0x00000478                FTM3_Ovf_Reload_IRQHandler
                0x00000478                LPUART2_RxTx_IRQHandler
                0x00000478                WDOG_EWM_IRQHandler
                0x00000478                MemManage_Handler
                0x00000478                Reserved90_IRQHandler
                0x00000478                Reserved83_IRQHandler
                0x00000478                FTM0_Fault_IRQHandler
                0x00000478                Reserved48_IRQHandler
                0x00000478                ERM_single_fault_IRQHandler
                0x00000478                FTM2_Fault_IRQHandler
                0x00000478                FTM0_Ch2_Ch3_IRQHandler
                0x00000478                FTM0_Ch0_Ch1_IRQHandler
                0x00000478                FTM3_Fault_IRQHandler
                0x00000478                RCM_IRQHandler
                0x00000478                Reserved100_IRQHandler
                0x00000478                Reserved91_IRQHandler
                0x00000478                CAN1_ORed_IRQHandler
                0x00000478                SCG_IRQHandler
                0x00000478                PDB1_IRQHandler
                0x00000478                Reserved81_IRQHandler
                0x00000478                Reserved46_IRQHandler
                0x00000478                Reserved45_IRQHandler
                0x00000478                CAN0_Error_IRQHandler
                0x00000478                Reserved112_IRQHandler
                0x00000478                LPI2C0_Master_IRQHandler
                0x00000478                FTM1_Fault_IRQHandler
                0x00000478                Reserved106_IRQHandler
                0x00000478                LVD_LVW_IRQHandler
                0x00000478                LPIT0_Ch2_IRQHandler
                0x00000478                PORTA_IRQHandler
                0x00000478                MCM_IRQHandler
                0x00000478                FTM3_Ch4_Ch5_IRQHandler
                0x00000478                CAN0_ORed_0_15_MB_IRQHandler
                0x00000478                PORTE_IRQHandler
                0x00000478                LPUART0_RxTx_IRQHandler
                0x00000478                LPTMR0_IRQHandler
                0x00000478                BusFault_Handler
                0x00000478                Reserved87_IRQHandler
                0x00000478                FTM1_Ovf_Reload_IRQHandler
                0x00000478                Reserved93_IRQHandler
                0x00000478                CAN0_Wake_Up_IRQHandler
                0x00000478                CMP0_IRQHandler
                0x00000478                Reserved52_IRQHandler
                0x00000478                PORTC_IRQHandler
                0x00000478                FTM1_Ch0_Ch1_IRQHandler
                0x00000478                FLEXIO_IRQHandler
                0x00000478                Reserved113_IRQHandler
 *(.text*)
 .text.SystemInit
                0x0000047c       0x3c ./SDK/platform/devices/S32K144/startup/system_S32K144.o
                0x0000047c                SystemInit
 .text.init_data_bss
                0x000004b8       0xd8 ./SDK/platform/devices/startup.o
                0x000004b8                init_data_bss
 .text.CLOCK_SYS_GetCurrentRunMode
                0x00000590       0x24 ./SDK/platform/drivers/src/clock/S32K1xx/clock_S32K1xx.o
 .text.CLOCK_SYS_GetSysOscFreq
                0x000005b4       0x1c ./SDK/platform/drivers/src/clock/S32K1xx/clock_S32K1xx.o
 .text.CLOCK_SYS_ConfigureSOSC
                0x000005d0      0x12c ./SDK/platform/drivers/src/clock/S32K1xx/clock_S32K1xx.o
 .text.CLOCK_SYS_GetSircFreq
                0x000006fc       0x2c ./SDK/platform/drivers/src/clock/S32K1xx/clock_S32K1xx.o
 .text.CLOCK_SYS_ConfigureSIRC
                0x00000728       0xc4 ./SDK/platform/drivers/src/clock/S32K1xx/clock_S32K1xx.o
 .text.CLOCK_SYS_GetFircFreq
                0x000007ec       0x20 ./SDK/platform/drivers/src/clock/S32K1xx/clock_S32K1xx.o
 .text.CLOCK_SYS_ConfigureFIRC
                0x0000080c       0xb4 ./SDK/platform/drivers/src/clock/S32K1xx/clock_S32K1xx.o
 .text.CLOCK_SYS_GetSysPllFreq
                0x000008c0       0x44 ./SDK/platform/drivers/src/clock/S32K1xx/clock_S32K1xx.o
 .text.CLOCK_SYS_ConfigureSPLL
                0x00000904      0x12c ./SDK/platform/drivers/src/clock/S32K1xx/clock_S32K1xx.o
 .text.CLOCK_SYS_SetSystemClockConfig
                0x00000a30      0x204 ./SDK/platform/drivers/src/clock/S32K1xx/clock_S32K1xx.o
 .text.CLOCK_SYS_TransitionSystemClock
                0x00000c34       0x54 ./SDK/platform/drivers/src/clock/S32K1xx/clock_S32K1xx.o
 .text.CLOCK_DRV_Init
                0x00000c88      0x590 ./SDK/platform/drivers/src/clock/S32K1xx/clock_S32K1xx.o
                0x00000c88                CLOCK_DRV_Init
 .text.CLOCK_SYS_Init
                0x00001218       0x28 ./SDK/platform/drivers/src/clock/S32K1xx/clock_S32K1xx.o
                0x00001218                CLOCK_SYS_Init
 .text.CLOCK_SYS_UpdateConfiguration
                0x00001240       0xf4 ./SDK/platform/drivers/src/clock/S32K1xx/clock_S32K1xx.o
                0x00001240                CLOCK_SYS_UpdateConfiguration
 .text.EDMA_DRV_ClearIntStatus
                0x00001334       0x20 ./SDK/platform/drivers/src/edma/edma_driver.o
 .text.EDMA_DRV_IRQHandler
                0x00001354       0x20 ./SDK/platform/drivers/src/edma/edma_driver.o
                0x00001354                EDMA_DRV_IRQHandler
 .text.EDMA_DRV_ErrorIRQHandler
                0x00001374       0x40 ./SDK/platform/drivers/src/edma/edma_driver.o
                0x00001374                EDMA_DRV_ErrorIRQHandler
 .text.EDMA_DRV_GetDmaRegBaseAddr
                0x000013b4       0x10 ./SDK/platform/drivers/src/edma/edma_driver.o
                0x000013b4                EDMA_DRV_GetDmaRegBaseAddr
 .text.EDMA_SetDmaRequestCmd
                0x000013c4        0xa ./SDK/platform/drivers/src/edma/edma_hw_access.o
                0x000013c4                EDMA_SetDmaRequestCmd
 .text.DMA0_IRQHandler
                0x000013ce        0xa ./SDK/platform/drivers/src/edma/edma_irq.o
                0x000013ce                DMA0_IRQHandler
 .text.DMA1_IRQHandler
                0x000013d8        0xa ./SDK/platform/drivers/src/edma/edma_irq.o
                0x000013d8                DMA1_IRQHandler
 .text.DMA2_IRQHandler
                0x000013e2        0xa ./SDK/platform/drivers/src/edma/edma_irq.o
                0x000013e2                DMA2_IRQHandler
 .text.DMA3_IRQHandler
                0x000013ec        0xa ./SDK/platform/drivers/src/edma/edma_irq.o
                0x000013ec                DMA3_IRQHandler
 .text.DMA4_IRQHandler
                0x000013f6        0xa ./SDK/platform/drivers/src/edma/edma_irq.o
                0x000013f6                DMA4_IRQHandler
 .text.DMA5_IRQHandler
                0x00001400        0xa ./SDK/platform/drivers/src/edma/edma_irq.o
                0x00001400                DMA5_IRQHandler
 .text.DMA6_IRQHandler
                0x0000140a        0xa ./SDK/platform/drivers/src/edma/edma_irq.o
                0x0000140a                DMA6_IRQHandler
 .text.DMA7_IRQHandler
                0x00001414        0xa ./SDK/platform/drivers/src/edma/edma_irq.o
                0x00001414                DMA7_IRQHandler
 .text.DMA8_IRQHandler
                0x0000141e        0xa ./SDK/platform/drivers/src/edma/edma_irq.o
                0x0000141e                DMA8_IRQHandler
 .text.DMA9_IRQHandler
                0x00001428        0xa ./SDK/platform/drivers/src/edma/edma_irq.o
                0x00001428                DMA9_IRQHandler
 .text.DMA10_IRQHandler
                0x00001432        0xa ./SDK/platform/drivers/src/edma/edma_irq.o
                0x00001432                DMA10_IRQHandler
 .text.DMA11_IRQHandler
                0x0000143c        0xa ./SDK/platform/drivers/src/edma/edma_irq.o
                0x0000143c                DMA11_IRQHandler
 .text.DMA12_IRQHandler
                0x00001446        0xa ./SDK/platform/drivers/src/edma/edma_irq.o
                0x00001446                DMA12_IRQHandler
 .text.DMA13_IRQHandler
                0x00001450        0xa ./SDK/platform/drivers/src/edma/edma_irq.o
                0x00001450                DMA13_IRQHandler
 .text.DMA14_IRQHandler
                0x0000145a        0xa ./SDK/platform/drivers/src/edma/edma_irq.o
                0x0000145a                DMA14_IRQHandler
 .text.DMA15_IRQHandler
                0x00001464        0xa ./SDK/platform/drivers/src/edma/edma_irq.o
                0x00001464                DMA15_IRQHandler
 .text.DMA_Error_IRQHandler
                0x0000146e       0x28 ./SDK/platform/drivers/src/edma/edma_irq.o
                0x0000146e                DMA_Error_IRQHandler
 *fill*         0x00001496        0x2 
 .text.INT_SYS_InstallHandler
                0x00001498       0x60 ./SDK/platform/drivers/src/interrupt/interrupt_manager.o
                0x00001498                INT_SYS_InstallHandler
 .text.INT_SYS_EnableIRQ
                0x000014f8       0x28 ./SDK/platform/drivers/src/interrupt/interrupt_manager.o
                0x000014f8                INT_SYS_EnableIRQ
 .text.INT_SYS_EnableIRQGlobal
                0x00001520       0x1c ./SDK/platform/drivers/src/interrupt/interrupt_manager.o
                0x00001520                INT_SYS_EnableIRQGlobal
 .text.INT_SYS_DisableIRQGlobal
                0x0000153c       0x10 ./SDK/platform/drivers/src/interrupt/interrupt_manager.o
                0x0000153c                INT_SYS_DisableIRQGlobal
 .text.INT_SYS_SetPriority
                0x0000154c       0x70 ./SDK/platform/drivers/src/interrupt/interrupt_manager.o
                0x0000154c                INT_SYS_SetPriority
 .text.LPSPI_SetFlushFifoCmd
                0x000015bc        0xe ./SDK/platform/drivers/src/lpspi/lpspi_hw_access.o
                0x000015bc                LPSPI_SetFlushFifoCmd
 .text.LPSPI_ClearStatusFlag
                0x000015ca       0x20 ./SDK/platform/drivers/src/lpspi/lpspi_hw_access.o
                0x000015ca                LPSPI_ClearStatusFlag
 .text.LPSPI0_IRQHandler
                0x000015ea        0xa ./SDK/platform/drivers/src/lpspi/lpspi_irq.o
                0x000015ea                LPSPI0_IRQHandler
 .text.LPSPI1_IRQHandler
                0x000015f4        0xa ./SDK/platform/drivers/src/lpspi/lpspi_irq.o
                0x000015f4                LPSPI1_IRQHandler
 .text.LPSPI2_IRQHandler
                0x000015fe        0xa ./SDK/platform/drivers/src/lpspi/lpspi_irq.o
                0x000015fe                LPSPI2_IRQHandler
 .text.LPSPI_DRV_MasterCompleteTransfer
                0x00001608       0x78 ./SDK/platform/drivers/src/lpspi/lpspi_master_driver.o
 .text.LPSPI_DRV_MasterAbortTransfer
                0x00001680       0x40 ./SDK/platform/drivers/src/lpspi/lpspi_master_driver.o
                0x00001680                LPSPI_DRV_MasterAbortTransfer
 .text.LPSPI_DRV_MasterIRQHandler
                0x000016c0       0xb4 ./SDK/platform/drivers/src/lpspi/lpspi_master_driver.o
                0x000016c0                LPSPI_DRV_MasterIRQHandler
 .text.LPSPI_DRV_IRQHandler
                0x00001774       0x28 ./SDK/platform/drivers/src/lpspi/lpspi_shared_function.o
                0x00001774                LPSPI_DRV_IRQHandler
 .text.LPSPI_DRV_FillupTxBuffer
                0x0000179c       0xb4 ./SDK/platform/drivers/src/lpspi/lpspi_shared_function.o
                0x0000179c                LPSPI_DRV_FillupTxBuffer
 .text.LPSPI_DRV_ReadRXBuffer
                0x00001850       0x8c ./SDK/platform/drivers/src/lpspi/lpspi_shared_function.o
                0x00001850                LPSPI_DRV_ReadRXBuffer
 .text.LPSPI_DRV_DisableTEIEInterrupts
                0x000018dc       0x30 ./SDK/platform/drivers/src/lpspi/lpspi_shared_function.o
                0x000018dc                LPSPI_DRV_DisableTEIEInterrupts
 .text.LPSPI_DRV_SlaveAbortTransfer
                0x0000190c       0x80 ./SDK/platform/drivers/src/lpspi/lpspi_slave_driver.o
                0x0000190c                LPSPI_DRV_SlaveAbortTransfer
 .text.LPSPI_DRV_SlaveIRQHandler
                0x0000198c       0xd4 ./SDK/platform/drivers/src/lpspi/lpspi_slave_driver.o
                0x0000198c                LPSPI_DRV_SlaveIRQHandler
 .text.PINS_DRV_SetMuxModeSel
                0x00001a60        0x8 ./SDK/platform/drivers/src/pins/pins_driver.o
                0x00001a60                PINS_DRV_SetMuxModeSel
 .text.PINS_DRV_SetPinIntSel
                0x00001a68       0x20 ./SDK/platform/drivers/src/pins/pins_driver.o
                0x00001a68                PINS_DRV_SetPinIntSel
 .text.PINS_DRV_ClearPortIntFlagCmd
                0x00001a88        0xa ./SDK/platform/drivers/src/pins/pins_driver.o
                0x00001a88                PINS_DRV_ClearPortIntFlagCmd
 .text.PINS_DRV_SetPinsDirection
                0x00001a92        0x4 ./SDK/platform/drivers/src/pins/pins_driver.o
                0x00001a92                PINS_DRV_SetPinsDirection
 .text.PINS_DRV_SetPins
                0x00001a96        0x4 ./SDK/platform/drivers/src/pins/pins_driver.o
                0x00001a96                PINS_DRV_SetPins
 .text.PINS_DRV_ClearPins
                0x00001a9a        0x4 ./SDK/platform/drivers/src/pins/pins_driver.o
                0x00001a9a                PINS_DRV_ClearPins
 .text.PINS_DRV_TogglePins
                0x00001a9e        0x4 ./SDK/platform/drivers/src/pins/pins_driver.o
                0x00001a9e                PINS_DRV_TogglePins
 *fill*         0x00001aa2        0x2 
 .text.PINS_GetAdcInterleaveVal
                0x00001aa4       0x70 ./SDK/platform/drivers/src/pins/pins_port_hw_access.o
 .text.PINS_SetMuxModeSel
                0x00001b14       0x58 ./SDK/platform/drivers/src/pins/pins_port_hw_access.o
                0x00001b14                PINS_SetMuxModeSel
 .text.vListInitialise
                0x00001b6c       0x16 ./SDK/rtos/FreeRTOS_S32K/Source/list.o
                0x00001b6c                vListInitialise
 .text.vListInitialiseItem
                0x00001b82        0x6 ./SDK/rtos/FreeRTOS_S32K/Source/list.o
                0x00001b82                vListInitialiseItem
 .text.vListInsertEnd
                0x00001b88       0x18 ./SDK/rtos/FreeRTOS_S32K/Source/list.o
                0x00001b88                vListInsertEnd
 .text.vListInsert
                0x00001ba0       0x34 ./SDK/rtos/FreeRTOS_S32K/Source/list.o
                0x00001ba0                vListInsert
 .text.uxListRemove
                0x00001bd4       0x26 ./SDK/rtos/FreeRTOS_S32K/Source/list.o
                0x00001bd4                uxListRemove
 .text.prvIsQueueEmpty
                0x00001bfa       0x16 ./SDK/rtos/FreeRTOS_S32K/Source/queue.o
 .text.prvCopyDataToQueue
                0x00001c10       0x76 ./SDK/rtos/FreeRTOS_S32K/Source/queue.o
 .text.prvCopyDataFromQueue
                0x00001c86       0x24 ./SDK/rtos/FreeRTOS_S32K/Source/queue.o
 .text.prvUnlockQueue
                0x00001caa       0x82 ./SDK/rtos/FreeRTOS_S32K/Source/queue.o
 .text.xQueueGenericReset
                0x00001d2c       0x80 ./SDK/rtos/FreeRTOS_S32K/Source/queue.o
                0x00001d2c                xQueueGenericReset
 .text.xQueueGenericCreate
                0x00001dac       0x44 ./SDK/rtos/FreeRTOS_S32K/Source/queue.o
                0x00001dac                xQueueGenericCreate
 .text.xQueueGenericSend
                0x00001df0      0x188 ./SDK/rtos/FreeRTOS_S32K/Source/queue.o
                0x00001df0                xQueueGenericSend
 .text.xQueueGenericSendFromISR
                0x00001f78       0xd6 ./SDK/rtos/FreeRTOS_S32K/Source/queue.o
                0x00001f78                xQueueGenericSendFromISR
 .text.xQueueGiveFromISR
                0x0000204e       0xb2 ./SDK/rtos/FreeRTOS_S32K/Source/queue.o
                0x0000204e                xQueueGiveFromISR
 .text.xQueueReceive
                0x00002100      0x158 ./SDK/rtos/FreeRTOS_S32K/Source/queue.o
                0x00002100                xQueueReceive
 .text.vQueueAddToRegistry
                0x00002258       0x34 ./SDK/rtos/FreeRTOS_S32K/Source/queue.o
                0x00002258                vQueueAddToRegistry
 .text.vQueueWaitForMessageRestricted
                0x0000228c       0x4e ./SDK/rtos/FreeRTOS_S32K/Source/queue.o
                0x0000228c                vQueueWaitForMessageRestricted
 *fill*         0x000022da        0x2 
 .text.prvResetNextTaskUnblockTime
                0x000022dc       0x2c ./SDK/rtos/FreeRTOS_S32K/Source/tasks.o
 .text.prvAddCurrentTaskToDelayedList
                0x00002308       0xa0 ./SDK/rtos/FreeRTOS_S32K/Source/tasks.o
 .text.prvIdleTask
                0x000023a8       0x74 ./SDK/rtos/FreeRTOS_S32K/Source/tasks.o
 .text.xTaskCreate
                0x0000241c      0x1e4 ./SDK/rtos/FreeRTOS_S32K/Source/tasks.o
                0x0000241c                xTaskCreate
 .text.vTaskStartScheduler
                0x00002600       0x84 ./SDK/rtos/FreeRTOS_S32K/Source/tasks.o
                0x00002600                vTaskStartScheduler
 .text.vTaskSuspendAll
                0x00002684       0x10 ./SDK/rtos/FreeRTOS_S32K/Source/tasks.o
                0x00002684                vTaskSuspendAll
 .text.xTaskGetTickCount
                0x00002694        0xc ./SDK/rtos/FreeRTOS_S32K/Source/tasks.o
                0x00002694                xTaskGetTickCount
 .text.xTaskGetTickCountFromISR
                0x000026a0       0x10 ./SDK/rtos/FreeRTOS_S32K/Source/tasks.o
                0x000026a0                xTaskGetTickCountFromISR
 .text.xTaskIncrementTick
                0x000026b0      0x138 ./SDK/rtos/FreeRTOS_S32K/Source/tasks.o
                0x000026b0                xTaskIncrementTick
 .text.xTaskResumeAll
                0x000027e8      0x100 ./SDK/rtos/FreeRTOS_S32K/Source/tasks.o
                0x000027e8                xTaskResumeAll
 .text.vTaskDelayUntil
                0x000028e8       0xa0 ./SDK/rtos/FreeRTOS_S32K/Source/tasks.o
                0x000028e8                vTaskDelayUntil
 .text.vTaskDelay
                0x00002988       0x4c ./SDK/rtos/FreeRTOS_S32K/Source/tasks.o
                0x00002988                vTaskDelay
 .text.vTaskSwitchContext
                0x000029d4       0xc4 ./SDK/rtos/FreeRTOS_S32K/Source/tasks.o
                0x000029d4                vTaskSwitchContext
 .text.vTaskPlaceOnEventList
                0x00002a98       0x30 ./SDK/rtos/FreeRTOS_S32K/Source/tasks.o
                0x00002a98                vTaskPlaceOnEventList
 .text.vTaskPlaceOnEventListRestricted
                0x00002ac8       0x3c ./SDK/rtos/FreeRTOS_S32K/Source/tasks.o
                0x00002ac8                vTaskPlaceOnEventListRestricted
 .text.xTaskRemoveFromEventList
                0x00002b04       0x88 ./SDK/rtos/FreeRTOS_S32K/Source/tasks.o
                0x00002b04                xTaskRemoveFromEventList
 .text.vTaskInternalSetTimeOutState
                0x00002b8c       0x18 ./SDK/rtos/FreeRTOS_S32K/Source/tasks.o
                0x00002b8c                vTaskInternalSetTimeOutState
 .text.xTaskCheckForTimeOut
                0x00002ba4       0x9c ./SDK/rtos/FreeRTOS_S32K/Source/tasks.o
                0x00002ba4                xTaskCheckForTimeOut
 .text.vTaskMissedYield
                0x00002c40        0xc ./SDK/rtos/FreeRTOS_S32K/Source/tasks.o
                0x00002c40                vTaskMissedYield
 .text.xTaskGetSchedulerState
                0x00002c4c       0x20 ./SDK/rtos/FreeRTOS_S32K/Source/tasks.o
                0x00002c4c                xTaskGetSchedulerState
 .text.xTaskPriorityDisinherit
                0x00002c6c       0xb0 ./SDK/rtos/FreeRTOS_S32K/Source/tasks.o
                0x00002c6c                xTaskPriorityDisinherit
 .text.prvInsertTimerInActiveList
                0x00002d1c       0x48 ./SDK/rtos/FreeRTOS_S32K/Source/timers.o
 .text.prvCheckForValidListAndQueue
                0x00002d64       0x5c ./SDK/rtos/FreeRTOS_S32K/Source/timers.o
 .text.xTimerCreateTimerTask
                0x00002dc0       0x4c ./SDK/rtos/FreeRTOS_S32K/Source/timers.o
                0x00002dc0                xTimerCreateTimerTask
 .text.xTimerCreate
                0x00002e0c       0x48 ./SDK/rtos/FreeRTOS_S32K/Source/timers.o
                0x00002e0c                xTimerCreate
 .text.xTimerGenericCommand
                0x00002e54       0x60 ./SDK/rtos/FreeRTOS_S32K/Source/timers.o
                0x00002e54                xTimerGenericCommand
 .text.prvSampleTimeNow
                0x00002eb4       0xa8 ./SDK/rtos/FreeRTOS_S32K/Source/timers.o
 .text.prvTimerTask
                0x00002f5c      0x1c8 ./SDK/rtos/FreeRTOS_S32K/Source/timers.o
 .text.prvTaskExitError
                0x00003124       0x40 ./SDK/rtos/FreeRTOS_S32K/Source/portable/GCC/ARM_CM4F/port.o
 .text.prvPortStartFirstTask
                0x00003164       0x28 ./SDK/rtos/FreeRTOS_S32K/Source/portable/GCC/ARM_CM4F/port.o
 .text.vPortEnableVFP
                0x0000318c       0x14 ./SDK/rtos/FreeRTOS_S32K/Source/portable/GCC/ARM_CM4F/port.o
 .text.pxPortInitialiseStack
                0x000031a0       0x2c ./SDK/rtos/FreeRTOS_S32K/Source/portable/GCC/ARM_CM4F/port.o
                0x000031a0                pxPortInitialiseStack
 *fill*         0x000031cc        0x4 
 .text.SVC_Handler
                0x000031d0       0x24 ./SDK/rtos/FreeRTOS_S32K/Source/portable/GCC/ARM_CM4F/port.o
                0x000031d0                SVC_Handler
 .text.vPortEnterCritical
                0x000031f4       0x44 ./SDK/rtos/FreeRTOS_S32K/Source/portable/GCC/ARM_CM4F/port.o
                0x000031f4                vPortEnterCritical
 .text.vPortExitCritical
                0x00003238       0x2c ./SDK/rtos/FreeRTOS_S32K/Source/portable/GCC/ARM_CM4F/port.o
                0x00003238                vPortExitCritical
 *fill*         0x00003264        0xc 
 .text.PendSV_Handler
                0x00003270       0x64 ./SDK/rtos/FreeRTOS_S32K/Source/portable/GCC/ARM_CM4F/port.o
                0x00003270                PendSV_Handler
 .text.SysTick_Handler
                0x000032d4       0x2c ./SDK/rtos/FreeRTOS_S32K/Source/portable/GCC/ARM_CM4F/port.o
                0x000032d4                SysTick_Handler
 .text.vPortSetupTimerInterrupt
                0x00003300       0x24 ./SDK/rtos/FreeRTOS_S32K/Source/portable/GCC/ARM_CM4F/port.o
                0x00003300                vPortSetupTimerInterrupt
 .text.xPortStartScheduler
                0x00003324      0x118 ./SDK/rtos/FreeRTOS_S32K/Source/portable/GCC/ARM_CM4F/port.o
                0x00003324                xPortStartScheduler
 .text.vPortValidateInterruptPriority
                0x0000343c       0x5c ./SDK/rtos/FreeRTOS_S32K/Source/portable/GCC/ARM_CM4F/port.o
                0x0000343c                vPortValidateInterruptPriority
 .text.pvPortMalloc
                0x00003498       0xd0 ./SDK/rtos/FreeRTOS_S32K/Source/portable/MemMang/heap_2.o
                0x00003498                pvPortMalloc
 .text.vPortFree
                0x00003568       0x44 ./SDK/rtos/FreeRTOS_S32K/Source/portable/MemMang/heap_2.o
                0x00003568                vPortFree
 .text.xPortGetFreeHeapSize
                0x000035ac        0xc ./SDK/rtos/FreeRTOS_S32K/Source/portable/MemMang/heap_2.o
                0x000035ac                xPortGetFreeHeapSize
 .text.OSIF_SemaPost
                0x000035b8       0x5c ./SDK/rtos/osif/osif_freertos.o
                0x000035b8                OSIF_SemaPost
 .text.main     0x00003614       0x18 ./Sources/main.o
                0x00003614                main
 .text.prvButtonLEDTimerCallback
                0x0000362c       0x14 ./Sources/rtos.o
 .text.prvQueueSendTask
                0x00003640       0x30 ./Sources/rtos.o
 .text.prvQueueReceiveTask
                0x00003670       0x30 ./Sources/rtos.o
 .text.vPort_C_ISRHandler
                0x000036a0       0x5c ./Sources/rtos.o
                0x000036a0                vPort_C_ISRHandler
 .text.boardSetup
                0x000036fc       0x44 ./Sources/rtos.o
                0x000036fc                boardSetup
 .text.rtos_start
                0x00003740      0x108 ./Sources/rtos.o
                0x00003740                rtos_start
 .text.vApplicationMallocFailedHook
                0x00003848       0x12 ./Sources/rtos.o
                0x00003848                vApplicationMallocFailedHook
 .text.vApplicationStackOverflowHook
                0x0000385a       0x12 ./Sources/rtos.o
                0x0000385a                vApplicationStackOverflowHook
 .text.vApplicationIdleHook
                0x0000386c       0x12 ./Sources/rtos.o
                0x0000386c                vApplicationIdleHook
 .text.vApplicationTickHook
                0x0000387e        0x2 ./Sources/rtos.o
                0x0000387e                vApplicationTickHook
 .text.SPITask_Master
                0x00003880       0x28 ./Sources/task_SPI_master.o
                0x00003880                SPITask_Master
 .text._write   0x000038a8        0x4 ./Sources/task_SPI_master.o
                0x000038a8                _write
 .text.osDelay  0x000038ac       0x20 ./Sources/util.o
                0x000038ac                osDelay
 .text.memcpy   0x000038cc       0x16 C:/Programs/NXP/S32DS_ARM_v2.2/S32DS/build_tools/gcc_v6.3/gcc-6.3-arm32-eabi/arm-none-eabi/newlib/lib/thumb/v7e-m/fpv4-sp/hard\libc_nano.a(lib_a-memcpy-stub.o)
                0x000038cc                memcpy
 .text.memset   0x000038e2       0x10 C:/Programs/NXP/S32DS_ARM_v2.2/S32DS/build_tools/gcc_v6.3/gcc-6.3-arm32-eabi/arm-none-eabi/newlib/lib/thumb/v7e-m/fpv4-sp/hard\libc_nano.a(lib_a-memset.o)
                0x000038e2                memset
 *fill*         0x000038f2        0x2 
 .text._puts_r  0x000038f4       0xb8 C:/Programs/NXP/S32DS_ARM_v2.2/S32DS/build_tools/gcc_v6.3/gcc-6.3-arm32-eabi/arm-none-eabi/newlib/lib/thumb/v7e-m/fpv4-sp/hard\libc_nano.a(lib_a-puts.o)
                0x000038f4                _puts_r
 .text.puts     0x000039ac       0x10 C:/Programs/NXP/S32DS_ARM_v2.2/S32DS/build_tools/gcc_v6.3/gcc-6.3-arm32-eabi/arm-none-eabi/newlib/lib/thumb/v7e-m/fpv4-sp/hard\libc_nano.a(lib_a-puts.o)
                0x000039ac                puts
 .text.__swbuf_r
                0x000039bc       0xa4 C:/Programs/NXP/S32DS_ARM_v2.2/S32DS/build_tools/gcc_v6.3/gcc-6.3-arm32-eabi/arm-none-eabi/newlib/lib/thumb/v7e-m/fpv4-sp/hard\libc_nano.a(lib_a-wbuf.o)
                0x000039bc                __swbuf_r
 .text.__swsetup_r
                0x00003a60       0xdc C:/Programs/NXP/S32DS_ARM_v2.2/S32DS/build_tools/gcc_v6.3/gcc-6.3-arm32-eabi/arm-none-eabi/newlib/lib/thumb/v7e-m/fpv4-sp/hard\libc_nano.a(lib_a-wsetup.o)
                0x00003a60                __swsetup_r
 .text.__sflush_r
                0x00003b3c      0x110 C:/Programs/NXP/S32DS_ARM_v2.2/S32DS/build_tools/gcc_v6.3/gcc-6.3-arm32-eabi/arm-none-eabi/newlib/lib/thumb/v7e-m/fpv4-sp/hard\libc_nano.a(lib_a-fflush.o)
                0x00003b3c                __sflush_r
 .text._fflush_r
                0x00003c4c       0x54 C:/Programs/NXP/S32DS_ARM_v2.2/S32DS/build_tools/gcc_v6.3/gcc-6.3-arm32-eabi/arm-none-eabi/newlib/lib/thumb/v7e-m/fpv4-sp/hard\libc_nano.a(lib_a-fflush.o)
                0x00003c4c                _fflush_r
 .text._cleanup_r
                0x00003ca0        0xc C:/Programs/NXP/S32DS_ARM_v2.2/S32DS/build_tools/gcc_v6.3/gcc-6.3-arm32-eabi/arm-none-eabi/newlib/lib/thumb/v7e-m/fpv4-sp/hard\libc_nano.a(lib_a-findfp.o)
                0x00003ca0                _cleanup_r
 .text.std.isra.0
                0x00003cac       0x48 C:/Programs/NXP/S32DS_ARM_v2.2/S32DS/build_tools/gcc_v6.3/gcc-6.3-arm32-eabi/arm-none-eabi/newlib/lib/thumb/v7e-m/fpv4-sp/hard\libc_nano.a(lib_a-findfp.o)
 .text.__sfmoreglue
                0x00003cf4       0x2c C:/Programs/NXP/S32DS_ARM_v2.2/S32DS/build_tools/gcc_v6.3/gcc-6.3-arm32-eabi/arm-none-eabi/newlib/lib/thumb/v7e-m/fpv4-sp/hard\libc_nano.a(lib_a-findfp.o)
                0x00003cf4                __sfmoreglue
 .text.__sinit  0x00003d20       0x60 C:/Programs/NXP/S32DS_ARM_v2.2/S32DS/build_tools/gcc_v6.3/gcc-6.3-arm32-eabi/arm-none-eabi/newlib/lib/thumb/v7e-m/fpv4-sp/hard\libc_nano.a(lib_a-findfp.o)
                0x00003d20                __sinit
 .text.__sfp    0x00003d80       0x78 C:/Programs/NXP/S32DS_ARM_v2.2/S32DS/build_tools/gcc_v6.3/gcc-6.3-arm32-eabi/arm-none-eabi/newlib/lib/thumb/v7e-m/fpv4-sp/hard\libc_nano.a(lib_a-findfp.o)
                0x00003d80                __sfp
 .text._fwalk_reent
                0x00003df8       0x3c C:/Programs/NXP/S32DS_ARM_v2.2/S32DS/build_tools/gcc_v6.3/gcc-6.3-arm32-eabi/arm-none-eabi/newlib/lib/thumb/v7e-m/fpv4-sp/hard\libc_nano.a(lib_a-fwalk.o)
                0x00003df8                _fwalk_reent
 .text.__swhatbuf_r
                0x00003e34       0x48 C:/Programs/NXP/S32DS_ARM_v2.2/S32DS/build_tools/gcc_v6.3/gcc-6.3-arm32-eabi/arm-none-eabi/newlib/lib/thumb/v7e-m/fpv4-sp/hard\libc_nano.a(lib_a-makebuf.o)
                0x00003e34                __swhatbuf_r
 .text.__smakebuf_r
                0x00003e7c       0x80 C:/Programs/NXP/S32DS_ARM_v2.2/S32DS/build_tools/gcc_v6.3/gcc-6.3-arm32-eabi/arm-none-eabi/newlib/lib/thumb/v7e-m/fpv4-sp/hard\libc_nano.a(lib_a-makebuf.o)
                0x00003e7c                __smakebuf_r
 .text._free_r  0x00003efc       0x9c C:/Programs/NXP/S32DS_ARM_v2.2/S32DS/build_tools/gcc_v6.3/gcc-6.3-arm32-eabi/arm-none-eabi/newlib/lib/thumb/v7e-m/fpv4-sp/hard\libc_nano.a(lib_a-nano-freer.o)
                0x00003efc                _free_r
 .text._malloc_r
                0x00003f98       0xbc C:/Programs/NXP/S32DS_ARM_v2.2/S32DS/build_tools/gcc_v6.3/gcc-6.3-arm32-eabi/arm-none-eabi/newlib/lib/thumb/v7e-m/fpv4-sp/hard\libc_nano.a(lib_a-nano-mallocr.o)
                0x00003f98                _malloc_r
 .text._sbrk_r  0x00004054       0x20 C:/Programs/NXP/S32DS_ARM_v2.2/S32DS/build_tools/gcc_v6.3/gcc-6.3-arm32-eabi/arm-none-eabi/newlib/lib/thumb/v7e-m/fpv4-sp/hard\libc_nano.a(lib_a-sbrkr.o)
                0x00004054                _sbrk_r
 .text.__sread  0x00004074       0x22 C:/Programs/NXP/S32DS_ARM_v2.2/S32DS/build_tools/gcc_v6.3/gcc-6.3-arm32-eabi/arm-none-eabi/newlib/lib/thumb/v7e-m/fpv4-sp/hard\libc_nano.a(lib_a-stdio.o)
                0x00004074                __sread
 .text.__swrite
                0x00004096       0x38 C:/Programs/NXP/S32DS_ARM_v2.2/S32DS/build_tools/gcc_v6.3/gcc-6.3-arm32-eabi/arm-none-eabi/newlib/lib/thumb/v7e-m/fpv4-sp/hard\libc_nano.a(lib_a-stdio.o)
                0x00004096                __swrite
 .text.__sseek  0x000040ce       0x24 C:/Programs/NXP/S32DS_ARM_v2.2/S32DS/build_tools/gcc_v6.3/gcc-6.3-arm32-eabi/arm-none-eabi/newlib/lib/thumb/v7e-m/fpv4-sp/hard\libc_nano.a(lib_a-stdio.o)
                0x000040ce                __sseek
 .text.__sclose
                0x000040f2        0x8 C:/Programs/NXP/S32DS_ARM_v2.2/S32DS/build_tools/gcc_v6.3/gcc-6.3-arm32-eabi/arm-none-eabi/newlib/lib/thumb/v7e-m/fpv4-sp/hard\libc_nano.a(lib_a-stdio.o)
                0x000040f2                __sclose
 *fill*         0x000040fa        0x2 
 .text._write_r
                0x000040fc       0x24 C:/Programs/NXP/S32DS_ARM_v2.2/S32DS/build_tools/gcc_v6.3/gcc-6.3-arm32-eabi/arm-none-eabi/newlib/lib/thumb/v7e-m/fpv4-sp/hard\libc_nano.a(lib_a-writer.o)
                0x000040fc                _write_r
 .text._close_r
                0x00004120       0x20 C:/Programs/NXP/S32DS_ARM_v2.2/S32DS/build_tools/gcc_v6.3/gcc-6.3-arm32-eabi/arm-none-eabi/newlib/lib/thumb/v7e-m/fpv4-sp/hard\libc_nano.a(lib_a-closer.o)
                0x00004120                _close_r
 .text._fstat_r
                0x00004140       0x24 C:/Programs/NXP/S32DS_ARM_v2.2/S32DS/build_tools/gcc_v6.3/gcc-6.3-arm32-eabi/arm-none-eabi/newlib/lib/thumb/v7e-m/fpv4-sp/hard\libc_nano.a(lib_a-fstatr.o)
                0x00004140                _fstat_r
 .text._isatty_r
                0x00004164       0x20 C:/Programs/NXP/S32DS_ARM_v2.2/S32DS/build_tools/gcc_v6.3/gcc-6.3-arm32-eabi/arm-none-eabi/newlib/lib/thumb/v7e-m/fpv4-sp/hard\libc_nano.a(lib_a-isattyr.o)
                0x00004164                _isatty_r
 .text._lseek_r
                0x00004184       0x24 C:/Programs/NXP/S32DS_ARM_v2.2/S32DS/build_tools/gcc_v6.3/gcc-6.3-arm32-eabi/arm-none-eabi/newlib/lib/thumb/v7e-m/fpv4-sp/hard\libc_nano.a(lib_a-lseekr.o)
                0x00004184                _lseek_r
 .text.__malloc_lock
                0x000041a8        0x2 C:/Programs/NXP/S32DS_ARM_v2.2/S32DS/build_tools/gcc_v6.3/gcc-6.3-arm32-eabi/arm-none-eabi/newlib/lib/thumb/v7e-m/fpv4-sp/hard\libc_nano.a(lib_a-mlock.o)
                0x000041a8                __malloc_lock
 .text.__malloc_unlock
                0x000041aa        0x2 C:/Programs/NXP/S32DS_ARM_v2.2/S32DS/build_tools/gcc_v6.3/gcc-6.3-arm32-eabi/arm-none-eabi/newlib/lib/thumb/v7e-m/fpv4-sp/hard\libc_nano.a(lib_a-mlock.o)
                0x000041aa                __malloc_unlock
 .text._read_r  0x000041ac       0x24 C:/Programs/NXP/S32DS_ARM_v2.2/S32DS/build_tools/gcc_v6.3/gcc-6.3-arm32-eabi/arm-none-eabi/newlib/lib/thumb/v7e-m/fpv4-sp/hard\libc_nano.a(lib_a-readr.o)
                0x000041ac                _read_r
 .text._close   0x000041d0       0x10 C:/Programs/NXP/S32DS_ARM_v2.2/S32DS/build_tools/gcc_v6.3/gcc-6.3-arm32-eabi/arm-none-eabi/newlib/lib/thumb/v7e-m/fpv4-sp/hard\libnosys.a(close.o)
                0x000041d0                _close
 .text._fstat   0x000041e0       0x10 C:/Programs/NXP/S32DS_ARM_v2.2/S32DS/build_tools/gcc_v6.3/gcc-6.3-arm32-eabi/arm-none-eabi/newlib/lib/thumb/v7e-m/fpv4-sp/hard\libnosys.a(fstat.o)
                0x000041e0                _fstat
 .text._isatty  0x000041f0       0x10 C:/Programs/NXP/S32DS_ARM_v2.2/S32DS/build_tools/gcc_v6.3/gcc-6.3-arm32-eabi/arm-none-eabi/newlib/lib/thumb/v7e-m/fpv4-sp/hard\libnosys.a(isatty.o)
                0x000041f0                _isatty
 .text._lseek   0x00004200       0x10 C:/Programs/NXP/S32DS_ARM_v2.2/S32DS/build_tools/gcc_v6.3/gcc-6.3-arm32-eabi/arm-none-eabi/newlib/lib/thumb/v7e-m/fpv4-sp/hard\libnosys.a(lseek.o)
                0x00004200                _lseek
 .text._read    0x00004210       0x10 C:/Programs/NXP/S32DS_ARM_v2.2/S32DS/build_tools/gcc_v6.3/gcc-6.3-arm32-eabi/arm-none-eabi/newlib/lib/thumb/v7e-m/fpv4-sp/hard\libnosys.a(read.o)
                0x00004210                _read
 .text._sbrk    0x00004220       0x1c C:/Programs/NXP/S32DS_ARM_v2.2/S32DS/build_tools/gcc_v6.3/gcc-6.3-arm32-eabi/arm-none-eabi/newlib/lib/thumb/v7e-m/fpv4-sp/hard\libnosys.a(sbrk.o)
                0x00004220                _sbrk
 *(.rodata)
 *(.rodata*)
 .rodata.clockNameMappings
                0x0000423c       0x9e ./SDK/platform/drivers/src/clock/S32K1xx/clock_S32K1xx.o
                0x0000423c                clockNameMappings
 *fill*         0x000042da        0x2 
 .rodata.maxSysClksInHSRUN.7602
                0x000042dc       0x54 ./SDK/platform/drivers/src/clock/S32K1xx/clock_S32K1xx.o
 .rodata.maxSysClksInRUN.7601
                0x00004330       0x54 ./SDK/platform/drivers/src/clock/S32K1xx/clock_S32K1xx.o
 .rodata.maxSysClksInVLPR.7600
                0x00004384       0x54 ./SDK/platform/drivers/src/clock/S32K1xx/clock_S32K1xx.o
 .rodata.vTaskStartScheduler.str1.4
                0x000043d8        0x5 ./SDK/rtos/FreeRTOS_S32K/Source/tasks.o
 *fill*         0x000043dd        0x3 
 .rodata.prvCheckForValidListAndQueue.str1.4
                0x000043e0        0x5 ./SDK/rtos/FreeRTOS_S32K/Source/timers.o
 *fill*         0x000043e5        0x3 
 .rodata.xTimerCreateTimerTask.str1.4
                0x000043e8        0x8 ./SDK/rtos/FreeRTOS_S32K/Source/timers.o
 .rodata.rtos_start.str1.4
                0x000043f0       0x1f ./Sources/rtos.o
 *fill*         0x0000440f        0x1 
 .rodata.SPITask_Master.str1.4
                0x00004410       0x1c ./Sources/task_SPI_master.o
                                 0x19 (size before relaxing)
 .rodata._global_impure_ptr
                0x0000442c        0x4 C:/Programs/NXP/S32DS_ARM_v2.2/S32DS/build_tools/gcc_v6.3/gcc-6.3-arm32-eabi/arm-none-eabi/newlib/lib/thumb/v7e-m/fpv4-sp/hard\libc_nano.a(lib_a-impure.o)
                0x0000442c                _global_impure_ptr
 .rodata.__sf_fake_stderr
                0x00004430       0x20 C:/Programs/NXP/S32DS_ARM_v2.2/S32DS/build_tools/gcc_v6.3/gcc-6.3-arm32-eabi/arm-none-eabi/newlib/lib/thumb/v7e-m/fpv4-sp/hard\libc_nano.a(lib_a-findfp.o)
                0x00004430                __sf_fake_stderr
 .rodata.__sf_fake_stdin
                0x00004450       0x20 C:/Programs/NXP/S32DS_ARM_v2.2/S32DS/build_tools/gcc_v6.3/gcc-6.3-arm32-eabi/arm-none-eabi/newlib/lib/thumb/v7e-m/fpv4-sp/hard\libc_nano.a(lib_a-findfp.o)
                0x00004450                __sf_fake_stdin
 .rodata.__sf_fake_stdout
                0x00004470       0x20 C:/Programs/NXP/S32DS_ARM_v2.2/S32DS/build_tools/gcc_v6.3/gcc-6.3-arm32-eabi/arm-none-eabi/newlib/lib/thumb/v7e-m/fpv4-sp/hard\libc_nano.a(lib_a-findfp.o)
                0x00004470                __sf_fake_stdout
 *(.init)
 .init          0x00004490        0x4 c:/programs/nxp/s32ds_arm_v2.2/s32ds/build_tools/gcc_v6.3/gcc-6.3-arm32-eabi/bin/../lib/gcc/arm-none-eabi/6.3.1/thumb/v7e-m/fpv4-sp/hard/crti.o
                0x00004490                _init
 *(.fini)
 .fini          0x00004494        0x4 c:/programs/nxp/s32ds_arm_v2.2/s32ds/build_tools/gcc_v6.3/gcc-6.3-arm32-eabi/bin/../lib/gcc/arm-none-eabi/6.3.1/thumb/v7e-m/fpv4-sp/hard/crti.o
                0x00004494                _fini
 *(.eh_frame)
                0x00004498                . = ALIGN (0x4)

.glue_7         0x00004498        0x0
 .glue_7        0x00004498        0x0 linker stubs

.glue_7t        0x00004498        0x0
 .glue_7t       0x00004498        0x0 linker stubs

.vfp11_veneer   0x00004498        0x0
 .vfp11_veneer  0x00004498        0x0 linker stubs

.v4_bx          0x00004498        0x0
 .v4_bx         0x00004498        0x0 linker stubs

.iplt           0x00004498        0x0
 .iplt          0x00004498        0x0 c:/programs/nxp/s32ds_arm_v2.2/s32ds/build_tools/gcc_v6.3/gcc-6.3-arm32-eabi/bin/../lib/gcc/arm-none-eabi/6.3.1/thumb/v7e-m/fpv4-sp/hard/crtbegin.o

.rel.dyn        0x00004498        0x0
 .rel.iplt      0x00004498        0x0 c:/programs/nxp/s32ds_arm_v2.2/s32ds/build_tools/gcc_v6.3/gcc-6.3-arm32-eabi/bin/../lib/gcc/arm-none-eabi/6.3.1/thumb/v7e-m/fpv4-sp/hard/crtbegin.o

.ARM            0x00004498        0x0
                0x00004498                __exidx_start = .
 *(.ARM.exidx*)
                0x00004498                __exidx_end = .
                0x00004498                __etext = .
                0x00004498                __DATA_ROM = .

.interrupts_ram
                0x1fff8000      0x400
                0x1fff8000                . = ALIGN (0x4)
                0x1fff8000                __VECTOR_RAM__ = .
                0x1fff8000                __RAM_START = .
                0x1fff8000                __interrupts_ram_start__ = .
 *(.m_interrupts_ram)
                0x1fff8400                . = (. + M_VECTOR_RAM_SIZE)
 *fill*         0x1fff8000      0x400 
                0x1fff8400                . = ALIGN (0x4)
                0x1fff8400                __interrupts_ram_end__ = .
                0x1fff8000                __VECTOR_RAM = DEFINED (__flash_vector_table__)?ORIGIN (m_interrupts):__VECTOR_RAM__
                0x00000400                __RAM_VECTOR_TABLE_SIZE = DEFINED (__flash_vector_table__)?0x0:(__interrupts_ram_end__ - __interrupts_ram_start__)

.data           0x1fff8400      0x1d0 load address 0x00004498
                0x1fff8400                . = ALIGN (0x4)
                0x1fff8400                __DATA_RAM = .
                0x1fff8400                __data_start__ = .
 *(.data)
 *(.data*)
 .data.clockMan1_InitConfig0
                0x1fff8400       0x78 ./Generated_Code/clockMan1.o
                0x1fff8400                clockMan1_InitConfig0
 .data.g_clockManConfigsArr
                0x1fff8478        0x4 ./Generated_Code/clockMan1.o
                0x1fff8478                g_clockManConfigsArr
 .data.peripheralClockConfig0
                0x1fff847c       0x3c ./Generated_Code/clockMan1.o
                0x1fff847c                peripheralClockConfig0
 .data.peripheralClockConfig.7364
                0x1fff84b8       0xa0 ./SDK/platform/drivers/src/clock/S32K1xx/clock_S32K1xx.o
 .data.g_lpspiBase
                0x1fff8558        0xc ./SDK/platform/drivers/src/lpspi/lpspi_shared_function.o
                0x1fff8558                g_lpspiBase
 .data.uxCriticalNesting
                0x1fff8564        0x4 ./SDK/rtos/FreeRTOS_S32K/Source/portable/GCC/ARM_CM4F/port.o
 .data.xFreeBytesRemaining
                0x1fff8568        0x4 ./SDK/rtos/FreeRTOS_S32K/Source/portable/MemMang/heap_2.o
 .data._impure_ptr
                0x1fff856c        0x4 C:/Programs/NXP/S32DS_ARM_v2.2/S32DS/build_tools/gcc_v6.3/gcc-6.3-arm32-eabi/arm-none-eabi/newlib/lib/thumb/v7e-m/fpv4-sp/hard\libc_nano.a(lib_a-impure.o)
                0x1fff856c                _impure_ptr
 .data.impure_data
                0x1fff8570       0x60 C:/Programs/NXP/S32DS_ARM_v2.2/S32DS/build_tools/gcc_v6.3/gcc-6.3-arm32-eabi/arm-none-eabi/newlib/lib/thumb/v7e-m/fpv4-sp/hard\libc_nano.a(lib_a-impure.o)
                0x1fff85d0                . = ALIGN (0x4)
                0x1fff85d0                __data_end__ = .
                0x00004668                __DATA_END = (__DATA_ROM + (__data_end__ - __data_start__))
                0x00004668                __CODE_ROM = __DATA_END

.igot.plt       0x1fff85d0        0x0 load address 0x00004668
 .igot.plt      0x1fff85d0        0x0 c:/programs/nxp/s32ds_arm_v2.2/s32ds/build_tools/gcc_v6.3/gcc-6.3-arm32-eabi/bin/../lib/gcc/arm-none-eabi/6.3.1/thumb/v7e-m/fpv4-sp/hard/crtbegin.o

.code           0x1fff85d0        0x0 load address 0x00004668
                0x1fff85d0                . = ALIGN (0x4)
                0x1fff85d0                __CODE_RAM = .
                0x1fff85d0                __code_start__ = .
                0x1fff85d0                __code_ram_start__ = .
 *(.code_ram)
                0x1fff85d0                . = ALIGN (0x4)
                0x1fff85d0                __code_end__ = .
                0x1fff85d0                __code_ram_end__ = .
                0x00004668                __CODE_END = (__CODE_ROM + (__code_end__ - __code_start__))
                0x00004668                __CUSTOM_ROM = __CODE_END

.customSectionBlock
                0x20000000        0x0 load address 0x00004668
                0x20000000                __customSection_start__ = .
 *(.customSection)
                0x20000000                __customSection_end__ = .
                0x00004668                __CUSTOM_END = (__CUSTOM_ROM + (__customSection_end__ - __customSection_start__))
                0x00004668                __rom_end = __CUSTOM_END

.bss            0x20000000     0x21f4
                0x20000000                . = ALIGN (0x4)
                0x20000000                __BSS_START = .
                0x20000000                __bss_start__ = .
 *(.bss)
 *(.bss*)
 .bss.g_clockManCallbacksArr
                0x20000000        0x4 ./Generated_Code/clockMan1.o
                0x20000000                g_clockManCallbacksArr
 .bss.g_clockState
                0x20000004       0x10 ./SDK/platform/drivers/src/clock/S32K1xx/clock_S32K1xx.o
 .bss.s_virtEdmaState
                0x20000014        0x4 ./SDK/platform/drivers/src/edma/edma_driver.o
 .bss.g_interruptDisableCount
                0x20000018        0x4 ./SDK/platform/drivers/src/interrupt/interrupt_manager.o
 .bss.g_lpspiStatePtr
                0x2000001c        0xc ./SDK/platform/drivers/src/lpspi/lpspi_shared_function.o
                0x2000001c                g_lpspiStatePtr
 .bss.pxCurrentTCB
                0x20000028        0x4 ./SDK/rtos/FreeRTOS_S32K/Source/tasks.o
                0x20000028                pxCurrentTCB
 .bss.pxDelayedTaskList
                0x2000002c        0x4 ./SDK/rtos/FreeRTOS_S32K/Source/tasks.o
 .bss.pxOverflowDelayedTaskList
                0x20000030        0x4 ./SDK/rtos/FreeRTOS_S32K/Source/tasks.o
 .bss.pxReadyTasksLists
                0x20000034       0x64 ./SDK/rtos/FreeRTOS_S32K/Source/tasks.o
 .bss.uxCurrentNumberOfTasks
                0x20000098        0x4 ./SDK/rtos/FreeRTOS_S32K/Source/tasks.o
 .bss.uxDeletedTasksWaitingCleanUp
                0x2000009c        0x4 ./SDK/rtos/FreeRTOS_S32K/Source/tasks.o
 .bss.uxPendedTicks
                0x200000a0        0x4 ./SDK/rtos/FreeRTOS_S32K/Source/tasks.o
 .bss.uxSchedulerSuspended
                0x200000a4        0x4 ./SDK/rtos/FreeRTOS_S32K/Source/tasks.o
 .bss.uxTaskNumber
                0x200000a8        0x4 ./SDK/rtos/FreeRTOS_S32K/Source/tasks.o
 .bss.uxTopReadyPriority
                0x200000ac        0x4 ./SDK/rtos/FreeRTOS_S32K/Source/tasks.o
 .bss.xDelayedTaskList1
                0x200000b0       0x14 ./SDK/rtos/FreeRTOS_S32K/Source/tasks.o
 .bss.xDelayedTaskList2
                0x200000c4       0x14 ./SDK/rtos/FreeRTOS_S32K/Source/tasks.o
 .bss.xIdleTaskHandle
                0x200000d8        0x4 ./SDK/rtos/FreeRTOS_S32K/Source/tasks.o
 .bss.xNextTaskUnblockTime
                0x200000dc        0x4 ./SDK/rtos/FreeRTOS_S32K/Source/tasks.o
 .bss.xNumOfOverflows
                0x200000e0        0x4 ./SDK/rtos/FreeRTOS_S32K/Source/tasks.o
 .bss.xPendingReadyList
                0x200000e4       0x14 ./SDK/rtos/FreeRTOS_S32K/Source/tasks.o
 .bss.xSchedulerRunning
                0x200000f8        0x4 ./SDK/rtos/FreeRTOS_S32K/Source/tasks.o
 .bss.xSuspendedTaskList
                0x200000fc       0x14 ./SDK/rtos/FreeRTOS_S32K/Source/tasks.o
 .bss.xTasksWaitingTermination
                0x20000110       0x14 ./SDK/rtos/FreeRTOS_S32K/Source/tasks.o
 .bss.xTickCount
                0x20000124        0x4 ./SDK/rtos/FreeRTOS_S32K/Source/tasks.o
 .bss.xYieldPending
                0x20000128        0x4 ./SDK/rtos/FreeRTOS_S32K/Source/tasks.o
 .bss.pxCurrentTimerList
                0x2000012c        0x4 ./SDK/rtos/FreeRTOS_S32K/Source/timers.o
 .bss.pxOverflowTimerList
                0x20000130        0x4 ./SDK/rtos/FreeRTOS_S32K/Source/timers.o
 .bss.xActiveTimerList1
                0x20000134       0x14 ./SDK/rtos/FreeRTOS_S32K/Source/timers.o
 .bss.xActiveTimerList2
                0x20000148       0x14 ./SDK/rtos/FreeRTOS_S32K/Source/timers.o
 .bss.xLastTime.6392
                0x2000015c        0x4 ./SDK/rtos/FreeRTOS_S32K/Source/timers.o
 .bss.xTimerQueue
                0x20000160        0x4 ./SDK/rtos/FreeRTOS_S32K/Source/timers.o
 .bss.xTimerTaskHandle
                0x20000164        0x4 ./SDK/rtos/FreeRTOS_S32K/Source/timers.o
 .bss.ucMaxSysCallPriority
                0x20000168        0x1 ./SDK/rtos/FreeRTOS_S32K/Source/portable/GCC/ARM_CM4F/port.o
 *fill*         0x20000169        0x3 
 .bss.ulMaxPRIGROUPValue
                0x2000016c        0x4 ./SDK/rtos/FreeRTOS_S32K/Source/portable/GCC/ARM_CM4F/port.o
 .bss.ucHeap    0x20000170     0x2000 ./SDK/rtos/FreeRTOS_S32K/Source/portable/MemMang/heap_2.o
 .bss.xEnd      0x20002170        0x8 ./SDK/rtos/FreeRTOS_S32K/Source/portable/MemMang/heap_2.o
 .bss.xHeapHasBeenInitialised.6103
                0x20002178        0x4 ./SDK/rtos/FreeRTOS_S32K/Source/portable/MemMang/heap_2.o
 .bss.xStart    0x2000217c        0x8 ./SDK/rtos/FreeRTOS_S32K/Source/portable/MemMang/heap_2.o
 .bss.exit_code
                0x20002184        0x4 ./Sources/main.o
                0x20002184                exit_code
 .bss.xButtonLEDTimer
                0x20002188        0x4 ./Sources/rtos.o
 .bss.xQueue    0x2000218c        0x4 ./Sources/rtos.o
 .bss.__malloc_free_list
                0x20002190        0x4 C:/Programs/NXP/S32DS_ARM_v2.2/S32DS/build_tools/gcc_v6.3/gcc-6.3-arm32-eabi/arm-none-eabi/newlib/lib/thumb/v7e-m/fpv4-sp/hard\libc_nano.a(lib_a-nano-mallocr.o)
                0x20002190                __malloc_free_list
 .bss.__malloc_sbrk_start
                0x20002194        0x4 C:/Programs/NXP/S32DS_ARM_v2.2/S32DS/build_tools/gcc_v6.3/gcc-6.3-arm32-eabi/arm-none-eabi/newlib/lib/thumb/v7e-m/fpv4-sp/hard\libc_nano.a(lib_a-nano-mallocr.o)
                0x20002194                __malloc_sbrk_start
 .bss.heap_end.5365
                0x20002198        0x4 C:/Programs/NXP/S32DS_ARM_v2.2/S32DS/build_tools/gcc_v6.3/gcc-6.3-arm32-eabi/arm-none-eabi/newlib/lib/thumb/v7e-m/fpv4-sp/hard\libnosys.a(sbrk.o)
 *(COMMON)
 COMMON         0x2000219c       0x14 ./SDK/platform/drivers/src/clock/S32K1xx/clock_S32K1xx.o
                0x2000219c                g_xtal0ClkFreq
                0x200021a0                g_RtcClkInFreq
                0x200021a4                g_TClkFreq
 COMMON         0x200021b0       0x40 ./SDK/rtos/FreeRTOS_S32K/Source/queue.o
                0x200021b0                xQueueRegistry
 COMMON         0x200021f0        0x4 C:/Programs/NXP/S32DS_ARM_v2.2/S32DS/build_tools/gcc_v6.3/gcc-6.3-arm32-eabi/arm-none-eabi/newlib/lib/thumb/v7e-m/fpv4-sp/hard\libc_nano.a(lib_a-reent.o)
                0x200021f0                errno
                0x200021f4                . = ALIGN (0x4)
                0x200021f4                __bss_end__ = .
                0x200021f4                __BSS_END = .

.heap           0x200021f4      0x404
                0x200021f8                . = ALIGN (0x8)
 *fill*         0x200021f4        0x4 
                0x200021f8                __end__ = .
                0x200021f8                __heap_start__ = .
                0x200021f8                PROVIDE (end, .)
                [!provide]                PROVIDE (_end, .)
                [!provide]                PROVIDE (__end, .)
                0x200021f8                __HeapBase = .
                0x200025f8                . = (. + HEAP_SIZE)
 *fill*         0x200021f8      0x400 
                0x200025f8                __HeapLimit = .
                0x200025f8                __heap_limit = .
                0x200025f8                __heap_end__ = .
                0x20007000                __StackTop = (ORIGIN (m_data_2) + LENGTH (m_data_2))
                0x20006c00                __StackLimit = (__StackTop - STACK_SIZE)
                0x20007000                PROVIDE (__stack, __StackTop)
                0x20007000                __RAM_END = __StackTop

.stack          0x20006c00      0x400
                0x20006c00                . = ALIGN (0x8)
                0x20006c00                __stack_start__ = .
                0x20007000                . = (. + STACK_SIZE)
 *fill*         0x20006c00      0x400 
                0x20007000                __stack_end__ = .

.ARM.attributes
                0x00000000       0x30
 *(.ARM.attributes)
 .ARM.attributes
                0x00000000       0x22 c:/programs/nxp/s32ds_arm_v2.2/s32ds/build_tools/gcc_v6.3/gcc-6.3-arm32-eabi/bin/../lib/gcc/arm-none-eabi/6.3.1/thumb/v7e-m/fpv4-sp/hard/crti.o
 .ARM.attributes
                0x00000022       0x39 ./Generated_Code/clockMan1.o
 .ARM.attributes
                0x0000005b       0x1f ./Project_Settings/Startup_Code/startup_S32K144.o
 .ARM.attributes
                0x0000007a       0x39 ./SDK/platform/devices/S32K144/startup/system_S32K144.o
 .ARM.attributes
                0x000000b3       0x39 ./SDK/platform/devices/startup.o
 .ARM.attributes
                0x000000ec       0x39 ./SDK/platform/drivers/src/clock/S32K1xx/clock_S32K1xx.o
 .ARM.attributes
                0x00000125       0x39 ./SDK/platform/drivers/src/edma/edma_driver.o
 .ARM.attributes
                0x0000015e       0x39 ./SDK/platform/drivers/src/edma/edma_hw_access.o
 .ARM.attributes
                0x00000197       0x39 ./SDK/platform/drivers/src/edma/edma_irq.o
 .ARM.attributes
                0x000001d0       0x39 ./SDK/platform/drivers/src/interrupt/interrupt_manager.o
 .ARM.attributes
                0x00000209       0x39 ./SDK/platform/drivers/src/lpspi/lpspi_hw_access.o
 .ARM.attributes
                0x00000242       0x39 ./SDK/platform/drivers/src/lpspi/lpspi_irq.o
 .ARM.attributes
                0x0000027b       0x39 ./SDK/platform/drivers/src/lpspi/lpspi_master_driver.o
 .ARM.attributes
                0x000002b4       0x39 ./SDK/platform/drivers/src/lpspi/lpspi_shared_function.o
 .ARM.attributes
                0x000002ed       0x39 ./SDK/platform/drivers/src/lpspi/lpspi_slave_driver.o
 .ARM.attributes
                0x00000326       0x39 ./SDK/platform/drivers/src/pins/pins_driver.o
 .ARM.attributes
                0x0000035f       0x39 ./SDK/platform/drivers/src/pins/pins_port_hw_access.o
 .ARM.attributes
                0x00000398       0x39 ./SDK/rtos/FreeRTOS_S32K/Source/list.o
 .ARM.attributes
                0x000003d1       0x39 ./SDK/rtos/FreeRTOS_S32K/Source/queue.o
 .ARM.attributes
                0x0000040a       0x39 ./SDK/rtos/FreeRTOS_S32K/Source/tasks.o
 .ARM.attributes
                0x00000443       0x39 ./SDK/rtos/FreeRTOS_S32K/Source/timers.o
 .ARM.attributes
                0x0000047c       0x39 ./SDK/rtos/FreeRTOS_S32K/Source/portable/GCC/ARM_CM4F/port.o
 .ARM.attributes
                0x000004b5       0x39 ./SDK/rtos/FreeRTOS_S32K/Source/portable/MemMang/heap_2.o
 .ARM.attributes
                0x000004ee       0x39 ./SDK/rtos/osif/osif_freertos.o
 .ARM.attributes
                0x00000527       0x39 ./Sources/main.o
 .ARM.attributes
                0x00000560       0x39 ./Sources/rtos.o
 .ARM.attributes
                0x00000599       0x39 ./Sources/task_SPI_master.o
 .ARM.attributes
                0x000005d2       0x39 ./Sources/util.o
 .ARM.attributes
                0x0000060b       0x34 C:/Programs/NXP/S32DS_ARM_v2.2/S32DS/build_tools/gcc_v6.3/gcc-6.3-arm32-eabi/arm-none-eabi/newlib/lib/thumb/v7e-m/fpv4-sp/hard\libc_nano.a(lib_a-impure.o)
 .ARM.attributes
                0x0000063f       0x34 C:/Programs/NXP/S32DS_ARM_v2.2/S32DS/build_tools/gcc_v6.3/gcc-6.3-arm32-eabi/arm-none-eabi/newlib/lib/thumb/v7e-m/fpv4-sp/hard\libc_nano.a(lib_a-memcpy-stub.o)
 .ARM.attributes
                0x00000673       0x34 C:/Programs/NXP/S32DS_ARM_v2.2/S32DS/build_tools/gcc_v6.3/gcc-6.3-arm32-eabi/arm-none-eabi/newlib/lib/thumb/v7e-m/fpv4-sp/hard\libc_nano.a(lib_a-memset.o)
 .ARM.attributes
                0x000006a7       0x34 C:/Programs/NXP/S32DS_ARM_v2.2/S32DS/build_tools/gcc_v6.3/gcc-6.3-arm32-eabi/arm-none-eabi/newlib/lib/thumb/v7e-m/fpv4-sp/hard\libc_nano.a(lib_a-puts.o)
 .ARM.attributes
                0x000006db       0x34 C:/Programs/NXP/S32DS_ARM_v2.2/S32DS/build_tools/gcc_v6.3/gcc-6.3-arm32-eabi/arm-none-eabi/newlib/lib/thumb/v7e-m/fpv4-sp/hard\libc_nano.a(lib_a-wbuf.o)
 .ARM.attributes
                0x0000070f       0x34 C:/Programs/NXP/S32DS_ARM_v2.2/S32DS/build_tools/gcc_v6.3/gcc-6.3-arm32-eabi/arm-none-eabi/newlib/lib/thumb/v7e-m/fpv4-sp/hard\libc_nano.a(lib_a-wsetup.o)
 .ARM.attributes
                0x00000743       0x34 C:/Programs/NXP/S32DS_ARM_v2.2/S32DS/build_tools/gcc_v6.3/gcc-6.3-arm32-eabi/arm-none-eabi/newlib/lib/thumb/v7e-m/fpv4-sp/hard\libc_nano.a(lib_a-fflush.o)
 .ARM.attributes
                0x00000777       0x34 C:/Programs/NXP/S32DS_ARM_v2.2/S32DS/build_tools/gcc_v6.3/gcc-6.3-arm32-eabi/arm-none-eabi/newlib/lib/thumb/v7e-m/fpv4-sp/hard\libc_nano.a(lib_a-findfp.o)
 .ARM.attributes
                0x000007ab       0x34 C:/Programs/NXP/S32DS_ARM_v2.2/S32DS/build_tools/gcc_v6.3/gcc-6.3-arm32-eabi/arm-none-eabi/newlib/lib/thumb/v7e-m/fpv4-sp/hard\libc_nano.a(lib_a-fwalk.o)
 .ARM.attributes
                0x000007df       0x34 C:/Programs/NXP/S32DS_ARM_v2.2/S32DS/build_tools/gcc_v6.3/gcc-6.3-arm32-eabi/arm-none-eabi/newlib/lib/thumb/v7e-m/fpv4-sp/hard\libc_nano.a(lib_a-makebuf.o)
 .ARM.attributes
                0x00000813       0x34 C:/Programs/NXP/S32DS_ARM_v2.2/S32DS/build_tools/gcc_v6.3/gcc-6.3-arm32-eabi/arm-none-eabi/newlib/lib/thumb/v7e-m/fpv4-sp/hard\libc_nano.a(lib_a-nano-freer.o)
 .ARM.attributes
                0x00000847       0x34 C:/Programs/NXP/S32DS_ARM_v2.2/S32DS/build_tools/gcc_v6.3/gcc-6.3-arm32-eabi/arm-none-eabi/newlib/lib/thumb/v7e-m/fpv4-sp/hard\libc_nano.a(lib_a-nano-mallocr.o)
 .ARM.attributes
                0x0000087b       0x34 C:/Programs/NXP/S32DS_ARM_v2.2/S32DS/build_tools/gcc_v6.3/gcc-6.3-arm32-eabi/arm-none-eabi/newlib/lib/thumb/v7e-m/fpv4-sp/hard\libc_nano.a(lib_a-sbrkr.o)
 .ARM.attributes
                0x000008af       0x34 C:/Programs/NXP/S32DS_ARM_v2.2/S32DS/build_tools/gcc_v6.3/gcc-6.3-arm32-eabi/arm-none-eabi/newlib/lib/thumb/v7e-m/fpv4-sp/hard\libc_nano.a(lib_a-stdio.o)
 .ARM.attributes
                0x000008e3       0x34 C:/Programs/NXP/S32DS_ARM_v2.2/S32DS/build_tools/gcc_v6.3/gcc-6.3-arm32-eabi/arm-none-eabi/newlib/lib/thumb/v7e-m/fpv4-sp/hard\libc_nano.a(lib_a-writer.o)
 .ARM.attributes
                0x00000917       0x34 C:/Programs/NXP/S32DS_ARM_v2.2/S32DS/build_tools/gcc_v6.3/gcc-6.3-arm32-eabi/arm-none-eabi/newlib/lib/thumb/v7e-m/fpv4-sp/hard\libc_nano.a(lib_a-closer.o)
 .ARM.attributes
                0x0000094b       0x34 C:/Programs/NXP/S32DS_ARM_v2.2/S32DS/build_tools/gcc_v6.3/gcc-6.3-arm32-eabi/arm-none-eabi/newlib/lib/thumb/v7e-m/fpv4-sp/hard\libc_nano.a(lib_a-fstatr.o)
 .ARM.attributes
                0x0000097f       0x34 C:/Programs/NXP/S32DS_ARM_v2.2/S32DS/build_tools/gcc_v6.3/gcc-6.3-arm32-eabi/arm-none-eabi/newlib/lib/thumb/v7e-m/fpv4-sp/hard\libc_nano.a(lib_a-isattyr.o)
 .ARM.attributes
                0x000009b3       0x34 C:/Programs/NXP/S32DS_ARM_v2.2/S32DS/build_tools/gcc_v6.3/gcc-6.3-arm32-eabi/arm-none-eabi/newlib/lib/thumb/v7e-m/fpv4-sp/hard\libc_nano.a(lib_a-lseekr.o)
 .ARM.attributes
                0x000009e7       0x34 C:/Programs/NXP/S32DS_ARM_v2.2/S32DS/build_tools/gcc_v6.3/gcc-6.3-arm32-eabi/arm-none-eabi/newlib/lib/thumb/v7e-m/fpv4-sp/hard\libc_nano.a(lib_a-mlock.o)
 .ARM.attributes
                0x00000a1b       0x34 C:/Programs/NXP/S32DS_ARM_v2.2/S32DS/build_tools/gcc_v6.3/gcc-6.3-arm32-eabi/arm-none-eabi/newlib/lib/thumb/v7e-m/fpv4-sp/hard\libc_nano.a(lib_a-readr.o)
 .ARM.attributes
                0x00000a4f       0x34 C:/Programs/NXP/S32DS_ARM_v2.2/S32DS/build_tools/gcc_v6.3/gcc-6.3-arm32-eabi/arm-none-eabi/newlib/lib/thumb/v7e-m/fpv4-sp/hard\libc_nano.a(lib_a-reent.o)
 .ARM.attributes
                0x00000a83       0x34 C:/Programs/NXP/S32DS_ARM_v2.2/S32DS/build_tools/gcc_v6.3/gcc-6.3-arm32-eabi/arm-none-eabi/newlib/lib/thumb/v7e-m/fpv4-sp/hard\libnosys.a(close.o)
 .ARM.attributes
                0x00000ab7       0x34 C:/Programs/NXP/S32DS_ARM_v2.2/S32DS/build_tools/gcc_v6.3/gcc-6.3-arm32-eabi/arm-none-eabi/newlib/lib/thumb/v7e-m/fpv4-sp/hard\libnosys.a(fstat.o)
 .ARM.attributes
                0x00000aeb       0x34 C:/Programs/NXP/S32DS_ARM_v2.2/S32DS/build_tools/gcc_v6.3/gcc-6.3-arm32-eabi/arm-none-eabi/newlib/lib/thumb/v7e-m/fpv4-sp/hard\libnosys.a(isatty.o)
 .ARM.attributes
                0x00000b1f       0x34 C:/Programs/NXP/S32DS_ARM_v2.2/S32DS/build_tools/gcc_v6.3/gcc-6.3-arm32-eabi/arm-none-eabi/newlib/lib/thumb/v7e-m/fpv4-sp/hard\libnosys.a(lseek.o)
 .ARM.attributes
                0x00000b53       0x34 C:/Programs/NXP/S32DS_ARM_v2.2/S32DS/build_tools/gcc_v6.3/gcc-6.3-arm32-eabi/arm-none-eabi/newlib/lib/thumb/v7e-m/fpv4-sp/hard\libnosys.a(read.o)
 .ARM.attributes
                0x00000b87       0x34 C:/Programs/NXP/S32DS_ARM_v2.2/S32DS/build_tools/gcc_v6.3/gcc-6.3-arm32-eabi/arm-none-eabi/newlib/lib/thumb/v7e-m/fpv4-sp/hard\libnosys.a(sbrk.o)
                0x00000001                ASSERT ((__rom_end <= (ORIGIN (m_text) + LENGTH (m_text))), Region m_text overflowed!)
                0x00000001                ASSERT ((__StackLimit >= __HeapLimit), region m_data_2 overflowed with stack and heap)
OUTPUT(freertos_s32k144.elf elf32-littlearm)

.debug_info     0x00000000    0x2ac5f
 .debug_info    0x00000000     0x2491 ./Generated_Code/clockMan1.o
 .debug_info    0x00002491       0x26 ./Project_Settings/Startup_Code/startup_S32K144.o
 .debug_info    0x000024b7      0x521 ./SDK/platform/devices/S32K144/startup/system_S32K144.o
 .debug_info    0x000029d8      0x2ad ./SDK/platform/devices/startup.o
 .debug_info    0x00002c85     0x60a9 ./SDK/platform/drivers/src/clock/S32K1xx/clock_S32K1xx.o
 .debug_info    0x00008d2e     0x479e ./SDK/platform/drivers/src/edma/edma_driver.o
 .debug_info    0x0000d4cc      0xa55 ./SDK/platform/drivers/src/edma/edma_hw_access.o
 .debug_info    0x0000df21      0x6db ./SDK/platform/drivers/src/edma/edma_irq.o
 .debug_info    0x0000e5fc      0xc99 ./SDK/platform/drivers/src/interrupt/interrupt_manager.o
 .debug_info    0x0000f295     0x13b7 ./SDK/platform/drivers/src/lpspi/lpspi_hw_access.o
 .debug_info    0x0001064c      0x799 ./SDK/platform/drivers/src/lpspi/lpspi_irq.o
 .debug_info    0x00010de5     0x2fca ./SDK/platform/drivers/src/lpspi/lpspi_master_driver.o
 .debug_info    0x00013daf      0xba6 ./SDK/platform/drivers/src/lpspi/lpspi_shared_function.o
 .debug_info    0x00014955     0x2620 ./SDK/platform/drivers/src/lpspi/lpspi_slave_driver.o
 .debug_info    0x00016f75     0x14ba ./SDK/platform/drivers/src/pins/pins_driver.o
 .debug_info    0x0001842f      0x9a5 ./SDK/platform/drivers/src/pins/pins_port_hw_access.o
 .debug_info    0x00018dd4      0xaa8 ./SDK/rtos/FreeRTOS_S32K/Source/list.o
 .debug_info    0x0001987c     0x276a ./SDK/rtos/FreeRTOS_S32K/Source/queue.o
 .debug_info    0x0001bfe6     0x313f ./SDK/rtos/FreeRTOS_S32K/Source/tasks.o
 .debug_info    0x0001f125     0x1a95 ./SDK/rtos/FreeRTOS_S32K/Source/timers.o
 .debug_info    0x00020bba      0x560 ./SDK/rtos/FreeRTOS_S32K/Source/portable/GCC/ARM_CM4F/port.o
 .debug_info    0x0002111a      0xb85 ./SDK/rtos/FreeRTOS_S32K/Source/portable/MemMang/heap_2.o
 .debug_info    0x00021c9f      0xb61 ./SDK/rtos/osif/osif_freertos.o
 .debug_info    0x00022800     0x239b ./Sources/main.o
 .debug_info    0x00024b9b     0x2a8b ./Sources/rtos.o
 .debug_info    0x00027626     0x2c34 ./Sources/task_SPI_master.o
 .debug_info    0x0002a25a      0xa05 ./Sources/util.o

.debug_abbrev   0x00000000     0x425e
 .debug_abbrev  0x00000000      0x15e ./Generated_Code/clockMan1.o
 .debug_abbrev  0x0000015e       0x14 ./Project_Settings/Startup_Code/startup_S32K144.o
 .debug_abbrev  0x00000172      0x141 ./SDK/platform/devices/S32K144/startup/system_S32K144.o
 .debug_abbrev  0x000002b3       0xe1 ./SDK/platform/devices/startup.o
 .debug_abbrev  0x00000394      0x409 ./SDK/platform/drivers/src/clock/S32K1xx/clock_S32K1xx.o
 .debug_abbrev  0x0000079d      0x412 ./SDK/platform/drivers/src/edma/edma_driver.o
 .debug_abbrev  0x00000baf      0x240 ./SDK/platform/drivers/src/edma/edma_hw_access.o
 .debug_abbrev  0x00000def      0x1b9 ./SDK/platform/drivers/src/edma/edma_irq.o
 .debug_abbrev  0x00000fa8      0x278 ./SDK/platform/drivers/src/interrupt/interrupt_manager.o
 .debug_abbrev  0x00001220      0x2a8 ./SDK/platform/drivers/src/lpspi/lpspi_hw_access.o
 .debug_abbrev  0x000014c8      0x15e ./SDK/platform/drivers/src/lpspi/lpspi_irq.o
 .debug_abbrev  0x00001626      0x3fe ./SDK/platform/drivers/src/lpspi/lpspi_master_driver.o
 .debug_abbrev  0x00001a24      0x258 ./SDK/platform/drivers/src/lpspi/lpspi_shared_function.o
 .debug_abbrev  0x00001c7c      0x3ed ./SDK/platform/drivers/src/lpspi/lpspi_slave_driver.o
 .debug_abbrev  0x00002069      0x2f6 ./SDK/platform/drivers/src/pins/pins_driver.o
 .debug_abbrev  0x0000235f      0x232 ./SDK/platform/drivers/src/pins/pins_port_hw_access.o
 .debug_abbrev  0x00002591      0x1da ./SDK/rtos/FreeRTOS_S32K/Source/list.o
 .debug_abbrev  0x0000276b      0x3b0 ./SDK/rtos/FreeRTOS_S32K/Source/queue.o
 .debug_abbrev  0x00002b1b      0x3d4 ./SDK/rtos/FreeRTOS_S32K/Source/tasks.o
 .debug_abbrev  0x00002eef      0x387 ./SDK/rtos/FreeRTOS_S32K/Source/timers.o
 .debug_abbrev  0x00003276      0x22a ./SDK/rtos/FreeRTOS_S32K/Source/portable/GCC/ARM_CM4F/port.o
 .debug_abbrev  0x000034a0      0x29e ./SDK/rtos/FreeRTOS_S32K/Source/portable/MemMang/heap_2.o
 .debug_abbrev  0x0000373e      0x271 ./SDK/rtos/osif/osif_freertos.o
 .debug_abbrev  0x000039af      0x191 ./Sources/main.o
 .debug_abbrev  0x00003b40      0x2b7 ./Sources/rtos.o
 .debug_abbrev  0x00003df7      0x25b ./Sources/task_SPI_master.o
 .debug_abbrev  0x00004052      0x20c ./Sources/util.o

.debug_aranges  0x00000000      0xcf8
 .debug_aranges
                0x00000000       0x18 ./Generated_Code/clockMan1.o
 .debug_aranges
                0x00000018       0x20 ./Project_Settings/Startup_Code/startup_S32K144.o
 .debug_aranges
                0x00000038       0x30 ./SDK/platform/devices/S32K144/startup/system_S32K144.o
 .debug_aranges
                0x00000068       0x20 ./SDK/platform/devices/startup.o
 .debug_aranges
                0x00000088      0x120 ./SDK/platform/drivers/src/clock/S32K1xx/clock_S32K1xx.o
 .debug_aranges
                0x000001a8      0x140 ./SDK/platform/drivers/src/edma/edma_driver.o
 .debug_aranges
                0x000002e8       0x88 ./SDK/platform/drivers/src/edma/edma_hw_access.o
 .debug_aranges
                0x00000370       0xa0 ./SDK/platform/drivers/src/edma/edma_irq.o
 .debug_aranges
                0x00000410       0x70 ./SDK/platform/drivers/src/interrupt/interrupt_manager.o
 .debug_aranges
                0x00000480       0x70 ./SDK/platform/drivers/src/lpspi/lpspi_hw_access.o
 .debug_aranges
                0x000004f0       0x30 ./SDK/platform/drivers/src/lpspi/lpspi_irq.o
 .debug_aranges
                0x00000520       0x90 ./SDK/platform/drivers/src/lpspi/lpspi_master_driver.o
 .debug_aranges
                0x000005b0       0x38 ./SDK/platform/drivers/src/lpspi/lpspi_shared_function.o
 .debug_aranges
                0x000005e8       0x60 ./SDK/platform/drivers/src/lpspi/lpspi_slave_driver.o
 .debug_aranges
                0x00000648       0xe0 ./SDK/platform/drivers/src/pins/pins_driver.o
 .debug_aranges
                0x00000728       0x40 ./SDK/platform/drivers/src/pins/pins_port_hw_access.o
 .debug_aranges
                0x00000768       0x40 ./SDK/rtos/FreeRTOS_S32K/Source/list.o
 .debug_aranges
                0x000007a8      0x108 ./SDK/rtos/FreeRTOS_S32K/Source/queue.o
 .debug_aranges
                0x000008b0      0x1b0 ./SDK/rtos/FreeRTOS_S32K/Source/tasks.o
 .debug_aranges
                0x00000a60       0x98 ./SDK/rtos/FreeRTOS_S32K/Source/timers.o
 .debug_aranges
                0x00000af8       0x80 ./SDK/rtos/FreeRTOS_S32K/Source/portable/GCC/ARM_CM4F/port.o
 .debug_aranges
                0x00000b78       0x38 ./SDK/rtos/FreeRTOS_S32K/Source/portable/MemMang/heap_2.o
 .debug_aranges
                0x00000bb0       0x68 ./SDK/rtos/osif/osif_freertos.o
 .debug_aranges
                0x00000c18       0x20 ./Sources/main.o
 .debug_aranges
                0x00000c38       0x78 ./Sources/rtos.o
 .debug_aranges
                0x00000cb0       0x28 ./Sources/task_SPI_master.o
 .debug_aranges
                0x00000cd8       0x20 ./Sources/util.o

.debug_macro    0x00000000    0x124cc
 .debug_macro   0x00000000      0x21a ./Generated_Code/clockMan1.o
 .debug_macro   0x0000021a     0xed32 ./Generated_Code/clockMan1.o
 .debug_macro   0x0000ef4c       0x10 ./Generated_Code/clockMan1.o
 .debug_macro   0x0000ef5c       0x10 ./Generated_Code/clockMan1.o
 .debug_macro   0x0000ef6c       0xb6 ./SDK/platform/devices/S32K144/startup/system_S32K144.o
 .debug_macro   0x0000f022       0xb6 ./SDK/platform/devices/startup.o
 .debug_macro   0x0000f0d8       0x40 ./SDK/platform/devices/startup.o
 .debug_macro   0x0000f118      0x2a4 ./SDK/platform/drivers/src/clock/S32K1xx/clock_S32K1xx.o
 .debug_macro   0x0000f3bc       0xf7 ./SDK/platform/drivers/src/edma/edma_driver.o
 .debug_macro   0x0000f4b3       0xcc ./SDK/platform/drivers/src/edma/edma_hw_access.o
 .debug_macro   0x0000f57f       0xd0 ./SDK/platform/drivers/src/edma/edma_irq.o
 .debug_macro   0x0000f64f       0xca ./SDK/platform/drivers/src/interrupt/interrupt_manager.o
 .debug_macro   0x0000f719      0x179 ./SDK/platform/drivers/src/lpspi/lpspi_hw_access.o
 .debug_macro   0x0000f892      0x1a5 ./SDK/platform/drivers/src/lpspi/lpspi_irq.o
 .debug_macro   0x0000fa37       0x4c ./SDK/platform/drivers/src/lpspi/lpspi_irq.o
 .debug_macro   0x0000fa83       0x55 ./SDK/platform/drivers/src/lpspi/lpspi_irq.o
 .debug_macro   0x0000fad8       0x3c ./SDK/platform/drivers/src/lpspi/lpspi_irq.o
 .debug_macro   0x0000fb14       0x9c ./SDK/platform/drivers/src/lpspi/lpspi_irq.o
 .debug_macro   0x0000fbb0       0x16 ./SDK/platform/drivers/src/lpspi/lpspi_irq.o
 .debug_macro   0x0000fbc6       0x57 ./SDK/platform/drivers/src/lpspi/lpspi_irq.o
 .debug_macro   0x0000fc1d      0x244 ./SDK/platform/drivers/src/lpspi/lpspi_master_driver.o
 .debug_macro   0x0000fe61       0x52 ./SDK/platform/drivers/src/lpspi/lpspi_master_driver.o
 .debug_macro   0x0000feb3       0x1f ./SDK/platform/drivers/src/lpspi/lpspi_master_driver.o
 .debug_macro   0x0000fed2       0x43 ./SDK/platform/drivers/src/lpspi/lpspi_master_driver.o
 .debug_macro   0x0000ff15       0x20 ./SDK/platform/drivers/src/lpspi/lpspi_master_driver.o
 .debug_macro   0x0000ff35      0x1a3 ./SDK/platform/drivers/src/lpspi/lpspi_master_driver.o
 .debug_macro   0x000100d8      0x330 ./SDK/platform/drivers/src/lpspi/lpspi_master_driver.o
 .debug_macro   0x00010408       0x10 ./SDK/platform/drivers/src/lpspi/lpspi_master_driver.o
 .debug_macro   0x00010418       0x35 ./SDK/platform/drivers/src/lpspi/lpspi_master_driver.o
 .debug_macro   0x0001044d      0x1ad ./SDK/platform/drivers/src/lpspi/lpspi_shared_function.o
 .debug_macro   0x000105fa      0x23e ./SDK/platform/drivers/src/lpspi/lpspi_slave_driver.o
 .debug_macro   0x00010838       0xde ./SDK/platform/drivers/src/pins/pins_driver.o
 .debug_macro   0x00010916       0xde ./SDK/platform/drivers/src/pins/pins_port_hw_access.o
 .debug_macro   0x000109f4      0x172 ./SDK/rtos/FreeRTOS_S32K/Source/list.o
 .debug_macro   0x00010b66      0x1e4 ./SDK/rtos/FreeRTOS_S32K/Source/queue.o
 .debug_macro   0x00010d4a       0x16 ./SDK/rtos/FreeRTOS_S32K/Source/queue.o
 .debug_macro   0x00010d60      0x2b0 ./SDK/rtos/FreeRTOS_S32K/Source/tasks.o
 .debug_macro   0x00011010       0x10 ./SDK/rtos/FreeRTOS_S32K/Source/tasks.o
 .debug_macro   0x00011020       0x1c ./SDK/rtos/FreeRTOS_S32K/Source/tasks.o
 .debug_macro   0x0001103c       0x10 ./SDK/rtos/FreeRTOS_S32K/Source/tasks.o
 .debug_macro   0x0001104c       0x10 ./SDK/rtos/FreeRTOS_S32K/Source/tasks.o
 .debug_macro   0x0001105c       0xb6 ./SDK/rtos/FreeRTOS_S32K/Source/tasks.o
 .debug_macro   0x00011112       0x16 ./SDK/rtos/FreeRTOS_S32K/Source/tasks.o
 .debug_macro   0x00011128      0x130 ./SDK/rtos/FreeRTOS_S32K/Source/tasks.o
 .debug_macro   0x00011258      0x1b5 ./SDK/rtos/FreeRTOS_S32K/Source/timers.o
 .debug_macro   0x0001140d      0x196 ./SDK/rtos/FreeRTOS_S32K/Source/portable/GCC/ARM_CM4F/port.o
 .debug_macro   0x000115a3      0x19f ./SDK/rtos/FreeRTOS_S32K/Source/portable/MemMang/heap_2.o
 .debug_macro   0x00011742      0x155 ./SDK/rtos/osif/osif_freertos.o
 .debug_macro   0x00011897      0x22b ./Sources/main.o
 .debug_macro   0x00011ac2      0x2aa ./Sources/rtos.o
 .debug_macro   0x00011d6c       0x4c ./Sources/rtos.o
 .debug_macro   0x00011db8       0x22 ./Sources/rtos.o
 .debug_macro   0x00011dda      0x358 ./Sources/task_SPI_master.o
 .debug_macro   0x00012132       0x16 ./Sources/task_SPI_master.o
 .debug_macro   0x00012148       0x97 ./Sources/task_SPI_master.o
 .debug_macro   0x000121df       0xf6 ./Sources/task_SPI_master.o
 .debug_macro   0x000122d5       0x22 ./Sources/task_SPI_master.o
 .debug_macro   0x000122f7      0x1b9 ./Sources/util.o
 .debug_macro   0x000124b0       0x1c ./Sources/util.o

.debug_line     0x00000000     0xe70c
 .debug_line    0x00000000      0x8c0 ./Generated_Code/clockMan1.o
 .debug_line    0x000008c0       0xda ./Project_Settings/Startup_Code/startup_S32K144.o
 .debug_line    0x0000099a      0x494 ./SDK/platform/devices/S32K144/startup/system_S32K144.o
 .debug_line    0x00000e2e      0x413 ./SDK/platform/devices/startup.o
 .debug_line    0x00001241     0x1543 ./SDK/platform/drivers/src/clock/S32K1xx/clock_S32K1xx.o
 .debug_line    0x00002784     0x1117 ./SDK/platform/drivers/src/edma/edma_driver.o
 .debug_line    0x0000389b      0x696 ./SDK/platform/drivers/src/edma/edma_hw_access.o
 .debug_line    0x00003f31      0x5fd ./SDK/platform/drivers/src/edma/edma_irq.o
 .debug_line    0x0000452e      0x628 ./SDK/platform/drivers/src/interrupt/interrupt_manager.o
 .debug_line    0x00004b56      0x8fb ./SDK/platform/drivers/src/lpspi/lpspi_hw_access.o
 .debug_line    0x00005451      0x7f1 ./SDK/platform/drivers/src/lpspi/lpspi_irq.o
 .debug_line    0x00005c42      0xce7 ./SDK/platform/drivers/src/lpspi/lpspi_master_driver.o
 .debug_line    0x00006929      0x8cf ./SDK/platform/drivers/src/lpspi/lpspi_shared_function.o
 .debug_line    0x000071f8      0xb76 ./SDK/platform/drivers/src/lpspi/lpspi_slave_driver.o
 .debug_line    0x00007d6e      0x76f ./SDK/platform/drivers/src/pins/pins_driver.o
 .debug_line    0x000084dd      0x62e ./SDK/platform/drivers/src/pins/pins_port_hw_access.o
 .debug_line    0x00008b0b      0x551 ./SDK/rtos/FreeRTOS_S32K/Source/list.o
 .debug_line    0x0000905c      0xb74 ./SDK/rtos/FreeRTOS_S32K/Source/queue.o
 .debug_line    0x00009bd0      0xf3c ./SDK/rtos/FreeRTOS_S32K/Source/tasks.o
 .debug_line    0x0000ab0c      0x77f ./SDK/rtos/FreeRTOS_S32K/Source/timers.o
 .debug_line    0x0000b28b      0x593 ./SDK/rtos/FreeRTOS_S32K/Source/portable/GCC/ARM_CM4F/port.o
 .debug_line    0x0000b81e      0x58a ./SDK/rtos/FreeRTOS_S32K/Source/portable/MemMang/heap_2.o
 .debug_line    0x0000bda8      0x75d ./SDK/rtos/osif/osif_freertos.o
 .debug_line    0x0000c505      0x8ca ./Sources/main.o
 .debug_line    0x0000cdcf      0xa1c ./Sources/rtos.o
 .debug_line    0x0000d7eb      0xa05 ./Sources/task_SPI_master.o
 .debug_line    0x0000e1f0      0x51c ./Sources/util.o

.debug_str      0x00000000    0x7d550
 .debug_str     0x00000000    0x6fce4 ./Generated_Code/clockMan1.o
                              0x7020e (size before relaxing)
 .debug_str     0x0006fce4       0xd0 ./Project_Settings/Startup_Code/startup_S32K144.o
 .debug_str     0x0006fdb4      0x1f5 ./SDK/platform/devices/S32K144/startup/system_S32K144.o
                              0x68865 (size before relaxing)
 .debug_str     0x0006ffa9      0x3a7 ./SDK/platform/devices/startup.o
                              0x689d7 (size before relaxing)
 .debug_str     0x00070350     0x1e05 ./SDK/platform/drivers/src/clock/S32K1xx/clock_S32K1xx.o
                              0x6ca00 (size before relaxing)
 .debug_str     0x00072155     0x1231 ./SDK/platform/drivers/src/edma/edma_driver.o
                              0x6b76e (size before relaxing)
 .debug_str     0x00073386       0x86 ./SDK/platform/drivers/src/edma/edma_hw_access.o
                              0x68f36 (size before relaxing)
 .debug_str     0x0007340c      0x1a2 ./SDK/platform/drivers/src/edma/edma_irq.o
                              0x68c41 (size before relaxing)
 .debug_str     0x000735ae      0x1ce ./SDK/platform/drivers/src/interrupt/interrupt_manager.o
                              0x69160 (size before relaxing)
 .debug_str     0x0007377c      0x544 ./SDK/platform/drivers/src/lpspi/lpspi_hw_access.o
                              0x6e1a8 (size before relaxing)
 .debug_str     0x00073cc0      0x532 ./SDK/platform/drivers/src/lpspi/lpspi_irq.o
                              0x6d424 (size before relaxing)
 .debug_str     0x000741f2     0x3239 ./SDK/platform/drivers/src/lpspi/lpspi_master_driver.o
                              0x718ca (size before relaxing)
 .debug_str     0x0007742b      0x124 ./SDK/platform/drivers/src/lpspi/lpspi_shared_function.o
                              0x6d67b (size before relaxing)
 .debug_str     0x0007754f      0x194 ./SDK/platform/drivers/src/lpspi/lpspi_slave_driver.o
                              0x7128b (size before relaxing)
 .debug_str     0x000776e3      0x64e ./SDK/platform/drivers/src/pins/pins_driver.o
                              0x69b33 (size before relaxing)
 .debug_str     0x00077d31      0x1e2 ./SDK/platform/drivers/src/pins/pins_port_hw_access.o
                              0x6901b (size before relaxing)
 .debug_str     0x00077f13      0x9b0 ./SDK/rtos/FreeRTOS_S32K/Source/list.o
                               0x9ff0 (size before relaxing)
 .debug_str     0x000788c3     0x1037 ./SDK/rtos/FreeRTOS_S32K/Source/queue.o
                               0xb714 (size before relaxing)
 .debug_str     0x000798fa     0x236b ./SDK/rtos/FreeRTOS_S32K/Source/tasks.o
                               0xcc5b (size before relaxing)
 .debug_str     0x0007bc65      0x528 ./SDK/rtos/FreeRTOS_S32K/Source/timers.o
                               0xbb38 (size before relaxing)
 .debug_str     0x0007c18d      0x7b9 ./SDK/rtos/FreeRTOS_S32K/Source/portable/GCC/ARM_CM4F/port.o
                               0x7b7d (size before relaxing)
 .debug_str     0x0007c946      0x3a7 ./SDK/rtos/FreeRTOS_S32K/Source/portable/MemMang/heap_2.o
                               0xa869 (size before relaxing)
 .debug_str     0x0007cced      0x1bf ./SDK/rtos/osif/osif_freertos.o
                              0x6dd83 (size before relaxing)
 .debug_str     0x0007ceac       0x3b ./Sources/main.o
                              0x6fd9e (size before relaxing)
 .debug_str     0x0007cee7      0x3c6 ./Sources/rtos.o
                              0x718f9 (size before relaxing)
 .debug_str     0x0007d2ad       0xd1 ./Sources/task_SPI_master.o
                              0x73872 (size before relaxing)
 .debug_str     0x0007d37e      0x1d2 ./Sources/util.o
                               0xa70a (size before relaxing)

.comment        0x00000000       0xa0
 .comment       0x00000000       0xa0 ./Generated_Code/clockMan1.o
                                 0xa1 (size before relaxing)
 .comment       0x000000a0       0xa1 ./SDK/platform/devices/S32K144/startup/system_S32K144.o
 .comment       0x000000a0       0xa1 ./SDK/platform/devices/startup.o
 .comment       0x000000a0       0xa1 ./SDK/platform/drivers/src/clock/S32K1xx/clock_S32K1xx.o
 .comment       0x000000a0       0xa1 ./SDK/platform/drivers/src/edma/edma_driver.o
 .comment       0x000000a0       0xa1 ./SDK/platform/drivers/src/edma/edma_hw_access.o
 .comment       0x000000a0       0xa1 ./SDK/platform/drivers/src/edma/edma_irq.o
 .comment       0x000000a0       0xa1 ./SDK/platform/drivers/src/interrupt/interrupt_manager.o
 .comment       0x000000a0       0xa1 ./SDK/platform/drivers/src/lpspi/lpspi_hw_access.o
 .comment       0x000000a0       0xa1 ./SDK/platform/drivers/src/lpspi/lpspi_irq.o
 .comment       0x000000a0       0xa1 ./SDK/platform/drivers/src/lpspi/lpspi_master_driver.o
 .comment       0x000000a0       0xa1 ./SDK/platform/drivers/src/lpspi/lpspi_shared_function.o
 .comment       0x000000a0       0xa1 ./SDK/platform/drivers/src/lpspi/lpspi_slave_driver.o
 .comment       0x000000a0       0xa1 ./SDK/platform/drivers/src/pins/pins_driver.o
 .comment       0x000000a0       0xa1 ./SDK/platform/drivers/src/pins/pins_port_hw_access.o
 .comment       0x000000a0       0xa1 ./SDK/rtos/FreeRTOS_S32K/Source/list.o
 .comment       0x000000a0       0xa1 ./SDK/rtos/FreeRTOS_S32K/Source/queue.o
 .comment       0x000000a0       0xa1 ./SDK/rtos/FreeRTOS_S32K/Source/tasks.o
 .comment       0x000000a0       0xa1 ./SDK/rtos/FreeRTOS_S32K/Source/timers.o
 .comment       0x000000a0       0xa1 ./SDK/rtos/FreeRTOS_S32K/Source/portable/GCC/ARM_CM4F/port.o
 .comment       0x000000a0       0xa1 ./SDK/rtos/FreeRTOS_S32K/Source/portable/MemMang/heap_2.o
 .comment       0x000000a0       0xa1 ./SDK/rtos/osif/osif_freertos.o
 .comment       0x000000a0       0xa1 ./Sources/main.o
 .comment       0x000000a0       0xa1 ./Sources/rtos.o
 .comment       0x000000a0       0xa1 ./Sources/task_SPI_master.o
 .comment       0x000000a0       0xa1 ./Sources/util.o

.debug_loc      0x00000000    0x11354
 .debug_loc     0x00000000       0xeb ./SDK/platform/devices/S32K144/startup/system_S32K144.o
 .debug_loc     0x000000eb       0xec ./SDK/platform/devices/startup.o
 .debug_loc     0x000001d7     0x4e54 ./SDK/platform/drivers/src/clock/S32K1xx/clock_S32K1xx.o
 .debug_loc     0x0000502b     0x3274 ./SDK/platform/drivers/src/edma/edma_driver.o
 .debug_loc     0x0000829f      0x7b9 ./SDK/platform/drivers/src/edma/edma_hw_access.o
 .debug_loc     0x00008a58       0x50 ./SDK/platform/drivers/src/edma/edma_irq.o
 .debug_loc     0x00008aa8      0x678 ./SDK/platform/drivers/src/interrupt/interrupt_manager.o
 .debug_loc     0x00009120      0x821 ./SDK/platform/drivers/src/lpspi/lpspi_hw_access.o
 .debug_loc     0x00009941     0x1580 ./SDK/platform/drivers/src/lpspi/lpspi_master_driver.o
 .debug_loc     0x0000aec1      0x365 ./SDK/platform/drivers/src/lpspi/lpspi_shared_function.o
 .debug_loc     0x0000b226      0xcfc ./SDK/platform/drivers/src/lpspi/lpspi_slave_driver.o
 .debug_loc     0x0000bf22      0x7c7 ./SDK/platform/drivers/src/pins/pins_driver.o
 .debug_loc     0x0000c6e9      0x639 ./SDK/platform/drivers/src/pins/pins_port_hw_access.o
 .debug_loc     0x0000cd22       0x65 ./SDK/rtos/FreeRTOS_S32K/Source/list.o
 .debug_loc     0x0000cd87     0x139c ./SDK/rtos/FreeRTOS_S32K/Source/queue.o
 .debug_loc     0x0000e123     0x1d88 ./SDK/rtos/FreeRTOS_S32K/Source/tasks.o
 .debug_loc     0x0000feab      0xa98 ./SDK/rtos/FreeRTOS_S32K/Source/timers.o
 .debug_loc     0x00010943       0xdc ./SDK/rtos/FreeRTOS_S32K/Source/portable/GCC/ARM_CM4F/port.o
 .debug_loc     0x00010a1f      0x2a1 ./SDK/rtos/FreeRTOS_S32K/Source/portable/MemMang/heap_2.o
 .debug_loc     0x00010cc0      0x588 ./SDK/rtos/osif/osif_freertos.o
 .debug_loc     0x00011248       0x63 ./Sources/rtos.o
 .debug_loc     0x000112ab       0x42 ./Sources/task_SPI_master.o
 .debug_loc     0x000112ed       0x67 ./Sources/util.o

.debug_ranges   0x00000000     0x1180
 .debug_ranges  0x00000000       0x20 ./SDK/platform/devices/S32K144/startup/system_S32K144.o
 .debug_ranges  0x00000020       0x10 ./SDK/platform/devices/startup.o
 .debug_ranges  0x00000030      0x358 ./SDK/platform/drivers/src/clock/S32K1xx/clock_S32K1xx.o
 .debug_ranges  0x00000388      0x190 ./SDK/platform/drivers/src/edma/edma_driver.o
 .debug_ranges  0x00000518       0x90 ./SDK/platform/drivers/src/edma/edma_hw_access.o
 .debug_ranges  0x000005a8       0x90 ./SDK/platform/drivers/src/edma/edma_irq.o
 .debug_ranges  0x00000638       0x98 ./SDK/platform/drivers/src/interrupt/interrupt_manager.o
 .debug_ranges  0x000006d0       0x78 ./SDK/platform/drivers/src/lpspi/lpspi_hw_access.o
 .debug_ranges  0x00000748       0x20 ./SDK/platform/drivers/src/lpspi/lpspi_irq.o
 .debug_ranges  0x00000768       0xe0 ./SDK/platform/drivers/src/lpspi/lpspi_master_driver.o
 .debug_ranges  0x00000848       0x28 ./SDK/platform/drivers/src/lpspi/lpspi_shared_function.o
 .debug_ranges  0x00000870       0x50 ./SDK/platform/drivers/src/lpspi/lpspi_slave_driver.o
 .debug_ranges  0x000008c0       0xd0 ./SDK/platform/drivers/src/pins/pins_driver.o
 .debug_ranges  0x00000990       0x48 ./SDK/platform/drivers/src/pins/pins_port_hw_access.o
 .debug_ranges  0x000009d8       0x30 ./SDK/rtos/FreeRTOS_S32K/Source/list.o
 .debug_ranges  0x00000a08      0x260 ./SDK/rtos/FreeRTOS_S32K/Source/queue.o
 .debug_ranges  0x00000c68      0x280 ./SDK/rtos/FreeRTOS_S32K/Source/tasks.o
 .debug_ranges  0x00000ee8       0xd8 ./SDK/rtos/FreeRTOS_S32K/Source/timers.o
 .debug_ranges  0x00000fc0       0x70 ./SDK/rtos/FreeRTOS_S32K/Source/portable/GCC/ARM_CM4F/port.o
 .debug_ranges  0x00001030       0x28 ./SDK/rtos/FreeRTOS_S32K/Source/portable/MemMang/heap_2.o
 .debug_ranges  0x00001058       0x88 ./SDK/rtos/osif/osif_freertos.o
 .debug_ranges  0x000010e0       0x10 ./Sources/main.o
 .debug_ranges  0x000010f0       0x68 ./Sources/rtos.o
 .debug_ranges  0x00001158       0x18 ./Sources/task_SPI_master.o
 .debug_ranges  0x00001170       0x10 ./Sources/util.o

.debug_frame    0x00000000     0x27fc
 .debug_frame   0x00000000       0x40 ./SDK/platform/devices/S32K144/startup/system_S32K144.o
 .debug_frame   0x00000040       0x2c ./SDK/platform/devices/startup.o
 .debug_frame   0x0000006c      0x384 ./SDK/platform/drivers/src/clock/S32K1xx/clock_S32K1xx.o
 .debug_frame   0x000003f0      0x398 ./SDK/platform/drivers/src/edma/edma_driver.o
 .debug_frame   0x00000788      0x140 ./SDK/platform/drivers/src/edma/edma_hw_access.o
 .debug_frame   0x000008c8      0x1ac ./SDK/platform/drivers/src/edma/edma_irq.o
 .debug_frame   0x00000a74       0xd8 ./SDK/platform/drivers/src/interrupt/interrupt_manager.o
 .debug_frame   0x00000b4c       0xf4 ./SDK/platform/drivers/src/lpspi/lpspi_hw_access.o
 .debug_frame   0x00000c40       0x58 ./SDK/platform/drivers/src/lpspi/lpspi_irq.o
 .debug_frame   0x00000c98      0x1c0 ./SDK/platform/drivers/src/lpspi/lpspi_master_driver.o
 .debug_frame   0x00000e58       0x90 ./SDK/platform/drivers/src/lpspi/lpspi_shared_function.o
 .debug_frame   0x00000ee8      0x118 ./SDK/platform/drivers/src/lpspi/lpspi_slave_driver.o
 .debug_frame   0x00001000      0x1e4 ./SDK/platform/drivers/src/pins/pins_driver.o
 .debug_frame   0x000011e4       0xa0 ./SDK/platform/drivers/src/pins/pins_port_hw_access.o